Component: ARM Compiler 5.06 update 7 (build 960) Tool: armlink [4d3601]

==============================================================================

Section Cross References

    api_quaternion.o(i.QuaternionEKF_A_Update) refers to rt_memclr_w.o(.text) for __aeabi_memclr4
    api_quaternion.o(i.QuaternionEKF_A_Update) refers to api_quaternion.o(i.Fast_InverseSqrt) for Fast_InverseSqrt
    api_quaternion.o(i.QuaternionEKF_ChiSqrtTest) refers to arm_mat_mult_f32.o(.text) for arm_mat_mult_f32
    api_quaternion.o(i.QuaternionEKF_ChiSqrtTest) refers to arm_mat_trans_f32.o(.text) for arm_mat_trans_f32
    api_quaternion.o(i.QuaternionEKF_ChiSqrtTest) refers to rt_memcpy_w.o(.text) for __aeabi_memcpy4
    api_quaternion.o(i.QuaternionEKF_H_Update) refers to rt_memclr_w.o(.text) for __aeabi_memclr4
    api_quaternion.o(i.QuaternionEKF_Init) refers to kalman.o(i.Kalman_Filter_Init) for Kalman_Filter_Init
    api_quaternion.o(i.QuaternionEKF_Init) refers to rt_memcpy_w.o(.text) for __aeabi_memcpy4
    api_quaternion.o(i.QuaternionEKF_Init) refers to api_quaternion.o(i.QuaternionEKF_A_Update) for QuaternionEKF_A_Update
    api_quaternion.o(i.QuaternionEKF_Init) refers to api_quaternion.o(i.QuaternionEKF_H_Update) for QuaternionEKF_H_Update
    api_quaternion.o(i.QuaternionEKF_Init) refers to api_quaternion.o(i.QuaternionEKF_xhat_Update) for QuaternionEKF_xhat_Update
    api_quaternion.o(i.QuaternionEKF_Update) refers to api_quaternion.o(i.Fast_InverseSqrt) for Fast_InverseSqrt
    api_quaternion.o(i.QuaternionEKF_Update) refers to rt_memcpy_w.o(.text) for __aeabi_memcpy4
    api_quaternion.o(i.QuaternionEKF_Update) refers to kalman.o(i.Kalman_Filter_Update) for Kalman_Filter_Update
    api_quaternion.o(i.QuaternionEKF_Update) refers to atan2f.o(i.__hardfp_atan2f) for __hardfp_atan2f
    api_quaternion.o(i.QuaternionEKF_Update) refers to asinf.o(i.__hardfp_asinf) for __hardfp_asinf
    api_quaternion.o(i.QuaternionEKF_xhat_Update) refers to arm_mat_trans_f32.o(.text) for arm_mat_trans_f32
    api_quaternion.o(i.QuaternionEKF_xhat_Update) refers to arm_mat_mult_f32.o(.text) for arm_mat_mult_f32
    api_quaternion.o(i.QuaternionEKF_xhat_Update) refers to arm_mat_add_f32.o(.text) for arm_mat_add_f32
    api_quaternion.o(i.QuaternionEKF_xhat_Update) refers to arm_mat_inverse_f32.o(.text) for arm_mat_inverse_f32
    api_quaternion.o(i.QuaternionEKF_xhat_Update) refers to acosf.o(i.__hardfp_acosf) for __hardfp_acosf
    api_quaternion.o(i.QuaternionEKF_xhat_Update) refers to arm_mat_sub_f32.o(.text) for arm_mat_sub_f32
    api_quaternion.o(i.QuaternionEKF_xhat_Update) refers to api_quaternion.o(i.QuaternionEKF_ChiSqrtTest) for QuaternionEKF_ChiSqrtTest
    api_trajectory.o(i.SolveTrajectory_Transform) refers to f2d.o(x$fpl$f2d) for __aeabi_f2d
    api_trajectory.o(i.SolveTrajectory_Transform) refers to cos.o(i.__hardfp_cos) for __hardfp_cos
    api_trajectory.o(i.SolveTrajectory_Transform) refers to dmul_clz.o(x$fpl$dmul) for __aeabi_dmul
    api_trajectory.o(i.SolveTrajectory_Transform) refers to daddsub_clz.o(x$fpl$dsub) for __aeabi_dsub
    api_trajectory.o(i.SolveTrajectory_Transform) refers to d2f_clz.o(x$fpl$d2f) for __aeabi_d2f
    api_trajectory.o(i.SolveTrajectory_Transform) refers to sin.o(i.__hardfp_sin) for __hardfp_sin
    api_trajectory.o(i.SolveTrajectory_Transform) refers to fabs.o(i.__hardfp_fabs) for __hardfp_fabs
    api_trajectory.o(i.SolveTrajectory_Transform) refers to ddiv_clz.o(x$fpl$ddiv) for __aeabi_ddiv
    api_trajectory.o(i.SolveTrajectory_Transform) refers to api_trajectory.o(i.Trajectory_Picth_Update) for Trajectory_Picth_Update
    api_trajectory.o(i.SolveTrajectory_Transform) refers to atan2.o(i.__hardfp_atan2) for __hardfp_atan2
    api_trajectory.o(i.Trajectory_BulletModel) refers to f2d.o(x$fpl$f2d) for __aeabi_f2d
    api_trajectory.o(i.Trajectory_BulletModel) refers to cos.o(i.__hardfp_cos) for __hardfp_cos
    api_trajectory.o(i.Trajectory_BulletModel) refers to dmul_clz.o(x$fpl$dmul) for __aeabi_dmul
    api_trajectory.o(i.Trajectory_BulletModel) refers to exp.o(i.__hardfp_exp) for __hardfp_exp
    api_trajectory.o(i.Trajectory_BulletModel) refers to daddsub_clz.o(x$fpl$dsub) for __aeabi_dsub
    api_trajectory.o(i.Trajectory_BulletModel) refers to ddiv_clz.o(x$fpl$ddiv) for __aeabi_ddiv
    api_trajectory.o(i.Trajectory_BulletModel) refers to d2f_clz.o(x$fpl$d2f) for __aeabi_d2f
    api_trajectory.o(i.Trajectory_BulletModel) refers to arm_sin_f32.o(.text) for arm_sin_f32
    api_trajectory.o(i.Trajectory_Picth_Update) refers to f2d.o(x$fpl$f2d) for __aeabi_f2d
    api_trajectory.o(i.Trajectory_Picth_Update) refers to atan2.o(i.__hardfp_atan2) for __hardfp_atan2
    api_trajectory.o(i.Trajectory_Picth_Update) refers to d2f_clz.o(x$fpl$d2f) for __aeabi_d2f
    api_trajectory.o(i.Trajectory_Picth_Update) refers to api_trajectory.o(i.Trajectory_BulletModel) for Trajectory_BulletModel
    api_trajectory.o(i.Trajectory_Picth_Update) refers to fabs.o(i.__hardfp_fabs) for __hardfp_fabs
[...]
    _fneg                                    0x0800cd37   Thumb Code     6  basic.o(x$fpl$basic)
    _dabs                                    0x0800cd3d   Thumb Code     6  basic.o(x$fpl$basic)
    _fabs                                    0x0800cd43   Thumb Code     6  basic.o(x$fpl$basic)
    __aeabi_d2f                              0x0800cd49   Thumb Code     0  d2f_clz.o(x$fpl$d2f)
    _d2f                                     0x0800cd49   Thumb Code   700  d2f_clz.o(x$fpl$d2f)
    __aeabi_dadd                             0x0800d00d   Thumb Code     0  daddsub_clz.o(x$fpl$dadd)
    _dadd                                    0x0800d00d   Thumb Code   580  daddsub_clz.o(x$fpl$dadd)
    __fpl_dcheck_NaN1                        0x0800d259   Thumb Code    28  dcheck1.o(x$fpl$dcheck1)
    __fpl_dcmp_Inf                           0x0800d275   Thumb Code    24  dcmpi.o(x$fpl$dcmpinf)
    __aeabi_ddiv                             0x0800d28d   Thumb Code     0  ddiv_clz.o(x$fpl$ddiv)
    _ddiv                                    0x0800d28d   Thumb Code   748  ddiv_clz.o(x$fpl$ddiv)
    __aeabi_i2d                              0x0800d609   Thumb Code     0  dflt_clz.o(x$fpl$dflt)
    _dflt                                    0x0800d609   Thumb Code    46  dflt_clz.o(x$fpl$dflt)
    __dflt_normalise                         0x0800d637   Thumb Code    26  dflt_clz.o(x$fpl$dfltn)
    __aeabi_cdcmple                          0x0800d651   Thumb Code     0  dleqf.o(x$fpl$dleqf)
    _dcmple                                  0x0800d651   Thumb Code   120  dleqf.o(x$fpl$dleqf)
    __fpl_dcmple_InfNaN                      0x0800d6a9   Thumb Code     0  dleqf.o(x$fpl$dleqf)
    __aeabi_dmul                             0x0800d6c9   Thumb Code     0  dmul_clz.o(x$fpl$dmul)
    _dmul                                    0x0800d6c9   Thumb Code   440  dmul_clz.o(x$fpl$dmul)
    __fpl_dnaninf                            0x0800d889   Thumb Code   258  dnaninf.o(x$fpl$dnaninf)
    __fpl_drenorm2                           0x0800d98b   Thumb Code   106  drenorm_clz.o(x$fpl$drenorm)
    __fpl_drenorm1                           0x0800d9f5   Thumb Code     6  drenorm_clz.o(x$fpl$drenorm)
    __fpl_dretinf                            0x0800d9fb   Thumb Code    12  dretinf.o(x$fpl$dretinf)
    __aeabi_cdrcmple                         0x0800da07   Thumb Code     0  drleqf.o(x$fpl$drleqf)
    _drcmple                                 0x0800da07   Thumb Code    98  drleqf.o(x$fpl$drleqf)
    __aeabi_drsub                            0x0800da69   Thumb Code     0  daddsub_clz.o(x$fpl$drsb)
    _drsb                                    0x0800da69   Thumb Code    74  daddsub_clz.o(x$fpl$drsb)
    _dsqrt                                   0x0800dab9   Thumb Code   520  dsqrt_umaalclz.o(x$fpl$dsqrt)
    __aeabi_dsub                             0x0800dcc1   Thumb Code     0  daddsub_clz.o(x$fpl$dsub)
    _dsub                                    0x0800dcc1   Thumb Code   664  daddsub_clz.o(x$fpl$dsub)
    __dunder                                 0x0800df5d   Thumb Code   314  dunder_clz.o(x$fpl$dunder)
    __dunder_d                               0x0800e097   Thumb Code    64  dunder_clz.o(x$fpl$dunder)
    __fpl_exception                          0x0800e0d9   Thumb Code   454  except.o(x$fpl$exception)
    __aeabi_f2d                              0x0800e2c5   Thumb Code     0  f2d.o(x$fpl$f2d)
    _f2d                                     0x0800e2c5   Thumb Code   122  f2d.o(x$fpl$f2d)
    __fpl_fnaninf                            0x0800e33f   Thumb Code   242  fnaninf.o(x$fpl$fnaninf)
    _fp_init                                 0x0800e431   Thumb Code    10  fpinit.o(x$fpl$fpinit)
    __fplib_config_fpu_vfp                   0x0800e439   Thumb Code     0  fpinit.o(x$fpl$fpinit)
    __fplib_config_pureend_doubles           0x0800e439   Thumb Code     0  fpinit.o(x$fpl$fpinit)
    __fpl_fretinf                            0x0800e43b   Thumb Code    10  fretinf.o(x$fpl$fretinf)
    __funder                                 0x0800e445   Thumb Code   254  funder_clz.o(x$fpl$funder)
    __funder_d                               0x0800e543   Thumb Code    62  funder_clz.o(x$fpl$funder)
    __ieee_status                            0x0800e581   Thumb Code    28  istatus.o(x$fpl$ieeestatus)
    __fpl_return_NaN                         0x0800e5a1   Thumb Code   178  retnan.o(x$fpl$retnan)
    __ARM_scalbn                             0x0800e655   Thumb Code   270  scalbn_clz.o(x$fpl$scalbn)
    _fp_trapveneer                           0x0800e769   Thumb Code    36  trapv.o(x$fpl$trapveneer)
    __fpl_cmpreturn                          0x0800e78d   Thumb Code    90  trapv.o(x$fpl$trapveneer)
    CRC8_table                               0x0800e7e6   Data         256  crc.o(.constdata)
    __I$use$fp                               0x0800e7e6   Number         0  usenofp.o(x$fpl$usenofp)
    wCRC_table                               0x0800e8e6   Data         512  crc.o(.constdata)
    AHBPrescTable                            0x0800eb74   Data          16  system_stm32f4xx.o(.constdata)
    APBPrescTable                            0x0800eb84   Data           8  system_stm32f4xx.o(.constdata)
    sinTable_f32                             0x0800eb94   Data        2052  arm_common_tables.o(.constdata)
    __mathlib_zero                           0x0800f560   Data           8  qnan.o(.constdata)
    Region$$Table$$Base                      0x0800f5b8   Number         0  anon$$obj.o(Region$$Table)
    Region$$Table$$Limit                     0x0800f5d8   Number         0  anon$$obj.o(Region$$Table)
    speed                                    0x2000000a   Data           2  can_task.o(.data)
    tick                                     0x2000000c   Data           2  control_task.o(.data)
    Control_Info                             0x20000010   Data         200  control_task.o(.data)
    tick1                                    0x200000d8   Data           2  vmc_task.o(.data)
    Left_VMC_Info                            0x200000dc   Data         128  vmc_task.o(.data)
    JointTxFrame                             0x200002b8   Data         144  bsp_can.o(.data)
    RMD_L9025_Left_TxFrame                   0x20000348   Data          36  bsp_can.o(.data)
    RMD_L9025_Right_TxFrame                  0x2000036c   Data          36  bsp_can.o(.data)
    USER_CAN_RxFrameData                     0x20000394   Data           8  bsp_can.o(.data)
    CRC16_INIT                               0x2000039c   Data           2  crc.o(.data)
    MiniPC_ReceivePacket                     0x200003cc   Data          48  minipc.o(.data)
    RMD_Motor                                0x200003fc   Data          80  motor.o(.data)
    DJI_Motor                                0x2000044c   Data         120  motor.o(.data)
    Damiao_Motor                             0x200004c4   Data         224  motor.o(.data)
    Damiao_Motor_Contorl_Info                0x200005a4   Data          96  motor.o(.data)
    remote_ctrl                              0x20000608   Data          24  remote_control.o(.data)
    StartINSTaskHandle                       0x20000620   Data           4  freertos.o(.data)
    StartDetectTaskHandle                    0x20000624   Data           4  freertos.o(.data)
    StartControlTasHandle                    0x20000628   Data           4  freertos.o(.data)
    StartCANTaskHandle                       0x2000062c   Data           4  freertos.o(.data)
    StartVMC_TaskHandle                      0x20000630   Data           4  freertos.o(.data)
    SystemCoreClock                          0x20000638   Data           4  system_stm32f4xx.o(.data)
    pxCurrentTCB                             0x2000063c   Data           4  tasks.o(.data)
    uwTickFreq                               0x200006a4   Data           1  stm32f4xx_hal.o(.data)
    uwTickPrio                               0x200006a8   Data           4  stm32f4xx_hal.o(.data)
    uwTick                                   0x200006ac   Data           4  stm32f4xx_hal.o(.data)
    FS_Desc                                  0x200006b0   Data          28  usbd_desc.o(.data)
    USBD_LangIDDesc                          0x200006cc   Data           4  usbd_desc.o(.data)
    USBD_FS_DeviceDesc                       0x200006d0   Data          18  usbd_desc.o(.data)
    USBD_StringSerial                        0x200006e4   Data          26  usbd_desc.o(.data)
    USBD_Interface_fops_FS                   0x20000700   Data          20  usbd_cdc_if.o(.data)
    USBD_CDC                                 0x2000076c   Data          56  usbd_cdc.o(.data)
    VMC_Rad_to_Angle_Info                    0x200007a4   Data          20  vmc_task.o(.bss)
    PID_Leg_length_thrust                    0x200007b8   Data          80  vmc_task.o(.bss)
    INS_Info                                 0x20000808   Data          72  ins_task.o(.bss)
    INS_AcceLPF2p                            0x20000850   Data          96  ins_task.o(.bss)
    TempCtrl_PID                             0x200008b0   Data          80  ins_task.o(.bss)
    Quaternion_Info                          0x20000900   Data         420  ins_task.o(.bss)
    USER_CAN_RxInstance                      0x20000aa4   Data          28  bsp_can.o(.bss)
    BMI088_Info                              0x20000ac0   Data          60  bmi088.o(.bss)
    REFEREE_MultiRx_Buf                      0x20000afc   Data         200  referee_info.o(.bss)
    Referee_Info                             0x20000bc4   Data          53  referee_info.o(.bss)
    SBUS_MultiRx_Buf                         0x20000bf9   Data          72  remote_control.o(.bss)
    hcan1                                    0x20001098   Data          40  can.o(.bss)
    hcan2                                    0x200010c0   Data          40  can.o(.bss)
    hspi1                                    0x200010e8   Data          88  spi.o(.bss)
    htim4                                    0x20001140   Data          72  tim.o(.bss)
    htim10                                   0x20001188   Data          72  tim.o(.bss)
    huart1                                   0x200011d0   Data          68  usart.o(.bss)
    huart3                                   0x20001214   Data          68  usart.o(.bss)
    hdma_usart1_rx                           0x20001258   Data          96  usart.o(.bss)
    hdma_usart1_tx                           0x200012b8   Data          96  usart.o(.bss)
    hdma_usart3_rx                           0x20001318   Data          96  usart.o(.bss)
    htim2                                    0x20001378   Data          72  stm32f4xx_hal_timebase_tim.o(.bss)
    hUsbDeviceFS                             0x200074b0   Data         732  usb_device.o(.bss)
    USBD_StrDesc                             0x2000778c   Data         512  usbd_desc.o(.bss)
    UserRxBufferFS                           0x2000798c   Data        2048  usbd_cdc_if.o(.bss)
    UserTxBufferFS                           0x2000818c   Data        2048  usbd_cdc_if.o(.bss)
    hpcd_USB_OTG_FS                          0x20008bac   Data        1292  usbd_conf.o(.bss)
    __libspace_start                         0x200090b8   Data          96  libspace.o(.bss)
    __temporary_stack_top$libspace           0x20009118   Data           0  libspace.o(.bss)



==============================================================================

Memory Map of the image

  Image Entry point : 0x08000189

  Load Region LR_IROM1 (Base: 0x08000000, Size: 0x0000fd7c, Max: 0x00100000, ABSOLUTE, COMPRESSED[0x0000f780])

    Execution Region ER_IROM1 (Exec base: 0x08000000, Load base: 0x08000000, Size: 0x0000f5d8, Max: 0x00100000, ABSOLUTE)

    Exec Addr    Load Addr    Size         Type   Attr      Idx    E Section Name        Object

    0x08000000   0x08000000   0x00000188   Data   RO         2086    RESET               startup_stm32f407xx.o
    0x08000188   0x08000188   0x00000008   Code   RO         8365  * !!!main             c_w.l(__main.o)
    0x08000190   0x08000190   0x00000034   Code   RO         8867    !!!scatter          c_w.l(__scatter.o)
    0x080001c4   0x080001c4   0x0000005a   Code   RO         8865    !!dczerorl2         c_w.l(__dczerorl2.o)
    0x0800021e   0x0800021e   0x00000002   PAD
    0x08000220   0x08000220   0x0000001c   Code   RO         8869    !!handler_zi        c_w.l(__scatter_zi.o)
    0x0800023c   0x0800023c   0x00000002   Code   RO         8802    .ARM.Collect$$libinit$$00000000  c_w.l(libinit.o)
    0x0800023e   0x0800023e   0x00000004   Code   RO         8553    .ARM.Collect$$libinit$$00000001  c_w.l(libinit2.o)
    0x08000242   0x08000242   0x00000000   Code   RO         8556    .ARM.Collect$$libinit$$00000004  c_w.l(libinit2.o)
    0x08000242   0x08000242   0x00000008   Code   RO         8557    .ARM.Collect$$libinit$$00000005  c_w.l(libinit2.o)
    0x0800024a   0x0800024a   0x00000000   Code   RO         8559    .ARM.Collect$$libinit$$0000000A  c_w.l(libinit2.o)
    0x0800024a   0x0800024a   0x00000000   Code   RO         8561    .ARM.Collect$$libinit$$0000000C  c_w.l(libinit2.o)
    0x0800024a   0x0800024a   0x00000000   Code   RO         8563    .ARM.Collect$$libinit$$0000000E  c_w.l(libinit2.o)
    0x0800024a   0x0800024a   0x00000000   Code   RO         8566    .ARM.Collect$$libinit$$00000011  c_w.l(libinit2.o)
    0x0800024a   0x0800024a   0x00000000   Code   RO         8568    .ARM.Collect$$libinit$$00000013  c_w.l(libinit2.o)
    0x0800024a   0x0800024a   0x00000000   Code   RO         8570    .ARM.Collect$$libinit$$00000015  c_w.l(libinit2.o)
    0x0800024a   0x0800024a   0x00000000   Code   RO         8572    .ARM.Collect$$libinit$$00000017  c_w.l(libinit2.o)
    0x0800024a   0x0800024a   0x00000000   Code   RO         8574    .ARM.Collect$$libinit$$00000019  c_w.l(libinit2.o)
    0x0800024a   0x0800024a   0x00000000   Code   RO         8576    .ARM.Collect$$libinit$$0000001B  c_w.l(libinit2.o)
    0x0800024a   0x0800024a   0x00000000   Code   RO         8578    .ARM.Collect$$libinit$$0000001D  c_w.l(libinit2.o)
    0x0800024a   0x0800024a   0x00000000   Code   RO         8580    .ARM.Collect$$libinit$$0000001F  c_w.l(libinit2.o)
    0x0800024a   0x0800024a   0x00000000   Code   RO         8582    .ARM.Collect$$libinit$$00000021  c_w.l(libinit2.o)
    0x0800024a   0x0800024a   0x00000000   Code   RO         8584    .ARM.Collect$$libinit$$00000023  c_w.l(libinit2.o)
    0x0800024a   0x0800024a   0x00000000   Code   RO         8586    .ARM.Collect$$libinit$$00000025  c_w.l(libinit2.o)
    0x0800024a   0x0800024a   0x00000000   Code   RO         8590    .ARM.Collect$$libinit$$0000002C  c_w.l(libinit2.o)
    0x0800024a   0x0800024a   0x00000000   Code   RO         8592    .ARM.Collect$$libinit$$0000002E  c_w.l(libinit2.o)
    0x0800024a   0x0800024a   0x00000000   Code   RO         8594    .ARM.Collect$$libinit$$00000030  c_w.l(libinit2.o)
    0x0800024a   0x0800024a   0x00000000   Code   RO         8596    .ARM.Collect$$libinit$$00000032  c_w.l(libinit2.o)
    0x0800024a   0x0800024a   0x00000002   Code   RO         8597    .ARM.Collect$$libinit$$00000033  c_w.l(libinit2.o)
    0x0800024c   0x0800024c   0x00000002   Code   RO         8862    .ARM.Collect$$libshutdown$$00000000  c_w.l(libshutdown.o)
    0x0800024e   0x0800024e   0x00000000   Code   RO         8818    .ARM.Collect$$libshutdown$$00000002  c_w.l(libshutdown2.o)
    0x0800024e   0x0800024e   0x00000000   Code   RO         8820    .ARM.Collect$$libshutdown$$00000004  c_w.l(libshutdown2.o)
    0x0800024e   0x0800024e   0x00000000   Code   RO         8822    .ARM.Collect$$libshutdown$$00000006  c_w.l(libshutdown2.o)
    0x0800024e   0x0800024e   0x00000000   Code   RO         8825    .ARM.Collect$$libshutdown$$00000009  c_w.l(libshutdown2.o)
    0x0800024e   0x0800024e   0x00000000   Code   RO         8828    .ARM.Collect$$libshutdown$$0000000C  c_w.l(libshutdown2.o)
    0x0800024e   0x0800024e   0x00000000   Code   RO         8830    .ARM.Collect$$libshutdown$$0000000E  c_w.l(libshutdown2.o)
    0x0800024e   0x0800024e   0x00000000   Code   RO         8833    .ARM.Collect$$libshutdown$$00000011  c_w.l(libshutdown2.o)
    0x0800024e   0x0800024e   0x00000002   Code   RO         8834    .ARM.Collect$$libshutdown$$00000012  c_w.l(libshutdown2.o)
    0x08000250   0x08000250   0x00000000   Code   RO         8513    .ARM.Collect$$rtentry$$00000000  c_w.l(__rtentry.o)
    0x08000250   0x08000250   0x00000000   Code   RO         8726    .ARM.Collect$$rtentry$$00000002  c_w.l(__rtentry2.o)
    0x08000250   0x08000250   0x00000006   Code   RO         8738    .ARM.Collect$$rtentry$$00000004  c_w.l(__rtentry4.o)
    0x08000256   0x08000256   0x00000000   Code   RO         8728    .ARM.Collect$$rtentry$$00000009  c_w.l(__rtentry2.o)
    0x08000256   0x08000256   0x00000004   Code   RO         8729    .ARM.Collect$$rtentry$$0000000A  c_w.l(__rtentry2.o)
    0x0800025a   0x0800025a   0x00000000   Code   RO         8731    .ARM.Collect$$rtentry$$0000000C  c_w.l(__rtentry2.o)
    0x0800025a   0x0800025a   0x00000008   Code   RO         8732    .ARM.Collect$$rtentry$$0000000D  c_w.l(__rtentry2.o)
    0x08000262   0x08000262   0x00000002   Code   RO         8805    .ARM.Collect$$rtexit$$00000000  c_w.l(rtexit.o)
    0x08000264   0x08000264   0x00000000   Code   RO         8838    .ARM.Collect$$rtexit$$00000002  c_w.l(rtexit2.o)
    0x08000264   0x08000264   0x00000004   Code   RO         8839    .ARM.Collect$$rtexit$$00000003  c_w.l(rtexit2.o)
    0x08000268   0x08000268   0x00000006   Code   RO         8840    .ARM.Collect$$rtexit$$00000004  c_w.l(rtexit2.o)
    0x0800026e   0x0800026e   0x00000002   PAD
    0x08000270   0x08000270   0x000000be   Code   RO         3428    .emb_text           port.o
    0x0800032e   0x0800032e   0x00000002   PAD
    0x08000330   0x08000330   0x00000000   Code   RO         8749    .emb_text           c_w.l(maybetermalloc1.o)
    0x08000330   0x08000330   0x00000040   Code   RO         2087    .text               startup_stm32f407xx.o
    0x08000370   0x08000370   0x00000078   Code   RO         7992    .text               arm_cortexM4lf_math.lib(arm_cos_f32.o)
    0x080003e8   0x080003e8   0x00000094   Code   RO         8042    .text               arm_cortexM4lf_math.lib(arm_sin_f32.o)
    0x0800047c   0x0800047c   0x00000108   Code   RO         8066    .text               arm_cortexM4lf_math.lib(arm_mat_add_f32.o)
    0x08000584   0x08000584   0x00000008   Code   RO         8090    .text               arm_cortexM4lf_math.lib(arm_mat_init_f32.o)
    0x0800058c   0x0800058c   0x00000530   Code   RO         8114    .text               arm_cortexM4lf_math.lib(arm_mat_inverse_f32.o)
    0x08000abc   0x08000abc   0x0000013c   Code   RO         8138    .text               arm_cortexM4lf_math.lib(arm_mat_mult_f32.o)
    0x08000bf8   0x08000bf8   0x00000108   Code   RO         8162    .text               arm_cortexM4lf_math.lib(arm_mat_sub_f32.o)
    0x08000d00   0x08000d00   0x00000114   Code   RO         8186    .text               arm_cortexM4lf_math.lib(arm_mat_trans_f32.o)
    0x08000e14   0x08000e14   0x0000005e   Code   RO         8293    .text               c_w.l(h1_alloc.o)
    0x08000e72   0x08000e72   0x000000ee   Code   RO         8347    .text               c_w.l(lludivv7m.o)
    0x08000f60   0x08000f60   0x0000008a   Code   RO         8351    .text               c_w.l(rt_memcpy_v6.o)
    0x08000fea   0x08000fea   0x00000064   Code   RO         8353    .text               c_w.l(rt_memcpy_w.o)
    0x0800104e   0x0800104e   0x00000010   Code   RO         8357    .text               c_w.l(aeabi_memset.o)
    0x0800105e   0x0800105e   0x00000044   Code   RO         8359    .text               c_w.l(rt_memclr.o)
    0x080010a2   0x080010a2   0x0000004e   Code   RO         8361    .text               c_w.l(rt_memclr_w.o)
    0x080010f0   0x080010f0   0x00000006   Code   RO         8363    .text               c_w.l(heapauxi.o)
    0x080010f6   0x080010f6   0x00000002   PAD
    0x080010f8   0x080010f8   0x00000008   Code   RO         8521    .text               c_w.l(rt_heap_descriptor_intlibspace.o)
    0x08001100   0x08001100   0x00000004   Code   RO         8523    .text               c_w.l(hguard.o)
    0x08001104   0x08001104   0x0000008a   Code   RO         8525    .text               c_w.l(init_alloc.o)
    0x0800118e   0x0800118e   0x0000000e   Code   RO         8531    .text               c_w.l(h1_init.o)
    0x0800119c   0x0800119c   0x0000004e   Code   RO         8533    .text               c_w.l(h1_free.o)
    0x080011ea   0x080011ea   0x00000016   Code   RO         8549    .text               c_w.l(_rserrno.o)
    0x08001200   0x08001200   0x00000008   Code   RO         8722    .text               c_w.l(libspace.o)
    0x08001208   0x08001208   0x00000008   Code   RO         8745    .text               c_w.l(rt_errno_addr_intlibspace.o)
    0x08001210   0x08001210   0x00000034   Code   RO         8751    .text               c_w.l(h1_extend.o)
    0x08001244   0x08001244   0x00000030   Code   RO         8755    .text               c_w.l(_fptrap.o)
    0x08001274   0x08001274   0x0000000e   Code   RO         8757    .text               c_w.l(defsig_rtmem_outer.o)
    0x08001282   0x08001282   0x00000002   Code   RO         8774    .text               c_w.l(use_no_semi.o)
    0x08001284   0x08001284   0x00000000   Code   RO         8776    .text               c_w.l(indicate_semi.o)
    0x08001284   0x08001284   0x0000004a   Code   RO         8777    .text               c_w.l(sys_stackheap_outer.o)
    0x080012ce   0x080012ce   0x00000012   Code   RO         8783    .text               c_w.l(exit.o)
    0x080012e0   0x080012e0   0x0000000a   Code   RO         8785    .text               c_w.l(defsig_exit.o)
    0x080012ea   0x080012ea   0x0000000e   Code   RO         8787    .text               c_w.l(defsig_fpe_outer.o)
    0x080012f8   0x080012f8   0x00000050   Code   RO         8791    .text               c_w.l(defsig_rtmem_inner.o)
    0x08001348   0x08001348   0x0000000c   Code   RO         8803    .text               c_w.l(sys_exit.o)
    0x08001354   0x08001354   0x00000032   Code   RO         8813    .text               c_w.l(defsig_general.o)
    0x08001386   0x08001386   0x00000002   PAD
    0x08001388   0x08001388   0x000000ac   Code   RO         8815    .text               c_w.l(defsig_fpe_inner.o)
    0x08001434   0x08001434   0x0000000e   Code   RO         8835    .text               c_w.l(sys_wrch.o)
    0x08001442   0x08001442   0x00000002   PAD
    0x08001444   0x08001444   0x00000010   Code   RO          699    i.BMI088_ACCEL_NS_H  bsp_gpio.o
    0x08001454   0x08001454   0x00000010   Code   RO          700    i.BMI088_ACCEL_NS_L  bsp_gpio.o
    0x08001464   0x08001464   0x0000010c   Code   RO         1154    i.BMI088_Accel_Init  bmi088.o
    0x08001570   0x08001570   0x00000010   Code   RO          701    i.BMI088_GYRO_NS_H  bsp_gpio.o
    0x08001580   0x08001580   0x00000010   Code   RO          702    i.BMI088_GYRO_NS_L  bsp_gpio.o
    0x08001590   0x08001590   0x000000dc   Code   RO         1155    i.BMI088_Gyro_Init  bmi088.o
    0x0800166c   0x0800166c   0x00000170   Code   RO         1156    i.BMI088_Info_Update  bmi088.o
    0x080017dc   0x080017dc   0x0000002c   Code   RO         1157    i.BMI088_Init       bmi088.o
    0x08001808   0x08001808   0x0000002c   Code   RO         1158    i.BMI088_Offset_Update  bmi088.o
    0x08001834   0x08001834   0x00000024   Code   RO         1159    i.BMI088_Read_Multi_Reg  bmi088.o
    0x08001858   0x08001858   0x00000016   Code   RO         1160    i.BMI088_Read_Single_Reg  bmi088.o
    0x0800186e   0x0800186e   0x00000002   PAD
    0x08001870   0x08001870   0x00000024   Code   RO          787    i.BMI088_Read_Write_Byte  bsp_spi.o
    0x08001894   0x08001894   0x00000068   Code   RO          494    i.BMI088_Temp_Control  ins_task.o
    0x080018fc   0x080018fc   0x00000012   Code   RO         1161    i.BMI088_Write_Single_Reg  bmi088.o
    0x0800190e   0x0800190e   0x00000002   PAD
    0x08001910   0x08001910   0x00000070   Code   RO          554    i.BSP_CAN_Init      bsp_can.o
    0x08001980   0x08001980   0x0000003c   Code   RO          895    i.BSP_USART_Init    bsp_uart.o
    0x080019bc   0x080019bc   0x0000000c   Code   RO          856    i.Bsp_Tim_Init      bsp_tim.o
    0x080019c8   0x080019c8   0x00000002   Code   RO         1906    i.BusFault_Handler  stm32f4xx_it.o
    0x080019ca   0x080019ca   0x00000002   PAD
    0x080019cc   0x080019cc   0x0000000c   Code   RO         1907    i.CAN1_RX0_IRQHandler  stm32f4xx_it.o
    0x080019d8   0x080019d8   0x000000cc   Code   RO          555    i.CAN1_RxFifo0RxHandler  bsp_can.o
    0x08001aa4   0x08001aa4   0x0000000c   Code   RO         1908    i.CAN2_RX0_IRQHandler  stm32f4xx_it.o
    0x08001ab0   0x08001ab0   0x0000000c   Code   RO          556    i.CAN2_RxFifo0RxHandler  bsp_can.o
    0x08001abc   0x08001abc   0x000000c4   Code   RO          158    i.CAN_Task          can_task.o
    0x08001b80   0x08001b80   0x00000008   Code   RO         7297    i.CDC_Control_FS    usbd_cdc_if.o
    0x08001b88   0x08001b88   0x00000004   Code   RO         7298    i.CDC_DeInit_FS     usbd_cdc_if.o
    0x08001b8c   0x08001b8c   0x00000024   Code   RO         7299    i.CDC_Init_FS       usbd_cdc_if.o
    0x08001bb0   0x08001bb0   0x00000020   Code   RO         7300    i.CDC_Receive_FS    usbd_cdc_if.o
    0x08001bd0   0x08001bd0   0x00000004   Code   RO         7301    i.CDC_TransmitCplt_FS  usbd_cdc_if.o
    0x08001bd4   0x08001bd4   0x000007f4   Code   RO          374    i.Control_LQR_K_Update  control_task.o
    0x080023c8   0x080023c8   0x0000003a   Code   RO          375    i.Control_LQR_X_Update  control_task.o
    0x08002402   0x08002402   0x00000002   PAD
    0x08002404   0x08002404   0x0000007c   Code   RO          376    i.Control_Measure_Update  control_task.o
    0x08002480   0x08002480   0x00000084   Code   RO          377    i.Control_Task      control_task.o
    0x08002504   0x08002504   0x00000024   Code   RO         1280    i.DJI_Motor_ErrorHandler  motor.o
    0x08002528   0x08002528   0x000000a8   Code   RO         1281    i.DJI_Motor_Info_Update  motor.o
    0x080025d0   0x080025d0   0x0000000c   Code   RO         1909    i.DMA1_Stream1_IRQHandler  stm32f4xx_it.o
    0x080025dc   0x080025dc   0x0000000c   Code   RO         1910    i.DMA2_Stream2_IRQHandler  stm32f4xx_it.o
    0x080025e8   0x080025e8   0x0000000c   Code   RO         1911    i.DMA2_Stream7_IRQHandler  stm32f4xx_it.o
    0x080025f4   0x080025f4   0x0000002c   Code   RO         4608    i.DMA_CalcBaseAndBitshift  stm32f4xx_hal_dma.o
    0x08002620   0x08002620   0x00000078   Code   RO         4609    i.DMA_CheckFifoParam  stm32f4xx_hal_dma.o
    0x08002698   0x08002698   0x000000f0   Code   RO          159    i.Damiao_Motor_CAN_Send  can_task.o
    0x08002788   0x08002788   0x00000030   Code   RO         1282    i.Damiao_Motor_DisEnable  motor.o
    0x080027b8   0x080027b8   0x00000030   Code   RO         1283    i.Damiao_Motor_Enable  motor.o
    0x080027e8   0x080027e8   0x00000014   Code   RO         1284    i.Damiao_Motor_ErrorHandler  motor.o
    0x080027fc   0x080027fc   0x00000128   Code   RO         1285    i.Damiao_Motor_Info_Update  motor.o
    0x08002924   0x08002924   0x00000002   Code   RO         1912    i.DebugMon_Handler  stm32f4xx_it.o
    0x08002926   0x08002926   0x00000016   Code   RO          818    i.Delay_ms          bsp_tick.o
    0x0800293c   0x0800293c   0x00000016   Code   RO          819    i.Delay_us          bsp_tick.o
    0x08002952   0x08002952   0x00000008   Code   RO          425    i.Detect_Task       detect_task.o
    0x0800295a   0x0800295a   0x00000006   Code   RO         1913    i.EXTI9_5_IRQHandler  stm32f4xx_it.o
    0x08002960   0x08002960   0x00000004   Code   RO         1548    i.Error_Handler     main.o
    0x08002964   0x08002964   0x0000002c   Code   RO            4    i.Fast_InverseSqrt  api_quaternion.o
    0x08002990   0x08002990   0x00000038   Code   RO         7219    i.Get_SerialNum     usbd_desc.o
    0x080029c8   0x080029c8   0x00000024   Code   RO         5282    i.HAL_CAN_ActivateNotification  stm32f4xx_hal_can.o
    0x080029ec   0x080029ec   0x000000f2   Code   RO         5283    i.HAL_CAN_AddTxMessage  stm32f4xx_hal_can.o
    0x08002ade   0x08002ade   0x00000002   PAD
    0x08002ae0   0x08002ae0   0x00000110   Code   RO         5284    i.HAL_CAN_ConfigFilter  stm32f4xx_hal_can.o
    0x08002bf0   0x08002bf0   0x00000002   Code   RO         5287    i.HAL_CAN_ErrorCallback  stm32f4xx_hal_can.o
    0x08002bf2   0x08002bf2   0x00000106   Code   RO         5290    i.HAL_CAN_GetRxMessage  stm32f4xx_hal_can.o
    0x08002cf8   0x08002cf8   0x000001fc   Code   RO         5294    i.HAL_CAN_IRQHandler  stm32f4xx_hal_can.o
    0x08002ef4   0x08002ef4   0x00000152   Code   RO         5295    i.HAL_CAN_Init      stm32f4xx_hal_can.o
    0x08003046   0x08003046   0x00000002   PAD
    0x08003048   0x08003048   0x00000100   Code   RO         1690    i.HAL_CAN_MspInit   can.o
    0x08003148   0x08003148   0x00000002   Code   RO         5302    i.HAL_CAN_RxFifo0FullCallback  stm32f4xx_hal_can.o
    0x0800314a   0x0800314a   0x00000002   PAD
    0x0800314c   0x0800314c   0x00000048   Code   RO          557    i.HAL_CAN_RxFifo0MsgPendingCallback  bsp_can.o
    0x08003194   0x08003194   0x00000002   Code   RO         5304    i.HAL_CAN_RxFifo1FullCallback  stm32f4xx_hal_can.o
    0x08003196   0x08003196   0x00000002   Code   RO         5305    i.HAL_CAN_RxFifo1MsgPendingCallback  stm32f4xx_hal_can.o
    0x08003198   0x08003198   0x00000002   Code   RO         5306    i.HAL_CAN_SleepCallback  stm32f4xx_hal_can.o
    0x0800319a   0x0800319a   0x00000058   Code   RO         5307    i.HAL_CAN_Start     stm32f4xx_hal_can.o
    0x080031f2   0x080031f2   0x00000002   Code   RO         5309    i.HAL_CAN_TxMailbox0AbortCallback  stm32f4xx_hal_can.o
    0x080031f4   0x080031f4   0x00000002   Code   RO         5310    i.HAL_CAN_TxMailbox0CompleteCallback  stm32f4xx_hal_can.o
    0x080031f6   0x080031f6   0x00000002   Code   RO         5311    i.HAL_CAN_TxMailbox1AbortCallback  stm32f4xx_hal_can.o
    0x080031f8   0x080031f8   0x00000002   Code   RO         5312    i.HAL_CAN_TxMailbox1CompleteCallback  stm32f4xx_hal_can.o
    0x080031fa   0x080031fa   0x00000002   Code   RO         5313    i.HAL_CAN_TxMailbox2AbortCallback  stm32f4xx_hal_can.o
    0x080031fc   0x080031fc   0x00000002   Code   RO         5314    i.HAL_CAN_TxMailbox2CompleteCallback  stm32f4xx_hal_can.o
    0x080031fe   0x080031fe   0x00000002   Code   RO         5316    i.HAL_CAN_WakeUpFromRxMsgCallback  stm32f4xx_hal_can.o
    0x08003200   0x08003200   0x0000008e   Code   RO         4611    i.HAL_DMA_Abort     stm32f4xx_hal_dma.o
    0x0800328e   0x0800328e   0x00000024   Code   RO         4612    i.HAL_DMA_Abort_IT  stm32f4xx_hal_dma.o
    0x080032b2   0x080032b2   0x00000002   PAD
    0x080032b4   0x080032b4   0x000001d0   Code   RO         4616    i.HAL_DMA_IRQHandler  stm32f4xx_hal_dma.o
    0x08003484   0x08003484   0x000000d4   Code   RO         4617    i.HAL_DMA_Init      stm32f4xx_hal_dma.o
    0x08003558   0x08003558   0x00000024   Code   RO         5030    i.HAL_Delay         stm32f4xx_hal.o
    0x0800357c   0x0800357c   0x00000002   Code   RO         4502    i.HAL_GPIO_EXTI_Callback  stm32f4xx_hal_gpio.o
    0x0800357e   0x0800357e   0x00000002   PAD
    0x08003580   0x08003580   0x00000018   Code   RO         4503    i.HAL_GPIO_EXTI_IRQHandler  stm32f4xx_hal_gpio.o
    0x08003598   0x08003598   0x000001d0   Code   RO         4504    i.HAL_GPIO_Init     stm32f4xx_hal_gpio.o
    0x08003768   0x08003768   0x0000000e   Code   RO         4508    i.HAL_GPIO_WritePin  stm32f4xx_hal_gpio.o
    0x08003776   0x08003776   0x00000002   PAD
    0x08003778   0x08003778   0x0000000c   Code   RO         5036    i.HAL_GetTick       stm32f4xx_hal.o
    0x08003784   0x08003784   0x00000010   Code   RO         5042    i.HAL_IncTick       stm32f4xx_hal.o
    0x08003794   0x08003794   0x00000034   Code   RO         5043    i.HAL_Init          stm32f4xx_hal.o
    0x080037c8   0x080037c8   0x00000098   Code   RO         2048    i.HAL_InitTick      stm32f4xx_hal_timebase_tim.o
    0x08003860   0x08003860   0x00000038   Code   RO         2024    i.HAL_MspInit       stm32f4xx_hal_msp.o
    0x08003898   0x08003898   0x0000001a   Code   RO         4893    i.HAL_NVIC_EnableIRQ  stm32f4xx_hal_cortex.o
    0x080038b2   0x080038b2   0x00000002   PAD
    0x080038b4   0x080038b4   0x00000040   Code   RO         4899    i.HAL_NVIC_SetPriority  stm32f4xx_hal_cortex.o
    0x080038f4   0x080038f4   0x00000024   Code   RO         4900    i.HAL_NVIC_SetPriorityGrouping  stm32f4xx_hal_cortex.o
    0x08003918   0x08003918   0x00000002   Code   RO         3752    i.HAL_PCDEx_LPM_Callback  stm32f4xx_hal_pcd_ex.o
    0x0800391a   0x0800391a   0x00000008   Code   RO         3753    i.HAL_PCDEx_SetRxFiFo  stm32f4xx_hal_pcd_ex.o
    0x08003922   0x08003922   0x00000042   Code   RO         3754    i.HAL_PCDEx_SetTxFiFo  stm32f4xx_hal_pcd_ex.o
    0x08003964   0x08003964   0x00000008   Code   RO         7354    i.HAL_PCD_ConnectCallback  usbd_conf.o
    0x0800396c   0x0800396c   0x00000012   Code   RO         7355    i.HAL_PCD_DataInStageCallback  usbd_conf.o
    0x0800397e   0x0800397e   0x00000014   Code   RO         7356    i.HAL_PCD_DataOutStageCallback  usbd_conf.o
    0x08003992   0x08003992   0x00000008   Code   RO         7357    i.HAL_PCD_DisconnectCallback  usbd_conf.o
    0x0800399a   0x0800399a   0x0000001e   Code   RO         3517    i.HAL_PCD_EP_Abort  stm32f4xx_hal_pcd.o
    0x080039b8   0x080039b8   0x00000048   Code   RO         3518    i.HAL_PCD_EP_Close  stm32f4xx_hal_pcd.o
    0x08003a00   0x08003a00   0x00000058   Code   RO         3519    i.HAL_PCD_EP_ClrStall  stm32f4xx_hal_pcd.o
    0x08003a58   0x08003a58   0x00000012   Code   RO         3521    i.HAL_PCD_EP_GetRxCount  stm32f4xx_hal_pcd.o
    0x08003a6a   0x08003a6a   0x0000005c   Code   RO         3522    i.HAL_PCD_EP_Open   stm32f4xx_hal_pcd.o
    0x08003ac6   0x08003ac6   0x00000042   Code   RO         3523    i.HAL_PCD_EP_Receive  stm32f4xx_hal_pcd.o
    0x08003b08   0x08003b08   0x00000070   Code   RO         3524    i.HAL_PCD_EP_SetStall  stm32f4xx_hal_pcd.o
    0x08003b78   0x08003b78   0x00000042   Code   RO         3525    i.HAL_PCD_EP_Transmit  stm32f4xx_hal_pcd.o
    0x08003bba   0x08003bba   0x0000050a   Code   RO         3527    i.HAL_PCD_IRQHandler  stm32f4xx_hal_pcd.o
    0x080040c4   0x080040c4   0x00000008   Code   RO         7358    i.HAL_PCD_ISOINIncompleteCallback  usbd_conf.o
    0x080040cc   0x080040cc   0x00000008   Code   RO         7359    i.HAL_PCD_ISOOUTIncompleteCallback  usbd_conf.o
    0x080040d4   0x080040d4   0x000000e4   Code   RO         3530    i.HAL_PCD_Init      stm32f4xx_hal_pcd.o
    0x080041b8   0x080041b8   0x00000084   Code   RO         7361    i.HAL_PCD_MspInit   usbd_conf.o
    0x0800423c   0x0800423c   0x0000002e   Code   RO         7362    i.HAL_PCD_ResetCallback  usbd_conf.o
    0x0800426a   0x0800426a   0x00000008   Code   RO         7363    i.HAL_PCD_ResumeCallback  usbd_conf.o
    0x08004272   0x08004272   0x00000008   Code   RO         7364    i.HAL_PCD_SOFCallback  usbd_conf.o
    0x0800427a   0x0800427a   0x00000028   Code   RO         3536    i.HAL_PCD_SetAddress  stm32f4xx_hal_pcd.o
    0x080042a2   0x080042a2   0x0000000e   Code   RO         7365    i.HAL_PCD_SetupStageCallback  usbd_conf.o
    0x080042b0   0x080042b0   0x00000042   Code   RO         3539    i.HAL_PCD_Start     stm32f4xx_hal_pcd.o
    0x080042f2   0x080042f2   0x00000002   PAD
    0x080042f4   0x080042f4   0x00000030   Code   RO         7366    i.HAL_PCD_SuspendCallback  usbd_conf.o
    0x08004324   0x08004324   0x00000002   Code   RO         4104    i.HAL_RCC_CSSCallback  stm32f4xx_hal_rcc.o
    0x08004326   0x08004326   0x00000002   PAD
    0x08004328   0x08004328   0x0000014c   Code   RO         4105    i.HAL_RCC_ClockConfig  stm32f4xx_hal_rcc.o
    0x08004474   0x08004474   0x0000000c   Code   RO         4108    i.HAL_RCC_EnableCSS  stm32f4xx_hal_rcc.o
    0x08004480   0x08004480   0x0000003c   Code   RO         4109    i.HAL_RCC_GetClockConfig  stm32f4xx_hal_rcc.o
    0x080044bc   0x080044bc   0x0000000c   Code   RO         4110    i.HAL_RCC_GetHCLKFreq  stm32f4xx_hal_rcc.o
    0x080044c8   0x080044c8   0x00000020   Code   RO         4112    i.HAL_RCC_GetPCLK1Freq  stm32f4xx_hal_rcc.o
    0x080044e8   0x080044e8   0x00000020   Code   RO         4113    i.HAL_RCC_GetPCLK2Freq  stm32f4xx_hal_rcc.o
    0x08004508   0x08004508   0x0000006c   Code   RO         4114    i.HAL_RCC_GetSysClockFreq  stm32f4xx_hal_rcc.o
    0x08004574   0x08004574   0x0000001c   Code   RO         4116    i.HAL_RCC_NMI_IRQHandler  stm32f4xx_hal_rcc.o
    0x08004590   0x08004590   0x000003c0   Code   RO         4117    i.HAL_RCC_OscConfig  stm32f4xx_hal_rcc.o
    0x08004950   0x08004950   0x000000be   Code   RO         5526    i.HAL_SPI_Init      stm32f4xx_hal_spi.o
    0x08004a0e   0x08004a0e   0x00000002   PAD
    0x08004a10   0x08004a10   0x00000090   Code   RO         1763    i.HAL_SPI_MspInit   spi.o
    0x08004aa0   0x08004aa0   0x000001e4   Code   RO         5535    i.HAL_SPI_TransmitReceive  stm32f4xx_hal_spi.o
    0x08004c84   0x08004c84   0x00000002   Code   RO         6554    i.HAL_TIMEx_BreakCallback  stm32f4xx_hal_tim_ex.o
    0x08004c86   0x08004c86   0x00000002   Code   RO         6555    i.HAL_TIMEx_CommutCallback  stm32f4xx_hal_tim_ex.o
    0x08004c88   0x08004c88   0x00000090   Code   RO         6573    i.HAL_TIMEx_MasterConfigSynchronization  stm32f4xx_hal_tim_ex.o
    0x08004d18   0x08004d18   0x0000004a   Code   RO         5839    i.HAL_TIM_Base_Init  stm32f4xx_hal_tim.o
    0x08004d62   0x08004d62   0x00000002   PAD
    0x08004d64   0x08004d64   0x00000048   Code   RO         1805    i.HAL_TIM_Base_MspInit  tim.o
    0x08004dac   0x08004dac   0x0000008c   Code   RO         5844    i.HAL_TIM_Base_Start_IT  stm32f4xx_hal_tim.o
    0x08004e38   0x08004e38   0x000000e8   Code   RO         5848    i.HAL_TIM_ConfigClockSource  stm32f4xx_hal_tim.o
    0x08004f20   0x08004f20   0x00000002   Code   RO         5873    i.HAL_TIM_IC_CaptureCallback  stm32f4xx_hal_tim.o
    0x08004f22   0x08004f22   0x0000016e   Code   RO         5887    i.HAL_TIM_IRQHandler  stm32f4xx_hal_tim.o
    0x08005090   0x08005090   0x00000088   Code   RO         1806    i.HAL_TIM_MspPostInit  tim.o
    0x08005118   0x08005118   0x00000002   Code   RO         5890    i.HAL_TIM_OC_DelayElapsedCallback  stm32f4xx_hal_tim.o
    0x0800511a   0x0800511a   0x000000d8   Code   RO         5911    i.HAL_TIM_PWM_ConfigChannel  stm32f4xx_hal_tim.o
    0x080051f2   0x080051f2   0x0000004a   Code   RO         5914    i.HAL_TIM_PWM_Init  stm32f4xx_hal_tim.o
    0x0800523c   0x0800523c   0x00000002   Code   RO         5916    i.HAL_TIM_PWM_MspInit  stm32f4xx_hal_tim.o
    0x0800523e   0x0800523e   0x00000002   Code   RO         5917    i.HAL_TIM_PWM_PulseFinishedCallback  stm32f4xx_hal_tim.o
    0x08005240   0x08005240   0x000000dc   Code   RO         5919    i.HAL_TIM_PWM_Start  stm32f4xx_hal_tim.o
    0x0800531c   0x0800531c   0x0000000e   Code   RO         1549    i.HAL_TIM_PeriodElapsedCallback  main.o
    0x0800532a   0x0800532a   0x00000002   Code   RO         5930    i.HAL_TIM_TriggerCallback  stm32f4xx_hal_tim.o
    0x0800532c   0x0800532c   0x00000050   Code   RO          896    i.HAL_UARTEx_RxEventCallback  bsp_uart.o
    0x0800537c   0x0800537c   0x00000002   Code   RO         6846    i.HAL_UART_ErrorCallback  stm32f4xx_hal_uart.o
    0x0800537e   0x0800537e   0x00000002   PAD
    0x08005380   0x08005380   0x00000228   Code   RO         6849    i.HAL_UART_IRQHandler  stm32f4xx_hal_uart.o
    0x080055a8   0x080055a8   0x00000064   Code   RO         6850    i.HAL_UART_Init     stm32f4xx_hal_uart.o
    0x0800560c   0x0800560c   0x000001b0   Code   RO         1859    i.HAL_UART_MspInit  usart.o
    0x080057bc   0x080057bc   0x00000002   Code   RO         6856    i.HAL_UART_RxCpltCallback  stm32f4xx_hal_uart.o
    0x080057be   0x080057be   0x00000002   Code   RO         6861    i.HAL_UART_TxCpltCallback  stm32f4xx_hal_uart.o
    0x080057c0   0x080057c0   0x0000001a   Code   RO          820    i.Haltick           bsp_tick.o
    0x080057da   0x080057da   0x00000002   Code   RO         1914    i.HardFault_Handler  stm32f4xx_it.o
    0x080057dc   0x080057dc   0x00000010   Code   RO          857    i.Heat_Power_Control  bsp_tim.o
    0x080057ec   0x080057ec   0x00000060   Code   RO          495    i.INSTask_Init      ins_task.o
    0x0800584c   0x0800584c   0x0000016c   Code   RO          496    i.INS_Task          ins_task.o
    0x080059b8   0x080059b8   0x0000003a   Code   RO         7220    i.IntToUnicode      usbd_desc.o
    0x080059f2   0x080059f2   0x0000036a   Code   RO          994    i.Kalman_Filter_Init  kalman.o
    0x08005d5c   0x08005d5c   0x000000c0   Code   RO          995    i.Kalman_Filter_K_Update  kalman.o
    0x08005e1c   0x08005e1c   0x0000003a   Code   RO          996    i.Kalman_Filter_Measurement_Update  kalman.o
    0x08005e56   0x08005e56   0x00000068   Code   RO          997    i.Kalman_Filter_P_Update  kalman.o
    0x08005ebe   0x08005ebe   0x0000006a   Code   RO          998    i.Kalman_Filter_Pminus_Update  kalman.o
    0x08005f28   0x08005f28   0x00000086   Code   RO          999    i.Kalman_Filter_Update  kalman.o
    0x08005fae   0x08005fae   0x00000080   Code   RO         1000    i.Kalman_Filter_xhat_Update  kalman.o
    0x0800602e   0x0800602e   0x00000074   Code   RO         1001    i.Kalman_Filter_xhatminus_Update  kalman.o
    0x080060a2   0x080060a2   0x00000002   PAD
    0x080060a4   0x080060a4   0x00000024   Code   RO         1053    i.LowPassFilter2p_Init  lpf.o
    0x080060c8   0x080060c8   0x0000004c   Code   RO         1054    i.LowPassFilter2p_Update  lpf.o
    0x08006114   0x08006114   0x0000001a   Code   RO          744    i.MCU_Init          bsp_mcu.o
    0x0800612e   0x0800612e   0x00000002   PAD
    0x08006130   0x08006130   0x00000048   Code   RO         1691    i.MX_CAN1_Init      can.o
    0x08006178   0x08006178   0x00000048   Code   RO         1692    i.MX_CAN2_Init      can.o
    0x080061c0   0x080061c0   0x0000005c   Code   RO         1738    i.MX_DMA_Init       dma.o
    0x0800621c   0x0800621c   0x00000080   Code   RO         1627    i.MX_FREERTOS_Init  freertos.o
    0x0800629c   0x0800629c   0x000000e4   Code   RO         1599    i.MX_GPIO_Init      gpio.o
    0x08006380   0x08006380   0x00000048   Code   RO         1764    i.MX_SPI1_Init      spi.o
    0x080063c8   0x080063c8   0x00000068   Code   RO         1807    i.MX_TIM10_Init     tim.o
    0x08006430   0x08006430   0x00000098   Code   RO         1808    i.MX_TIM4_Init      tim.o
    0x080064c8   0x080064c8   0x00000038   Code   RO         1860    i.MX_USART1_UART_Init  usart.o
    0x08006500   0x08006500   0x0000003c   Code   RO         1861    i.MX_USART3_UART_Init  usart.o
    0x0800653c   0x0800653c   0x00000080   Code   RO         7188    i.MX_USB_DEVICE_Init  usb_device.o
    0x080065bc   0x080065bc   0x00000002   Code   RO         1915    i.MemManage_Handler  stm32f4xx_it.o
    0x080065be   0x080065be   0x00000002   PAD
    0x080065c0   0x080065c0   0x00000030   Code   RO         1212    i.MiniPC_RecvFrameInfo  minipc.o
    0x080065f0   0x080065f0   0x00000006   Code   RO         1916    i.NMI_Handler       stm32f4xx_it.o
    0x080065f6   0x080065f6   0x00000002   PAD
    0x080065f8   0x080065f8   0x0000000c   Code   RO         1917    i.OTG_FS_IRQHandler  stm32f4xx_it.o
    0x08006604   0x08006604   0x00000048   Code   RO         3543    i.PCD_EP_OutSetupPacket_int  stm32f4xx_hal_pcd.o
    0x0800664c   0x0800664c   0x000000e4   Code   RO         3544    i.PCD_EP_OutXfrComplete_int  stm32f4xx_hal_pcd.o
    0x08006730   0x08006730   0x0000009c   Code   RO         3545    i.PCD_WriteEmptyTxFifo  stm32f4xx_hal_pcd.o
    0x080067cc   0x080067cc   0x00000028   Code   RO         1117    i.PID_Calc_Clear    pid.o
    0x080067f4   0x080067f4   0x0000002c   Code   RO         1118    i.PID_ErrorHandle   pid.o
    0x08006820   0x08006820   0x0000002c   Code   RO         1119    i.PID_Init          pid.o
    0x0800684c   0x0800684c   0x00000046   Code   RO         1120    i.PID_Param_Init    pid.o
    0x08006892   0x08006892   0x00000002   PAD
    0x08006894   0x08006894   0x000001a4   Code   RO            5    i.QuaternionEKF_A_Update  api_quaternion.o
    0x08006a38   0x08006a38   0x00000138   Code   RO            6    i.QuaternionEKF_ChiSqrtTest  api_quaternion.o
    0x08006b70   0x08006b70   0x000000e6   Code   RO            7    i.QuaternionEKF_H_Update  api_quaternion.o
    0x08006c56   0x08006c56   0x00000002   PAD
    0x08006c58   0x08006c58   0x000000bc   Code   RO            8    i.QuaternionEKF_Init  api_quaternion.o
    0x08006d14   0x08006d14   0x00000340   Code   RO            9    i.QuaternionEKF_Update  api_quaternion.o
    0x08007054   0x08007054   0x000002bc   Code   RO           10    i.QuaternionEKF_xhat_Update  api_quaternion.o
    0x08007310   0x08007310   0x00000058   Code   RO         1286    i.RMD_Motor_Info_Update  motor.o
    0x08007368   0x08007368   0x0000005c   Code   RO         1370    i.Referee_Frame_Update  referee_info.o
    0x080073c4   0x080073c4   0x0000018c   Code   RO         1371    i.Referee_Info_Update  referee_info.o
    0x08007550   0x08007550   0x000000c8   Code   RO         1415    i.SBUS_TO_RC        remote_control.o
    0x08007618   0x08007618   0x0000005c   Code   RO         5564    i.SPI_EndRxTxTransaction  stm32f4xx_hal_spi.o
    0x08007674   0x08007674   0x000000bc   Code   RO         5569    i.SPI_WaitFlagStateUntilTimeout  stm32f4xx_hal_spi.o
    0x08007730   0x08007730   0x0000000a   Code   RO         7723    i.SWAPBYTE          usbd_ctlreq.o
    0x0800773a   0x0800773a   0x00000002   PAD
    0x0800773c   0x0800773c   0x0000002c   Code   RO         3429    i.SysTick_Handler   port.o
    0x08007768   0x08007768   0x00000098   Code   RO         1550    i.SystemClock_Config  main.o
    0x08007800   0x08007800   0x00000010   Code   RO         2095    i.SystemInit        system_stm32f4xx.o
    0x08007810   0x08007810   0x0000000c   Code   RO         1918    i.TIM2_IRQHandler   stm32f4xx_it.o
    0x0800781c   0x0800781c   0x000000cc   Code   RO         5932    i.TIM_Base_SetConfig  stm32f4xx_hal_tim.o
    0x080078e8   0x080078e8   0x0000001a   Code   RO         5933    i.TIM_CCxChannelCmd  stm32f4xx_hal_tim.o
    0x08007902   0x08007902   0x00000014   Code   RO         5943    i.TIM_ETR_SetConfig  stm32f4xx_hal_tim.o
    0x08007916   0x08007916   0x00000010   Code   RO         5944    i.TIM_ITRx_SetConfig  stm32f4xx_hal_tim.o
    0x08007926   0x08007926   0x00000002   PAD
    0x08007928   0x08007928   0x00000068   Code   RO         5945    i.TIM_OC1_SetConfig  stm32f4xx_hal_tim.o
    0x08007990   0x08007990   0x00000074   Code   RO         5946    i.TIM_OC2_SetConfig  stm32f4xx_hal_tim.o
    0x08007a04   0x08007a04   0x00000070   Code   RO         5947    i.TIM_OC3_SetConfig  stm32f4xx_hal_tim.o
    0x08007a74   0x08007a74   0x00000054   Code   RO         5948    i.TIM_OC4_SetConfig  stm32f4xx_hal_tim.o
    0x08007ac8   0x08007ac8   0x00000022   Code   RO         5950    i.TIM_TI1_ConfigInputStage  stm32f4xx_hal_tim.o
    0x08007aea   0x08007aea   0x00000024   Code   RO         5952    i.TIM_TI2_ConfigInputStage  stm32f4xx_hal_tim.o
    0x08007b0e   0x08007b0e   0x00000010   Code   RO         6863    i.UART_DMAAbortOnError  stm32f4xx_hal_uart.o
    0x08007b1e   0x08007b1e   0x0000004e   Code   RO         6873    i.UART_EndRxTransfer  stm32f4xx_hal_uart.o
    0x08007b6c   0x08007b6c   0x0000001a   Code   RO         6874    i.UART_EndTransmit_IT  stm32f4xx_hal_uart.o
    0x08007b86   0x08007b86   0x000000c6   Code   RO         6876    i.UART_Receive_IT   stm32f4xx_hal_uart.o
    0x08007c4c   0x08007c4c   0x00000114   Code   RO         6877    i.UART_SetConfig    stm32f4xx_hal_uart.o
    0x08007d60   0x08007d60   0x0000005e   Code   RO         6880    i.UART_Transmit_IT  stm32f4xx_hal_uart.o
    0x08007dbe   0x08007dbe   0x00000002   PAD
    0x08007dc0   0x08007dc0   0x0000000c   Code   RO         1919    i.USART1_IRQHandler  stm32f4xx_it.o
    0x08007dcc   0x08007dcc   0x0000000c   Code   RO         1920    i.USART3_IRQHandler  stm32f4xx_it.o
    0x08007dd8   0x08007dd8   0x00000068   Code   RO          897    i.USART_RxDMA_MultiBufferStart  bsp_uart.o
    0x08007e40   0x08007e40   0x00000078   Code   RO         7886    i.USBD_CDC_DataIn   usbd_cdc.o
    0x08007eb8   0x08007eb8   0x0000003e   Code   RO         7887    i.USBD_CDC_DataOut  usbd_cdc.o
    0x08007ef6   0x08007ef6   0x00000002   PAD
    0x08007ef8   0x08007ef8   0x00000094   Code   RO         7888    i.USBD_CDC_DeInit   usbd_cdc.o
    0x08007f8c   0x08007f8c   0x00000038   Code   RO         7889    i.USBD_CDC_EP0_RxReady  usbd_cdc.o
    0x08007fc4   0x08007fc4   0x0000000c   Code   RO         7890    i.USBD_CDC_GetDeviceQualifierDescriptor  usbd_cdc.o
    0x08007fd0   0x08007fd0   0x0000003c   Code   RO         7891    i.USBD_CDC_GetFSCfgDesc  usbd_cdc.o
    0x0800800c   0x0800800c   0x00000040   Code   RO         7892    i.USBD_CDC_GetHSCfgDesc  usbd_cdc.o
    0x0800804c   0x0800804c   0x0000003c   Code   RO         7893    i.USBD_CDC_GetOtherSpeedCfgDesc  usbd_cdc.o
    0x08008088   0x08008088   0x0000015c   Code   RO         7894    i.USBD_CDC_Init     usbd_cdc.o
    0x080081e4   0x080081e4   0x00000040   Code   RO         7895    i.USBD_CDC_ReceivePacket  usbd_cdc.o
    0x08008224   0x08008224   0x00000018   Code   RO         7896    i.USBD_CDC_RegisterInterface  usbd_cdc.o
    0x0800823c   0x0800823c   0x0000001c   Code   RO         7897    i.USBD_CDC_SetRxBuffer  usbd_cdc.o
    0x08008258   0x08008258   0x00000020   Code   RO         7898    i.USBD_CDC_SetTxBuffer  usbd_cdc.o
    0x08008278   0x08008278   0x0000010a   Code   RO         7899    i.USBD_CDC_Setup    usbd_cdc.o
    0x08008382   0x08008382   0x00000014   Code   RO         7561    i.USBD_ClrClassConfig  usbd_core.o
    0x08008396   0x08008396   0x00000026   Code   RO         7724    i.USBD_ClrFeature   usbd_ctlreq.o
    0x080083bc   0x080083bc   0x00000004   Code   RO         7562    i.USBD_CoreFindEP   usbd_core.o
    0x080083c0   0x080083c0   0x00000004   Code   RO         7563    i.USBD_CoreFindIF   usbd_core.o
    0x080083c4   0x080083c4   0x00000010   Code   RO         7826    i.USBD_CtlContinueRx  usbd_ioreq.o
    0x080083d4   0x080083d4   0x00000010   Code   RO         7827    i.USBD_CtlContinueSendData  usbd_ioreq.o
    0x080083e4   0x080083e4   0x00000018   Code   RO         7725    i.USBD_CtlError     usbd_ctlreq.o
    0x080083fc   0x080083fc   0x0000001e   Code   RO         7828    i.USBD_CtlPrepareRx  usbd_ioreq.o
    0x0800841a   0x0800841a   0x00000016   Code   RO         7829    i.USBD_CtlReceiveStatus  usbd_ioreq.o
    0x08008430   0x08008430   0x0000001a   Code   RO         7830    i.USBD_CtlSendData  usbd_ioreq.o
    0x0800844a   0x0800844a   0x00000016   Code   RO         7831    i.USBD_CtlSendStatus  usbd_ioreq.o
    0x08008460   0x08008460   0x00000030   Code   RO         7221    i.USBD_FS_ConfigStrDescriptor  usbd_desc.o
    0x08008490   0x08008490   0x0000000c   Code   RO         7222    i.USBD_FS_DeviceDescriptor  usbd_desc.o
    0x0800849c   0x0800849c   0x00000034   Code   RO         7223    i.USBD_FS_InterfaceStrDescriptor  usbd_desc.o
    0x080084d0   0x080084d0   0x0000000c   Code   RO         7224    i.USBD_FS_LangIDStrDescriptor  usbd_desc.o
    0x080084dc   0x080084dc   0x00000028   Code   RO         7225    i.USBD_FS_ManufacturerStrDescriptor  usbd_desc.o
    0x08008504   0x08008504   0x0000003c   Code   RO         7226    i.USBD_FS_ProductStrDescriptor  usbd_desc.o
    0x08008540   0x08008540   0x00000014   Code   RO         7227    i.USBD_FS_SerialStrDescriptor  usbd_desc.o
    0x08008554   0x08008554   0x0000003a   Code   RO         7726    i.USBD_GetConfig    usbd_ctlreq.o
    0x0800858e   0x0800858e   0x000001b0   Code   RO         7727    i.USBD_GetDescriptor  usbd_ctlreq.o
    0x0800873e   0x0800873e   0x0000003a   Code   RO         7565    i.USBD_GetEpDesc    usbd_core.o
    0x08008778   0x08008778   0x00000014   Code   RO         7728    i.USBD_GetLen       usbd_ctlreq.o
    0x0800878c   0x0800878c   0x0000000e   Code   RO         7566    i.USBD_GetNextDesc  usbd_core.o
    0x0800879a   0x0800879a   0x0000003c   Code   RO         7729    i.USBD_GetStatus    usbd_ctlreq.o
    0x080087d6   0x080087d6   0x0000003e   Code   RO         7730    i.USBD_GetString    usbd_ctlreq.o
    0x08008814   0x08008814   0x00000024   Code   RO         7367    i.USBD_Get_USB_Status  usbd_conf.o
    0x08008838   0x08008838   0x00000028   Code   RO         7567    i.USBD_Init         usbd_core.o
    0x08008860   0x08008860   0x00000012   Code   RO         7368    i.USBD_LL_ClearStallEP  usbd_conf.o
    0x08008872   0x08008872   0x00000012   Code   RO         7369    i.USBD_LL_CloseEP   usbd_conf.o
    0x08008884   0x08008884   0x000000dc   Code   RO         7568    i.USBD_LL_DataInStage  usbd_core.o
    0x08008960   0x08008960   0x000000ca   Code   RO         7569    i.USBD_LL_DataOutStage  usbd_core.o
    0x08008a2a   0x08008a2a   0x00000004   Code   RO         7570    i.USBD_LL_DevConnected  usbd_core.o
    0x08008a2e   0x08008a2e   0x00000020   Code   RO         7571    i.USBD_LL_DevDisconnected  usbd_core.o
    0x08008a4e   0x08008a4e   0x00000008   Code   RO         7373    i.USBD_LL_GetRxDataSize  usbd_conf.o
    0x08008a56   0x08008a56   0x00000002   PAD
    0x08008a58   0x08008a58   0x00000060   Code   RO         7374    i.USBD_LL_Init      usbd_conf.o
    0x08008ab8   0x08008ab8   0x00000020   Code   RO         7375    i.USBD_LL_IsStallEP  usbd_conf.o
    0x08008ad8   0x08008ad8   0x0000002a   Code   RO         7572    i.USBD_LL_IsoINIncomplete  usbd_core.o
    0x08008b02   0x08008b02   0x0000002a   Code   RO         7573    i.USBD_LL_IsoOUTIncomplete  usbd_core.o
    0x08008b2c   0x08008b2c   0x00000018   Code   RO         7376    i.USBD_LL_OpenEP    usbd_conf.o
    0x08008b44   0x08008b44   0x00000012   Code   RO         7377    i.USBD_LL_PrepareReceive  usbd_conf.o
    0x08008b56   0x08008b56   0x00000060   Code   RO         7574    i.USBD_LL_Reset     usbd_core.o
    0x08008bb6   0x08008bb6   0x00000014   Code   RO         7575    i.USBD_LL_Resume    usbd_core.o
    0x08008bca   0x08008bca   0x0000001a   Code   RO         7576    i.USBD_LL_SOF       usbd_core.o
    0x08008be4   0x08008be4   0x00000006   Code   RO         7577    i.USBD_LL_SetSpeed  usbd_core.o
    0x08008bea   0x08008bea   0x00000012   Code   RO         7378    i.USBD_LL_SetUSBAddress  usbd_conf.o
    0x08008bfc   0x08008bfc   0x00000060   Code   RO         7578    i.USBD_LL_SetupStage  usbd_core.o
    0x08008c5c   0x08008c5c   0x00000012   Code   RO         7379    i.USBD_LL_StallEP   usbd_conf.o
    0x08008c6e   0x08008c6e   0x00000012   Code   RO         7380    i.USBD_LL_Start     usbd_conf.o
    0x08008c80   0x08008c80   0x00000010   Code   RO         7579    i.USBD_LL_Suspend   usbd_core.o
    0x08008c90   0x08008c90   0x00000012   Code   RO         7382    i.USBD_LL_Transmit  usbd_conf.o
    0x08008ca2   0x08008ca2   0x00000032   Code   RO         7731    i.USBD_ParseSetupRequest  usbd_ctlreq.o
    0x08008cd4   0x08008cd4   0x0000003a   Code   RO         7580    i.USBD_RegisterClass  usbd_core.o
    0x08008d0e   0x08008d0e   0x00000004   Code   RO         7581    i.USBD_RunTestMode  usbd_core.o
    0x08008d12   0x08008d12   0x00000058   Code   RO         7732    i.USBD_SetAddress   usbd_ctlreq.o
    0x08008d6a   0x08008d6a   0x00000014   Code   RO         7582    i.USBD_SetClassConfig  usbd_core.o
    0x08008d7e   0x08008d7e   0x00000002   PAD
    0x08008d80   0x08008d80   0x000000dc   Code   RO         7733    i.USBD_SetConfig    usbd_ctlreq.o
    0x08008e5c   0x08008e5c   0x00000024   Code   RO         7734    i.USBD_SetFeature   usbd_ctlreq.o
    0x08008e80   0x08008e80   0x00000004   Code   RO         7583    i.USBD_Start        usbd_core.o
    0x08008e84   0x08008e84   0x00000076   Code   RO         7735    i.USBD_StdDevReq    usbd_ctlreq.o
    0x08008efa   0x08008efa   0x00000220   Code   RO         7736    i.USBD_StdEPReq     usbd_ctlreq.o
    0x0800911a   0x0800911a   0x0000008e   Code   RO         7737    i.USBD_StdItfReq    usbd_ctlreq.o
    0x080091a8   0x080091a8   0x00000002   Code   RO         7383    i.USBD_static_free  usbd_conf.o
    0x080091aa   0x080091aa   0x00000002   PAD
    0x080091ac   0x080091ac   0x00000008   Code   RO         7384    i.USBD_static_malloc  usbd_conf.o
    0x080091b4   0x080091b4   0x00000084   Code   RO         3794    i.USB_ActivateEndpoint  stm32f4xx_ll_usb.o
    0x08009238   0x08009238   0x0000001c   Code   RO         3796    i.USB_ActivateSetup  stm32f4xx_ll_usb.o
    0x08009254   0x08009254   0x00000080   Code   RO         3798    i.USB_CoreInit      stm32f4xx_ll_usb.o
    0x080092d4   0x080092d4   0x00000048   Code   RO         3799    i.USB_CoreReset     stm32f4xx_ll_usb.o
    0x0800931c   0x0800931c   0x000000c8   Code   RO         3802    i.USB_DeactivateEndpoint  stm32f4xx_ll_usb.o
    0x080093e4   0x080093e4   0x0000001c   Code   RO         3803    i.USB_DevConnect    stm32f4xx_ll_usb.o
    0x08009400   0x08009400   0x0000001c   Code   RO         3804    i.USB_DevDisconnect  stm32f4xx_ll_usb.o
    0x0800941c   0x0800941c   0x00000170   Code   RO         3805    i.USB_DevInit       stm32f4xx_ll_usb.o
    0x0800958c   0x0800958c   0x0000000c   Code   RO         3806    i.USB_DisableGlobalInt  stm32f4xx_ll_usb.o
    0x08009598   0x08009598   0x00000118   Code   RO         3809    i.USB_EP0StartXfer  stm32f4xx_ll_usb.o
    0x080096b0   0x080096b0   0x00000054   Code   RO         3810    i.USB_EP0_OutStart  stm32f4xx_ll_usb.o
    0x08009704   0x08009704   0x00000058   Code   RO         3811    i.USB_EPClearStall  stm32f4xx_ll_usb.o
    0x0800975c   0x0800975c   0x00000058   Code   RO         3812    i.USB_EPSetStall    stm32f4xx_ll_usb.o
    0x080097b4   0x080097b4   0x000001f8   Code   RO         3813    i.USB_EPStartXfer   stm32f4xx_ll_usb.o
    0x080099ac   0x080099ac   0x000000a4   Code   RO         3814    i.USB_EPStopXfer    stm32f4xx_ll_usb.o
    0x08009a50   0x08009a50   0x0000000c   Code   RO         3815    i.USB_EnableGlobalInt  stm32f4xx_ll_usb.o
    0x08009a5c   0x08009a5c   0x00000044   Code   RO         3816    i.USB_FlushRxFifo   stm32f4xx_ll_usb.o
    0x08009aa0   0x08009aa0   0x00000048   Code   RO         3817    i.USB_FlushTxFifo   stm32f4xx_ll_usb.o
    0x08009ae8   0x08009ae8   0x00000020   Code   RO         3819    i.USB_GetDevSpeed   stm32f4xx_ll_usb.o
    0x08009b08   0x08009b08   0x00000008   Code   RO         3821    i.USB_GetMode       stm32f4xx_ll_usb.o
    0x08009b10   0x08009b10   0x0000000e   Code   RO         3828    i.USB_ReadDevAllInEpInterrupt  stm32f4xx_ll_usb.o
    0x08009b1e   0x08009b1e   0x0000000e   Code   RO         3829    i.USB_ReadDevAllOutEpInterrupt  stm32f4xx_ll_usb.o
    0x08009b2c   0x08009b2c   0x00000024   Code   RO         3830    i.USB_ReadDevInEPInterrupt  stm32f4xx_ll_usb.o
    0x08009b50   0x08009b50   0x00000010   Code   RO         3831    i.USB_ReadDevOutEPInterrupt  stm32f4xx_ll_usb.o
    0x08009b60   0x08009b60   0x00000008   Code   RO         3832    i.USB_ReadInterrupts  stm32f4xx_ll_usb.o
    0x08009b68   0x08009b68   0x0000003e   Code   RO         3833    i.USB_ReadPacket    stm32f4xx_ll_usb.o
    0x08009ba6   0x08009ba6   0x00000060   Code   RO         3835    i.USB_SetCurrentMode  stm32f4xx_ll_usb.o
    0x08009c06   0x08009c06   0x0000001e   Code   RO         3836    i.USB_SetDevAddress  stm32f4xx_ll_usb.o
    0x08009c24   0x08009c24   0x0000000e   Code   RO         3837    i.USB_SetDevSpeed   stm32f4xx_ll_usb.o
    0x08009c32   0x08009c32   0x00000002   PAD
    0x08009c34   0x08009c34   0x000000f4   Code   RO         3838    i.USB_SetTurnaroundTime  stm32f4xx_ll_usb.o
    0x08009d28   0x08009d28   0x00000028   Code   RO         3841    i.USB_WritePacket   stm32f4xx_ll_usb.o
    0x08009d50   0x08009d50   0x00000018   Code   RO          558    i.USER_CAN_TxMessage  bsp_can.o
    0x08009d68   0x08009d68   0x00000078   Code   RO          898    i.USER_USART1_RxHandler  bsp_uart.o
    0x08009de0   0x08009de0   0x00000070   Code   RO          899    i.USER_USART3_RxHandler  bsp_uart.o
    0x08009e50   0x08009e50   0x00000002   Code   RO         1921    i.UsageFault_Handler  stm32f4xx_it.o
    0x08009e52   0x08009e52   0x00000028   Code   RO          858    i.User_Tim_SetCompare  bsp_tim.o
    0x08009e7a   0x08009e7a   0x00000002   PAD
    0x08009e7c   0x08009e7c   0x00000198   Code   RO          447    i.VMC_Calculate     vmc_task.o
    0x0800a014   0x0800a014   0x00000144   Code   RO          448    i.VMC_F_Tp_To_Joint_Calculate  vmc_task.o
    0x0800a158   0x0800a158   0x00000054   Code   RO          449    i.VMC_Task          vmc_task.o
    0x0800a1ac   0x0800a1ac   0x0000004c   Code   RO          450    i.VMC_rad_to_Angle  vmc_task.o
    0x0800a1f8   0x0800a1f8   0x00000030   Code   RO         8664    i.__ARM_fpclassify  m_wm.l(fpclassify.o)
    0x0800a228   0x0800a228   0x00000026   Code   RO         8666    i.__ARM_fpclassifyf  m_wm.l(fpclassifyf.o)
    0x0800a24e   0x0800a24e   0x00000020   Code   RO         4906    i.__NVIC_SetPriority  stm32f4xx_hal_cortex.o
    0x0800a26e   0x0800a26e   0x00000002   PAD
    0x0800a270   0x0800a270   0x00000118   Code   RO         8391    i.__hardfp_acosf    m_wm.l(acosf.o)
    0x0800a388   0x0800a388   0x0000012c   Code   RO         8403    i.__hardfp_asinf    m_wm.l(asinf.o)
    0x0800a4b4   0x0800a4b4   0x000002ac   Code   RO         8427    i.__hardfp_atan2f   m_wm.l(atan2f.o)
    0x0800a760   0x0800a760   0x00000014   Code   RO         8465    i.__hardfp_fabs     m_wm.l(fabs.o)
    0x0800a774   0x0800a774   0x00000004   PAD
    0x0800a778   0x0800a778   0x00000c50   Code   RO         8471    i.__hardfp_pow      m_wm.l(pow.o)
    0x0800b3c8   0x0800b3c8   0x00000664   Code   RO         8485    i.__hardfp_powf     m_wm.l(powf.o)
    0x0800ba2c   0x0800ba2c   0x000000f8   Code   RO         8682    i.__kernel_poly     m_wm.l(poly.o)
    0x0800bb24   0x0800bb24   0x00000004   PAD
    0x0800bb28   0x0800bb28   0x00000030   Code   RO         8650    i.__mathlib_dbl_divzero  m_wm.l(dunder.o)
    0x0800bb58   0x0800bb58   0x00000014   Code   RO         8652    i.__mathlib_dbl_infnan2  m_wm.l(dunder.o)
    0x0800bb6c   0x0800bb6c   0x00000004   PAD
    0x0800bb70   0x0800bb70   0x00000020   Code   RO         8653    i.__mathlib_dbl_invalid  m_wm.l(dunder.o)
    0x0800bb90   0x0800bb90   0x00000020   Code   RO         8654    i.__mathlib_dbl_overflow  m_wm.l(dunder.o)
    0x0800bbb0   0x0800bbb0   0x00000020   Code   RO         8656    i.__mathlib_dbl_underflow  m_wm.l(dunder.o)
    0x0800bbd0   0x0800bbd0   0x00000014   Code   RO         8668    i.__mathlib_flt_divzero  m_wm.l(funder.o)
    0x0800bbe4   0x0800bbe4   0x00000006   Code   RO         8669    i.__mathlib_flt_infnan  m_wm.l(funder.o)
    0x0800bbea   0x0800bbea   0x00000006   Code   RO         8670    i.__mathlib_flt_infnan2  m_wm.l(funder.o)
    0x0800bbf0   0x0800bbf0   0x00000010   Code   RO         8671    i.__mathlib_flt_invalid  m_wm.l(funder.o)
    0x0800bc00   0x0800bc00   0x00000010   Code   RO         8672    i.__mathlib_flt_overflow  m_wm.l(funder.o)
    0x0800bc10   0x0800bc10   0x00000010   Code   RO         8674    i.__mathlib_flt_underflow  m_wm.l(funder.o)
    0x0800bc20   0x0800bc20   0x00000014   Code   RO         1372    i.bit8TObit16       referee_info.o
    0x0800bc34   0x0800bc34   0x00000020   Code   RO         1373    i.bit8TOfloat32     referee_info.o
    0x0800bc54   0x0800bc54   0x000000c0   Code   RO         1288    i.encoder_to_anglesum  motor.o
    0x0800bd14   0x0800bd14   0x0000018c   Code   RO         1121    i.f_PID_Calculate   pid.o
    0x0800bea0   0x0800bea0   0x00000018   Code   RO         8467    i.fabs              m_wm.l(fabs.o)
    0x0800beb8   0x0800beb8   0x00000028   Code   RO          160    i.float_to_uint     can_task.o
    0x0800bee0   0x0800bee0   0x00000030   Code   RO          943    i.get_CRC16_check_sum  crc.o
    0x0800bf10   0x0800bf10   0x0000001c   Code   RO          944    i.get_CRC8_check_sum  crc.o
    0x0800bf2c   0x0800bf2c   0x00000010   Code   RO         2980    i.inHandlerMode     cmsis_os.o
    0x0800bf3c   0x0800bf3c   0x0000003a   Code   RO         1551    i.main              main.o
    0x0800bf76   0x0800bf76   0x0000000c   Code   RO         2982    i.makeFreeRtosPriority  cmsis_os.o
    0x0800bf82   0x0800bf82   0x00000010   Code   RO         2984    i.osDelay           cmsis_os.o
    0x0800bf92   0x0800bf92   0x00000010   Code   RO         2985    i.osDelayUntil      cmsis_os.o
    0x0800bfa2   0x0800bfa2   0x0000000a   Code   RO         2987    i.osKernelStart     cmsis_os.o
    0x0800bfac   0x0800bfac   0x00000018   Code   RO         2988    i.osKernelSysTick   cmsis_os.o
    0x0800bfc4   0x0800bfc4   0x00000058   Code   RO         3021    i.osThreadCreate    cmsis_os.o
    0x0800c01c   0x0800c01c   0x00000078   Code   RO         2608    i.prvAddCurrentTaskToDelayedList  tasks.o
    0x0800c094   0x0800c094   0x00000088   Code   RO         2609    i.prvAddNewTaskToReadyList  tasks.o
    0x0800c11c   0x0800c11c   0x0000003c   Code   RO         2610    i.prvCheckTasksWaitingTermination  tasks.o
    0x0800c158   0x0800c158   0x00000040   Code   RO         2611    i.prvDeleteTCB      tasks.o
    0x0800c198   0x0800c198   0x0000004c   Code   RO         3361    i.prvHeapInit       heap_4.o
    0x0800c1e4   0x0800c1e4   0x00000028   Code   RO         2612    i.prvIdleTask       tasks.o
    0x0800c20c   0x0800c20c   0x000000ac   Code   RO         2613    i.prvInitialiseNewTask  tasks.o
    0x0800c2b8   0x0800c2b8   0x00000058   Code   RO         2614    i.prvInitialiseTaskLists  tasks.o
    0x0800c310   0x0800c310   0x00000054   Code   RO         3362    i.prvInsertBlockIntoFreeList  heap_4.o
    0x0800c364   0x0800c364   0x00000024   Code   RO         2615    i.prvResetNextTaskUnblockTime  tasks.o
    0x0800c388   0x0800c388   0x0000002c   Code   RO         3430    i.prvTaskExitError  port.o
    0x0800c3b4   0x0800c3b4   0x000000dc   Code   RO         3363    i.pvPortMalloc      heap_4.o
    0x0800c490   0x0800c490   0x00000024   Code   RO         3431    i.pxPortInitialiseStack  port.o
    0x0800c4b4   0x0800c4b4   0x0000006e   Code   RO         8698    i.sqrt              m_wm.l(sqrt_full.o)
    0x0800c522   0x0800c522   0x0000003e   Code   RO         8704    i.sqrtf             m_wm.l(sqrtf_full.o)
    0x0800c560   0x0800c560   0x00000028   Code   RO         1290    i.uint_to_float     motor.o
    0x0800c588   0x0800c588   0x00000026   Code   RO         2227    i.uxListRemove      list.o
    0x0800c5ae   0x0800c5ae   0x00000002   PAD
    0x0800c5b0   0x0800c5b0   0x00000018   Code   RO         1629    i.vApplicationGetIdleTaskMemory  freertos.o
    0x0800c5c8   0x0800c5c8   0x00000016   Code   RO         2228    i.vListInitialise   list.o
    0x0800c5de   0x0800c5de   0x00000006   Code   RO         2229    i.vListInitialiseItem  list.o
    0x0800c5e4   0x0800c5e4   0x00000030   Code   RO         2230    i.vListInsert       list.o
    0x0800c614   0x0800c614   0x00000018   Code   RO         2231    i.vListInsertEnd    list.o
    0x0800c62c   0x0800c62c   0x00000040   Code   RO         3433    i.vPortEnterCritical  port.o
    0x0800c66c   0x0800c66c   0x0000002c   Code   RO         3434    i.vPortExitCritical  port.o
    0x0800c698   0x0800c698   0x00000064   Code   RO         3364    i.vPortFree         heap_4.o
    0x0800c6fc   0x0800c6fc   0x00000024   Code   RO         3435    i.vPortSetupTimerInterrupt  port.o
    0x0800c720   0x0800c720   0x00000054   Code   RO         3436    i.vPortValidateInterruptPriority  port.o
    0x0800c774   0x0800c774   0x00000050   Code   RO         2628    i.vTaskDelay        tasks.o
    0x0800c7c4   0x0800c7c4   0x00000098   Code   RO         2629    i.vTaskDelayUntil   tasks.o
    0x0800c85c   0x0800c85c   0x00000088   Code   RO         2642    i.vTaskStartScheduler  tasks.o
    0x0800c8e4   0x0800c8e4   0x00000010   Code   RO         2644    i.vTaskSuspendAll   tasks.o
    0x0800c8f4   0x0800c8f4   0x00000060   Code   RO         2645    i.vTaskSwitchContext  tasks.o
    0x0800c954   0x0800c954   0x00000040   Code   RO          945    i.verify_CRC16_check_sum  crc.o
    0x0800c994   0x0800c994   0x0000002e   Code   RO          946    i.verify_CRC8_check_sum  crc.o
    0x0800c9c2   0x0800c9c2   0x00000002   PAD
    0x0800c9c4   0x0800c9c4   0x000000f4   Code   RO         3437    i.xPortStartScheduler  port.o
    0x0800cab8   0x0800cab8   0x00000064   Code   RO         2649    i.xTaskCreate       tasks.o
    0x0800cb1c   0x0800cb1c   0x0000005c   Code   RO         2650    i.xTaskCreateStatic  tasks.o
    0x0800cb78   0x0800cb78   0x0000000c   Code   RO         2656    i.xTaskGetTickCount  tasks.o
    0x0800cb84   0x0800cb84   0x00000010   Code   RO         2657    i.xTaskGetTickCountFromISR  tasks.o
    0x0800cb94   0x0800cb94   0x000000d0   Code   RO         2658    i.xTaskIncrementTick  tasks.o
    0x0800cc64   0x0800cc64   0x000000cc   Code   RO         2664    i.xTaskResumeAll    tasks.o
    0x0800cd30   0x0800cd30   0x00000018   Code   RO         8598    x$fpl$basic         g_wm.l(basic.o)
    0x0800cd48   0x0800cd48   0x000002c4   Code   RO         8367    x$fpl$d2f           g_wm.l(d2f_clz.o)
    0x0800d00c   0x0800d00c   0x0000024c   Code   RO         8369    x$fpl$dadd          g_wm.l(daddsub_clz.o)
    0x0800d258   0x0800d258   0x0000001c   Code   RO         8766    x$fpl$dcheck1       g_wm.l(dcheck1.o)
    0x0800d274   0x0800d274   0x00000018   Code   RO         8600    x$fpl$dcmpinf       g_wm.l(dcmpi.o)
    0x0800d28c   0x0800d28c   0x0000037c   Code   RO         8376    x$fpl$ddiv          g_wm.l(ddiv_clz.o)
    0x0800d608   0x0800d608   0x0000002e   Code   RO         8380    x$fpl$dflt          g_wm.l(dflt_clz.o)
    0x0800d636   0x0800d636   0x0000001a   Code   RO         8381    x$fpl$dfltn         g_wm.l(dflt_clz.o)
    0x0800d650   0x0800d650   0x00000078   Code   RO         8385    x$fpl$dleqf         g_wm.l(dleqf.o)
    0x0800d6c8   0x0800d6c8   0x000001c0   Code   RO         8387    x$fpl$dmul          g_wm.l(dmul_clz.o)
    0x0800d888   0x0800d888   0x00000102   Code   RO         8608    x$fpl$dnaninf       g_wm.l(dnaninf.o)
    0x0800d98a   0x0800d98a   0x00000070   Code   RO         8610    x$fpl$drenorm       g_wm.l(drenorm_clz.o)
    0x0800d9fa   0x0800d9fa   0x0000000c   Code   RO         8612    x$fpl$dretinf       g_wm.l(dretinf.o)
    0x0800da06   0x0800da06   0x00000062   Code   RO         8614    x$fpl$drleqf        g_wm.l(drleqf.o)
    0x0800da68   0x0800da68   0x00000050   Code   RO         8370    x$fpl$drsb          g_wm.l(daddsub_clz.o)
    0x0800dab8   0x0800dab8   0x00000208   Code   RO         8768    x$fpl$dsqrt         g_wm.l(dsqrt_umaalclz.o)
    0x0800dcc0   0x0800dcc0   0x0000029c   Code   RO         8371    x$fpl$dsub          g_wm.l(daddsub_clz.o)
    0x0800df5c   0x0800df5c   0x0000017a   Code   RO         8616    x$fpl$dunder        g_wm.l(dunder_clz.o)
    0x0800e0d6   0x0800e0d6   0x00000002   PAD
    0x0800e0d8   0x0800e0d8   0x000001ec   Code   RO         8618    x$fpl$exception     g_wm.l(except.o)
    0x0800e2c4   0x0800e2c4   0x0000007a   Code   RO         8389    x$fpl$f2d           g_wm.l(f2d.o)
    0x0800e33e   0x0800e33e   0x000000f2   Code   RO         8620    x$fpl$fnaninf       g_wm.l(fnaninf.o)
    0x0800e430   0x0800e430   0x0000000a   Code   RO         8770    x$fpl$fpinit        g_wm.l(fpinit.o)
    0x0800e43a   0x0800e43a   0x0000000a   Code   RO         8622    x$fpl$fretinf       g_wm.l(fretinf.o)
    0x0800e444   0x0800e444   0x0000013c   Code   RO         8624    x$fpl$funder        g_wm.l(funder_clz.o)
    0x0800e580   0x0800e580   0x00000020   Code   RO         8626    x$fpl$ieeestatus    g_wm.l(istatus.o)
    0x0800e5a0   0x0800e5a0   0x000000b2   Code   RO         8772    x$fpl$retnan        g_wm.l(retnan.o)
    0x0800e652   0x0800e652   0x00000002   PAD
    0x0800e654   0x0800e654   0x00000114   Code   RO         8628    x$fpl$scalbn        g_wm.l(scalbn_clz.o)
    0x0800e768   0x0800e768   0x0000007e   Code   RO         8630    x$fpl$trapveneer    g_wm.l(trapv.o)
    0x0800e7e6   0x0800e7e6   0x00000000   Code   RO         8632    x$fpl$usenofp       g_wm.l(usenofp.o)
    0x0800e7e6   0x0800e7e6   0x00000300   Data   RO          948    .constdata          crc.o
    0x0800eae6   0x0800eae6   0x00000002   PAD
    0x0800eae8   0x0800eae8   0x0000008c   Data   RO         1631    .constdata          freertos.o
    0x0800eb74   0x0800eb74   0x00000010   Data   RO         2096    .constdata          system_stm32f4xx.o
    0x0800eb84   0x0800eb84   0x00000008   Data   RO         2097    .constdata          system_stm32f4xx.o
    0x0800eb8c   0x0800eb8c   0x00000008   Data   RO         4623    .constdata          stm32f4xx_hal_dma.o
    0x0800eb94   0x0800eb94   0x00000804   Data   RO         8266    .constdata          arm_cortexM4lf_math.lib(arm_common_tables.o)
    0x0800f398   0x0800f398   0x00000088   Data   RO         8474    .constdata          m_wm.l(pow.o)
    0x0800f420   0x0800f420   0x00000140   Data   RO         8488    .constdata          m_wm.l(powf.o)
    0x0800f560   0x0800f560   0x00000008   Data   RO         8684    .constdata          m_wm.l(qnan.o)
    0x0800f568   0x0800f568   0x00000050   Data   RO         1632    .conststring        freertos.o
    0x0800f5b8   0x0800f5b8   0x00000020   Data   RO         8863    Region$$Table       anon$$obj.o


    Execution Region RW_IRAM1 (Exec base: 0x20000000, Load base: 0x0800f5d8, Size: 0x0000d118, Max: 0x0001c000, ABSOLUTE, COMPRESSED[0x000001a8])

    Exec Addr    Load Addr    Size         Type   Attr      Idx    E Section Name        Object

    0x20000000   COMPRESSED   0x0000000c   Data   RW          163    .data               can_task.o
    0x2000000c   COMPRESSED   0x000000cc   Data   RW          380    .data               control_task.o
    0x200000d8   COMPRESSED   0x0000009c   Data   RW          452    .data               vmc_task.o
    0x20000174   COMPRESSED   0x00000144   Data   RW          498    .data               ins_task.o
    0x200002b8   COMPRESSED   0x00000090   Data   RW          560    .data               bsp_can.o
    0x20000348   COMPRESSED   0x00000024   Data   RW          561    .data               bsp_can.o
    0x2000036c   COMPRESSED   0x00000024   Data   RW          562    .data               bsp_can.o
    0x20000390   COMPRESSED   0x0000000c   Data   RW          563    .data               bsp_can.o
    0x2000039c   COMPRESSED   0x00000002   Data   RW          949    .data               crc.o
    0x2000039e   COMPRESSED   0x00000002   PAD
    0x200003a0   COMPRESSED   0x0000002c   Data   RW         1163    .data               bmi088.o
    0x200003cc   COMPRESSED   0x00000030   Data   RW         1215    .data               minipc.o
    0x200003fc   COMPRESSED   0x00000050   Data   RW         1291    .data               motor.o
    0x2000044c   COMPRESSED   0x00000078   Data   RW         1292    .data               motor.o
    0x200004c4   COMPRESSED   0x000000e0   Data   RW         1293    .data               motor.o
    0x200005a4   COMPRESSED   0x00000060   Data   RW         1294    .data               motor.o
    0x20000604   COMPRESSED   0x0000001c   Data   RW         1418    .data               remote_control.o
    0x20000620   COMPRESSED   0x00000014   Data   RW         1633    .data               freertos.o
    0x20000634   COMPRESSED   0x00000004   Data   RW         1694    .data               can.o
    0x20000638   COMPRESSED   0x00000004   Data   RW         2098    .data               system_stm32f4xx.o
    0x2000063c   COMPRESSED   0x0000003c   Data   RW         2667    .data               tasks.o
    0x20000678   COMPRESSED   0x00000020   Data   RW         3370    .data               heap_4.o
    0x20000698   COMPRESSED   0x0000000c   Data   RW         3438    .data               port.o
    0x200006a4   COMPRESSED   0x0000000c   Data   RW         5050    .data               stm32f4xx_hal.o
    0x200006b0   COMPRESSED   0x0000001c   Data   RW         7229    .data               usbd_desc.o
    0x200006cc   COMPRESSED   0x00000032   Data   RW         7230    .data               usbd_desc.o
    0x200006fe   COMPRESSED   0x00000002   PAD
    0x20000700   COMPRESSED   0x00000014   Data   RW         7304    .data               usbd_cdc_if.o
    0x20000714   COMPRESSED   0x00000001   Data   RW         7738    .data               usbd_ctlreq.o
    0x20000715   COMPRESSED   0x00000003   PAD
    0x20000718   COMPRESSED   0x00000053   Data   RW         7901    .data               usbd_cdc.o
    0x2000076b   COMPRESSED   0x00000001   PAD
    0x2000076c   COMPRESSED   0x00000038   Data   RW         7902    .data               usbd_cdc.o
    0x200007a4        -       0x00000064   Zero   RW          451    .bss                vmc_task.o
    0x20000808        -       0x0000029c   Zero   RW          497    .bss                ins_task.o
    0x20000aa4        -       0x0000001c   Zero   RW          559    .bss                bsp_can.o
    0x20000ac0        -       0x0000003c   Zero   RW         1162    .bss                bmi088.o
    0x20000afc        -       0x000000c8   Zero   RW         1374    .bss                referee_info.o
    0x20000bc4        -       0x00000035   Zero   RW         1375    .bss                referee_info.o
    0x20000bf9        -       0x00000048   Zero   RW         1416    .bss                remote_control.o
    0x20000c41   COMPRESSED   0x00000003   PAD
    0x20000c44        -       0x00000454   Zero   RW         1630    .bss                freertos.o
    0x20001098        -       0x00000050   Zero   RW         1693    .bss                can.o
    0x200010e8        -       0x00000058   Zero   RW         1765    .bss                spi.o
    0x20001140        -       0x00000090   Zero   RW         1809    .bss                tim.o
    0x200011d0        -       0x000001a8   Zero   RW         1862    .bss                usart.o
    0x20001378        -       0x00000048   Zero   RW         2051    .bss                stm32f4xx_hal_timebase_tim.o
    0x200013c0        -       0x000000f0   Zero   RW         2666    .bss                tasks.o
    0x200014b0        -       0x00006000   Zero   RW         3369    .bss                heap_4.o
    0x200074b0        -       0x000002dc   Zero   RW         7189    .bss                usb_device.o
    0x2000778c        -       0x00000200   Zero   RW         7228    .bss                usbd_desc.o
    0x2000798c        -       0x00001000   Zero   RW         7303    .bss                usbd_cdc_if.o
    0x2000898c        -       0x0000072c   Zero   RW         7385    .bss                usbd_conf.o
    0x200090b8        -       0x00000060   Zero   RW         8723    .bss                c_w.l(libspace.o)
    0x20009118        -       0x00002000   Zero   RW         2085    HEAP                startup_stm32f407xx.o
    0x2000b118        -       0x00002000   Zero   RW         2084    STACK               startup_stm32f407xx.o


    Execution Region RW_IRAM2 (Exec base: 0x2001c000, Load base: 0x0800f780, Size: 0x00000000, Max: 0x00004000, ABSOLUTE)

    **** No section assigned to this execution region ****


==============================================================================

Image component sizes


      Code (inc. data)   RO Data    RW Data    ZI Data      Debug   Object Name

      2726         84          0          0          0      28396   api_quaternion.o
         0          0          0          0          0      13392   api_trajectory.o
      1020         34          0         44         60       8997   bmi088.o
       424         56          0        228         28       4583   bsp_can.o
        64         24          0          0          0       1838   bsp_gpio.o
        26          0          0          0          0       6287   bsp_mcu.o
        36          4          0          0          0        577   bsp_spi.o
        70          0          0          0          0       1610   bsp_tick.o
        68         10          0          0          0       1824   bsp_tim.o
       476         42          0          0          0       3538   bsp_uart.o
       400         46          0          4         80       2526   can.o
       476         60          0         12          0     748878   can_task.o
       182          0          0          0          0      30004   cmsis_os.o
      2350        388          0        204          0       5054   control_task.o
       186         12        768          2          0       3857   crc.o
         8          0          0          0          0        510   detect_task.o
        92          4          0          0          0        826   dma.o
         0          0          0          0          0      15148   event_groups.o
       152         16        220         20       1108       2419   freertos.o
       228         16          0          0          0       1071   gpio.o
       480         26          0         32      24576       7571   heap_4.o
       564         72          0        324        668       7017   ins_task.o
      1712          0          0          0          0       5636   kalman.o
       138          0          0          0          0       3594   list.o
       112          6          0          0          0       3056   lpf.o
       228         10          0          0          0       2764   main.o
        48          4          0         48          0       4138   minipc.o
       936         80          0        520          0       9150   motor.o
       594         18          0          0          0       8346   pid.o
       786         84          0         12          0      11965   port.o
       540          6          0          0        253      10022   referee_info.o
       200          0          0         28         72       5147   remote_control.o
       216         26          0          0         88       1757   spi.o
        64         26        392          0      16384        812   startup_stm32f407xx.o
       116         18          0         12          0       8726   stm32f4xx_hal.o
      1770          6          0          0          0      14687   stm32f4xx_hal_can.o
       158         14          0          0          0      33262   stm32f4xx_hal_cortex.o
      1018         14          8          0          0       5835   stm32f4xx_hal_dma.o
       504         50          0          0          0       3508   stm32f4xx_hal_gpio.o
        56          4          0          0          0        858   stm32f4xx_hal_msp.o
      2624         14          0          0          0      14352   stm32f4xx_hal_pcd.o
        76          0          0          0          0       2509   stm32f4xx_hal_pcd_ex.o
      1578         96          0          0          0       8644   stm32f4xx_hal_rcc.o
       954         14          0          0          0       4745   stm32f4xx_hal_spi.o
      2084        140          0          0          0      16968   stm32f4xx_hal_tim.o
       148         30          0          0          0       2533   stm32f4xx_hal_tim_ex.o
       152         18          0          0         72       1563   stm32f4xx_hal_timebase_tim.o
      1346         16          0          0          0       9039   stm32f4xx_hal_uart.o
       130         54          0          0          0       7546   stm32f4xx_it.o
      2970        138          0          0          0      24575   stm32f4xx_ll_usb.o
        16          4         24          4          0       1135   system_stm32f4xx.o
      1828        140          0         60        240      23310   tasks.o
       464         54          0          0        144       3159   tim.o
       548         60          0          0        424       2784   usart.o
       128         22          0          0        732        872   usb_device.o
      1344         34          0        139          0      13843   usbd_cdc.o
        84         16          0         20       4096       3478   usbd_cdc_if.o
       658         22          0          0       1836      16948   usbd_conf.o
      1028          0          0          0          0      16413   usbd_core.o
      1902         30          0          1          0      18140   usbd_ctlreq.o
       358        112          0         78        512       6925   usbd_desc.o
       132          0          0          0          0       4532   usbd_ioreq.o
       892         50          0        156        100       5274   vmc_task.o

    ----------------------------------------------------------------------
     40738       2324       1446       1956      51476    1238473   Object Totals
         0          0         32          0          0          0   (incl. Generated)
        70          0          2          8          3          0   (incl. Padding)

    ----------------------------------------------------------------------

      Code (inc. data)   RO Data    RW Data    ZI Data      Debug   Library Member Name

         0          0       2052          0          0       4704   arm_common_tables.o
       120         12          0          0          0      17170   arm_cos_f32.o
       264          0          0          0          0       1826   arm_mat_add_f32.o
         8          0          0          0          0        999   arm_mat_init_f32.o
      1328          4          0          0          0       4782   arm_mat_inverse_f32.o
       316          4          0          0          0       2375   arm_mat_mult_f32.o
       264          0          0          0          0       1826   arm_mat_sub_f32.o
       276          0          0          0          0       2240   arm_mat_trans_f32.o
       148         18          0          0          0        814   arm_sin_f32.o
        90          0          0          0          0          0   __dczerorl2.o
         8          0          0          0          0         68   __main.o
         0          0          0          0          0          0   __rtentry.o
        12          0          0          0          0          0   __rtentry2.o
         6          0          0          0          0          0   __rtentry4.o
        52          8          0          0          0          0   __scatter.o
        28          0          0          0          0          0   __scatter_zi.o
        48          4          0          0          0         84   _fptrap.o
        22          0          0          0          0        100   _rserrno.o
        16          0          0          0          0         68   aeabi_memset.o
        10          0          0          0          0         68   defsig_exit.o
       172        110          0          0          0         76   defsig_fpe_inner.o
        14          0          0          0          0         80   defsig_fpe_outer.o
        50          0          0          0          0         88   defsig_general.o
        80         58          0          0          0         76   defsig_rtmem_inner.o
        14          0          0          0          0         80   defsig_rtmem_outer.o
        18          0          0          0          0         80   exit.o
        94          0          0          0          0         80   h1_alloc.o
        52          0          0          0          0         68   h1_extend.o
        78          0          0          0          0         80   h1_free.o
        14          0          0          0          0         84   h1_init.o
         6          0          0          0          0        152   heapauxi.o
         4          0          0          0          0        136   hguard.o
         0          0          0          0          0          0   indicate_semi.o
       138          0          0          0          0        168   init_alloc.o
         2          0          0          0          0          0   libinit.o
        14          0          0          0          0          0   libinit2.o
         2          0          0          0          0          0   libshutdown.o
         2          0          0          0          0          0   libshutdown2.o
         8          4          0          0         96         68   libspace.o
       238          0          0          0          0        100   lludivv7m.o
         0          0          0          0          0          0   maybetermalloc1.o
         8          4          0          0          0         68   rt_errno_addr_intlibspace.o
         8          4          0          0          0         68   rt_heap_descriptor_intlibspace.o
        68          0          0          0          0         68   rt_memclr.o
        78          0          0          0          0         80   rt_memclr_w.o
       138          0          0          0          0         68   rt_memcpy_v6.o
       100          0          0          0          0         80   rt_memcpy_w.o
         2          0          0          0          0          0   rtexit.o
        10          0          0          0          0          0   rtexit2.o
        12          4          0          0          0         68   sys_exit.o
        74          0          0          0          0         80   sys_stackheap_outer.o
        14          0          0          0          0         76   sys_wrch.o
         2          0          0          0          0         68   use_no_semi.o
        24          0          0          0          0        164   basic.o
       708         16          0          0          0        140   d2f_clz.o
      1336         32          0          0          0        532   daddsub_clz.o
        28          0          0          0          0        116   dcheck1.o
        24          0          0          0          0        116   dcmpi.o
       892        152          0          0          0        292   ddiv_clz.o
        72          0          0          0          0        232   dflt_clz.o
       120          8          0          0          0        140   dleqf.o
       448         16          0          0          0        164   dmul_clz.o
       258          4          0          0          0        156   dnaninf.o
       112          0          0          0          0        160   drenorm_clz.o
        12          0          0          0          0        116   dretinf.o
        98          0          0          0          0        128   drleqf.o
       520         56          0          0          0        180   dsqrt_umaalclz.o
       378          0          0          0          0        168   dunder_clz.o
       492         36          0          0          0        148   except.o
       122          8          0          0          0        132   f2d.o
       242          4          0          0          0        144   fnaninf.o
        10          0          0          0          0        116   fpinit.o
        10          0          0          0          0        116   fretinf.o
       316          0          0          0          0        132   funder_clz.o
        32          4          0          0          0        116   istatus.o
       178          0          0          0          0        116   retnan.o
       276          4          0          0          0        124   scalbn_clz.o
       126          0          0          0          0        148   trapv.o
         0          0          0          0          0          0   usenofp.o
       280         46          0          0          0        176   acosf.o
       300         42          0          0          0        176   asinf.o
       684         90          0          0          0        208   atan2f.o
       164         44          0          0          0        620   dunder.o
        44          0          0          0          0        248   fabs.o
        48          0          0          0          0        124   fpclassify.o
        38          0          0          0          0        116   fpclassifyf.o
        80         24          0          0          0        696   funder.o
       248          0          0          0          0        152   poly.o
      3152        296        136          0          0        352   pow.o
      1636        110        320          0          0        372   powf.o
         0          0          8          0          0          0   qnan.o
       110          0          0          0          0        148   sqrt_full.o
        62          0          0          0          0        136   sqrtf_full.o

    ----------------------------------------------------------------------
     18236       1226       2516          0         96      46884   Library Totals
        26          0          0          0          0          0   (incl. Padding)

    ----------------------------------------------------------------------

      Code (inc. data)   RO Data    RW Data    ZI Data      Debug   Library Name

      2724         38       2052          0          0      36736   arm_cortexM4lf_math.lib
      1806        196          0          0         96       2528   c_w.l
      6834        340          0          0          0       4096   g_wm.l
      6846        652        464          0          0       3524   m_wm.l

    ----------------------------------------------------------------------
     18236       1226       2516          0         96      46884   Library Totals

    ----------------------------------------------------------------------

==============================================================================


      Code (inc. data)   RO Data    RW Data    ZI Data      Debug   

     58974       3550       3962       1956      51572    1239153   Grand Totals
     58974       3550       3962        424      51572    1239153   ELF Image Totals (compressed)
     58974       3550       3962        424          0          0   ROM Totals

==============================================================================

    Total RO  Size (Code + RO Data)                62936 (  61.46kB)
    Total RW  Size (RW Data + ZI Data)             53528 (  52.27kB)
    Total ROM Size (Code + RO Data + RW Data)      63360 (  61.88kB)

==============================================================================

