<html>
<body>
<pre>
<h1>µVision Build Log</h1>
<h2>Tool Versions:</h2>
IDE-Version: ¦ÌVision V5.38.0.0
Copyright (C) 2022 ARM Ltd and ARM Germany GmbH. All rights reserved.
License Information: WANG CAOFAN, USTLCOD, LIC=WHYH9-4L4HC-FWC2N-YW360-3WTZD-8B2KC
 
Tool Versions:
Toolchain:       MDK-ARM Plus  Version: 5.38.0.0
Toolchain Path:  D:\STM32Pro\MDK5\Core\ARM\ARMCC\Bin
C Compiler:      Armcc.exe V5.06 update 7 (build 960)
Assembler:       Armasm.exe V5.06 update 7 (build 960)
Linker/Locator:  ArmLink.exe V5.06 update 7 (build 960)
Library Manager: ArmAr.exe V5.06 update 7 (build 960)
Hex Converter:   FromElf.exe V5.06 update 7 (build 960)
CPU DLL:         SARMCM3.DLL V5.38.0.0
Dialog DLL:      DCM.DLL V1.17.5.0
Target DLL:      CMSIS_AGDI.dll V1.33.15.0
Dialog DLL:      TCM.DLL V1.56.4.0
 
<h2>Project:</h2>
E:\COD\COD-2024RoboMaster-Balcanced_Infantry\Chassis\MDK-ARM\Chassis.uvprojx
Project File Date:  12/14/2023

<h2>Output:</h2>
*** Using Compiler 'V5.06 update 7 (build 960)', folder: 'D:\STM32Pro\MDK5\Core\ARM\ARMCC\Bin'
Build target 'Chassis'
compiling Control_Task.c...
..\Application\Tasks\Src\Control_Task.c(443): warning:  #1-D: last line of file ends without a newline
   }
..\Application\Tasks\Src\Control_Task.c(91): warning:  #177-D: variable "PID_Leg_Coordinate_param"  was declared but never referenced
  static float PID_Leg_Coordinate_param[6]={20.f,0.0f,2.0f,0,0,10};
..\Application\Tasks\Src\Control_Task.c(94): warning:  #177-D: function "Control_Mode_Update"  was declared but never referenced
  static void Control_Mode_Update(Control_Info_Typedef *Control_Info);
..\Application\Tasks\Src\Control_Task.c: 3 warnings, 0 errors
linking...
Program Size: Code=49220 RO-data=3772 RW-data=2452 ZI-data=52372  
FromELF: creating hex file...
".\Chassis\Chassis.axf" - 0 Error(s), 3 Warning(s).

<h2>Software Packages used:</h2>

Package Vendor: Keil
                https://www.keil.com/pack/Keil.STM32F4xx_DFP.2.17.1.pack
                Keil.STM32F4xx_DFP.2.17.1
                STMicroelectronics STM32F4 Series Device Support, Drivers and Examples

<h2>Collection of Component include folders:</h2>
  D:/STM32Pro/MDK5/Packs/Keil/STM32F4xx_DFP/2.17.1/Drivers/CMSIS/Device/ST/STM32F4xx/Include

<h2>Collection of Component Files used:</h2>
Build Time Elapsed:  00:00:03
</pre>
</body>
</html>
