Component: ARM Compiler 5.06 update 7 (build 960) Tool: armlink [4d3601]

==============================================================================

Section Cross References

    api_quaternion.o(i.QuaternionEKF_A_Update) refers to rt_memclr_w.o(.text) for __aeabi_memclr4
    api_quaternion.o(i.QuaternionEKF_A_Update) refers to api_quaternion.o(i.Fast_InverseSqrt) for Fast_InverseSqrt
    api_quaternion.o(i.QuaternionEKF_ChiSqrtTest) refers to arm_mat_mult_f32.o(.text) for arm_mat_mult_f32
    api_quaternion.o(i.QuaternionEKF_ChiSqrtTest) refers to arm_mat_trans_f32.o(.text) for arm_mat_trans_f32
    api_quaternion.o(i.QuaternionEKF_ChiSqrtTest) refers to rt_memcpy_w.o(.text) for __aeabi_memcpy4
    api_quaternion.o(i.QuaternionEKF_H_Update) refers to rt_memclr_w.o(.text) for __aeabi_memclr4
    api_quaternion.o(i.QuaternionEKF_Init) refers to kalman.o(i.Kalman_Filter_Init) for Kalman_Filter_Init
    api_quaternion.o(i.QuaternionEKF_Init) refers to rt_memcpy_w.o(.text) for __aeabi_memcpy4
    api_quaternion.o(i.QuaternionEKF_Init) refers to api_quaternion.o(i.QuaternionEKF_A_Update) for QuaternionEKF_A_Update
    api_quaternion.o(i.QuaternionEKF_Init) refers to api_quaternion.o(i.QuaternionEKF_H_Update) for QuaternionEKF_H_Update
    api_quaternion.o(i.QuaternionEKF_Init) refers to api_quaternion.o(i.QuaternionEKF_xhat_Update) for QuaternionEKF_xhat_Update
    api_quaternion.o(i.QuaternionEKF_Update) refers to api_quaternion.o(i.Fast_InverseSqrt) for Fast_InverseSqrt
    api_quaternion.o(i.QuaternionEKF_Update) refers to rt_memcpy_w.o(.text) for __aeabi_memcpy4
    api_quaternion.o(i.QuaternionEKF_Update) refers to kalman.o(i.Kalman_Filter_Update) for Kalman_Filter_Update
    api_quaternion.o(i.QuaternionEKF_Update) refers to atan2f.o(i.__hardfp_atan2f) for __hardfp_atan2f
    api_quaternion.o(i.QuaternionEKF_Update) refers to asinf.o(i.__hardfp_asinf) for __hardfp_asinf
    api_quaternion.o(i.QuaternionEKF_xhat_Update) refers to arm_mat_trans_f32.o(.text) for arm_mat_trans_f32
    api_quaternion.o(i.QuaternionEKF_xhat_Update) refers to arm_mat_mult_f32.o(.text) for arm_mat_mult_f32
    api_quaternion.o(i.QuaternionEKF_xhat_Update) refers to arm_mat_add_f32.o(.text) for arm_mat_add_f32
    api_quaternion.o(i.QuaternionEKF_xhat_Update) refers to arm_mat_inverse_f32.o(.text) for arm_mat_inverse_f32
    api_quaternion.o(i.QuaternionEKF_xhat_Update) refers to acosf.o(i.__hardfp_acosf) for __hardfp_acosf
    api_quaternion.o(i.QuaternionEKF_xhat_Update) refers to arm_mat_sub_f32.o(.text) for arm_mat_sub_f32
    api_quaternion.o(i.QuaternionEKF_xhat_Update) refers to api_quaternion.o(i.QuaternionEKF_ChiSqrtTest) for QuaternionEKF_ChiSqrtTest
    api_trajectory.o(i.SolveTrajectory_Transform) refers to f2d.o(x$fpl$f2d) for __aeabi_f2d
    api_trajectory.o(i.SolveTrajectory_Transform) refers to cos.o(i.__hardfp_cos) for __hardfp_cos
    api_trajectory.o(i.SolveTrajectory_Transform) refers to dmul_clz.o(x$fpl$dmul) for __aeabi_dmul
    api_trajectory.o(i.SolveTrajectory_Transform) refers to daddsub_clz.o(x$fpl$dsub) for __aeabi_dsub
    api_trajectory.o(i.SolveTrajectory_Transform) refers to d2f_clz.o(x$fpl$d2f) for __aeabi_d2f
    api_trajectory.o(i.SolveTrajectory_Transform) refers to sin.o(i.__hardfp_sin) for __hardfp_sin
    api_trajectory.o(i.SolveTrajectory_Transform) refers to fabs.o(i.__hardfp_fabs) for __hardfp_fabs
    api_trajectory.o(i.SolveTrajectory_Transform) refers to ddiv_clz.o(x$fpl$ddiv) for __aeabi_ddiv
    api_trajectory.o(i.SolveTrajectory_Transform) refers to api_trajectory.o(i.Trajectory_Picth_Update) for Trajectory_Picth_Update
    api_trajectory.o(i.SolveTrajectory_Transform) refers to atan2.o(i.__hardfp_atan2) for __hardfp_atan2
    api_trajectory.o(i.Trajectory_BulletModel) refers to f2d.o(x$fpl$f2d) for __aeabi_f2d
    api_trajectory.o(i.Trajectory_BulletModel) refers to cos.o(i.__hardfp_cos) for __hardfp_cos
    api_trajectory.o(i.Trajectory_BulletModel) refers to dmul_clz.o(x$fpl$dmul) for __aeabi_dmul
    api_trajectory.o(i.Trajectory_BulletModel) refers to exp.o(i.__hardfp_exp) for __hardfp_exp
    api_trajectory.o(i.Trajectory_BulletModel) refers to daddsub_clz.o(x$fpl$dsub) for __aeabi_dsub
    api_trajectory.o(i.Trajectory_BulletModel) refers to ddiv_clz.o(x$fpl$ddiv) for __aeabi_ddiv
    api_trajectory.o(i.Trajectory_BulletModel) refers to d2f_clz.o(x$fpl$d2f) for __aeabi_d2f
    api_trajectory.o(i.Trajectory_BulletModel) refers to arm_sin_f32.o(.text) for arm_sin_f32
    api_trajectory.o(i.Trajectory_Picth_Update) refers to f2d.o(x$fpl$f2d) for __aeabi_f2d
    api_trajectory.o(i.Trajectory_Picth_Update) refers to atan2.o(i.__hardfp_atan2) for __hardfp_atan2
    api_trajectory.o(i.Trajectory_Picth_Update) refers to d2f_clz.o(x$fpl$d2f) for __aeabi_d2f
    api_trajectory.o(i.Trajectory_Picth_Update) refers to api_trajectory.o(i.Trajectory_BulletModel) for Trajectory_BulletModel
    api_trajectory.o(i.Trajectory_Picth_Update) refers to fabs.o(i.__hardfp_fabs) for __hardfp_fabs
[...]
    _dneg                                    0x0800ce39   Thumb Code     6  basic.o(x$fpl$basic)
    __aeabi_fneg                             0x0800ce3f   Thumb Code     0  basic.o(x$fpl$basic)
    _fneg                                    0x0800ce3f   Thumb Code     6  basic.o(x$fpl$basic)
    _dabs                                    0x0800ce45   Thumb Code     6  basic.o(x$fpl$basic)
    _fabs                                    0x0800ce4b   Thumb Code     6  basic.o(x$fpl$basic)
    __aeabi_d2f                              0x0800ce51   Thumb Code     0  d2f_clz.o(x$fpl$d2f)
    _d2f                                     0x0800ce51   Thumb Code   700  d2f_clz.o(x$fpl$d2f)
    __aeabi_dadd                             0x0800d115   Thumb Code     0  daddsub_clz.o(x$fpl$dadd)
    _dadd                                    0x0800d115   Thumb Code   580  daddsub_clz.o(x$fpl$dadd)
    __fpl_dcheck_NaN1                        0x0800d361   Thumb Code    28  dcheck1.o(x$fpl$dcheck1)
    __fpl_dcmp_Inf                           0x0800d37d   Thumb Code    24  dcmpi.o(x$fpl$dcmpinf)
    __aeabi_ddiv                             0x0800d395   Thumb Code     0  ddiv_clz.o(x$fpl$ddiv)
    _ddiv                                    0x0800d395   Thumb Code   748  ddiv_clz.o(x$fpl$ddiv)
    __aeabi_i2d                              0x0800d711   Thumb Code     0  dflt_clz.o(x$fpl$dflt)
    _dflt                                    0x0800d711   Thumb Code    46  dflt_clz.o(x$fpl$dflt)
    __dflt_normalise                         0x0800d73f   Thumb Code    26  dflt_clz.o(x$fpl$dfltn)
    __aeabi_cdcmple                          0x0800d759   Thumb Code     0  dleqf.o(x$fpl$dleqf)
    _dcmple                                  0x0800d759   Thumb Code   120  dleqf.o(x$fpl$dleqf)
    __fpl_dcmple_InfNaN                      0x0800d7b1   Thumb Code     0  dleqf.o(x$fpl$dleqf)
    __aeabi_dmul                             0x0800d7d1   Thumb Code     0  dmul_clz.o(x$fpl$dmul)
    _dmul                                    0x0800d7d1   Thumb Code   440  dmul_clz.o(x$fpl$dmul)
    __fpl_dnaninf                            0x0800d991   Thumb Code   258  dnaninf.o(x$fpl$dnaninf)
    __fpl_drenorm2                           0x0800da93   Thumb Code   106  drenorm_clz.o(x$fpl$drenorm)
    __fpl_drenorm1                           0x0800dafd   Thumb Code     6  drenorm_clz.o(x$fpl$drenorm)
    __fpl_dretinf                            0x0800db03   Thumb Code    12  dretinf.o(x$fpl$dretinf)
    __aeabi_cdrcmple                         0x0800db0f   Thumb Code     0  drleqf.o(x$fpl$drleqf)
    _drcmple                                 0x0800db0f   Thumb Code    98  drleqf.o(x$fpl$drleqf)
    __aeabi_drsub                            0x0800db71   Thumb Code     0  daddsub_clz.o(x$fpl$drsb)
    _drsb                                    0x0800db71   Thumb Code    74  daddsub_clz.o(x$fpl$drsb)
    _dsqrt                                   0x0800dbc1   Thumb Code   520  dsqrt_umaalclz.o(x$fpl$dsqrt)
    __aeabi_dsub                             0x0800ddc9   Thumb Code     0  daddsub_clz.o(x$fpl$dsub)
    _dsub                                    0x0800ddc9   Thumb Code   664  daddsub_clz.o(x$fpl$dsub)
    __dunder                                 0x0800e065   Thumb Code   314  dunder_clz.o(x$fpl$dunder)
    __dunder_d                               0x0800e19f   Thumb Code    64  dunder_clz.o(x$fpl$dunder)
    __fpl_exception                          0x0800e1e1   Thumb Code   454  except.o(x$fpl$exception)
    __aeabi_f2d                              0x0800e3cd   Thumb Code     0  f2d.o(x$fpl$f2d)
    _f2d                                     0x0800e3cd   Thumb Code   122  f2d.o(x$fpl$f2d)
    __fpl_fnaninf                            0x0800e447   Thumb Code   242  fnaninf.o(x$fpl$fnaninf)
    _fp_init                                 0x0800e539   Thumb Code    10  fpinit.o(x$fpl$fpinit)
    __fplib_config_fpu_vfp                   0x0800e541   Thumb Code     0  fpinit.o(x$fpl$fpinit)
    __fplib_config_pureend_doubles           0x0800e541   Thumb Code     0  fpinit.o(x$fpl$fpinit)
    __fpl_fretinf                            0x0800e543   Thumb Code    10  fretinf.o(x$fpl$fretinf)
    __funder                                 0x0800e54d   Thumb Code   254  funder_clz.o(x$fpl$funder)
    __funder_d                               0x0800e64b   Thumb Code    62  funder_clz.o(x$fpl$funder)
    __ieee_status                            0x0800e689   Thumb Code    28  istatus.o(x$fpl$ieeestatus)
    __fpl_return_NaN                         0x0800e6a9   Thumb Code   178  retnan.o(x$fpl$retnan)
    __ARM_scalbn                             0x0800e75d   Thumb Code   270  scalbn_clz.o(x$fpl$scalbn)
    _fp_trapveneer                           0x0800e871   Thumb Code    36  trapv.o(x$fpl$trapveneer)
    __fpl_cmpreturn                          0x0800e895   Thumb Code    90  trapv.o(x$fpl$trapveneer)
    CRC8_table                               0x0800e8ee   Data         256  crc.o(.constdata)
    __I$use$fp                               0x0800e8ee   Number         0  usenofp.o(x$fpl$usenofp)
    wCRC_table                               0x0800e9ee   Data         512  crc.o(.constdata)
    AHBPrescTable                            0x0800ec7c   Data          16  system_stm32f4xx.o(.constdata)
    APBPrescTable                            0x0800ec8c   Data           8  system_stm32f4xx.o(.constdata)
    sinTable_f32                             0x0800ec9c   Data        2052  arm_common_tables.o(.constdata)
    __mathlib_zero                           0x0800f668   Data           8  qnan.o(.constdata)
    Region$$Table$$Base                      0x0800f6c0   Number         0  anon$$obj.o(Region$$Table)
    Region$$Table$$Limit                     0x0800f6e0   Number         0  anon$$obj.o(Region$$Table)
    speed                                    0x2000000a   Data           2  can_task.o(.data)
    Control_Info                             0x2000000c   Data         200  control_task.o(.data)
    Left_VMC_Info                            0x200000d4   Data         144  vmc_task.o(.data)
    JointTxFrame                             0x200002c0   Data         144  bsp_can.o(.data)
    RMD_L9025_Left_TxFrame                   0x20000350   Data          36  bsp_can.o(.data)
    RMD_L9025_Right_TxFrame                  0x20000374   Data          36  bsp_can.o(.data)
    USER_CAN_RxFrameData                     0x2000039c   Data           8  bsp_can.o(.data)
    CRC16_INIT                               0x200003a4   Data           2  crc.o(.data)
    MiniPC_ReceivePacket                     0x200003d4   Data          48  minipc.o(.data)
    RMD_Motor                                0x20000404   Data          80  motor.o(.data)
    DJI_Motor                                0x20000454   Data         120  motor.o(.data)
    Damiao_Motor                             0x200004cc   Data         272  motor.o(.data)
    Damiao_Motor_Contorl_Info                0x200005dc   Data          96  motor.o(.data)
    remote_ctrl                              0x20000640   Data          24  remote_control.o(.data)
    StartINSTaskHandle                       0x20000658   Data           4  freertos.o(.data)
    StartDetectTaskHandle                    0x2000065c   Data           4  freertos.o(.data)
    StartControlTasHandle                    0x20000660   Data           4  freertos.o(.data)
    StartCANTaskHandle                       0x20000664   Data           4  freertos.o(.data)
    StartVMC_TaskHandle                      0x20000668   Data           4  freertos.o(.data)
    SystemCoreClock                          0x20000670   Data           4  system_stm32f4xx.o(.data)
    pxCurrentTCB                             0x20000674   Data           4  tasks.o(.data)
    uwTickFreq                               0x200006dc   Data           1  stm32f4xx_hal.o(.data)
    uwTickPrio                               0x200006e0   Data           4  stm32f4xx_hal.o(.data)
    uwTick                                   0x200006e4   Data           4  stm32f4xx_hal.o(.data)
    FS_Desc                                  0x200006e8   Data          28  usbd_desc.o(.data)
    USBD_LangIDDesc                          0x20000704   Data           4  usbd_desc.o(.data)
    USBD_FS_DeviceDesc                       0x20000708   Data          18  usbd_desc.o(.data)
    USBD_StringSerial                        0x2000071c   Data          26  usbd_desc.o(.data)
    USBD_Interface_fops_FS                   0x20000738   Data          20  usbd_cdc_if.o(.data)
    USBD_CDC                                 0x200007a4   Data          56  usbd_cdc.o(.data)
    VMC_Rad_to_Angle_Info                    0x200007dc   Data          20  vmc_task.o(.bss)
    PID_Leg_length_thrust                    0x200007f0   Data          80  vmc_task.o(.bss)
    INS_Info                                 0x20000840   Data          72  ins_task.o(.bss)
    INS_AcceLPF2p                            0x20000888   Data          96  ins_task.o(.bss)
    TempCtrl_PID                             0x200008e8   Data          80  ins_task.o(.bss)
    Quaternion_Info                          0x20000938   Data         420  ins_task.o(.bss)
    USER_CAN_RxInstance                      0x20000adc   Data          28  bsp_can.o(.bss)
    BMI088_Info                              0x20000af8   Data          60  bmi088.o(.bss)
    REFEREE_MultiRx_Buf                      0x20000b34   Data         200  referee_info.o(.bss)
    Referee_Info                             0x20000bfc   Data          53  referee_info.o(.bss)
    SBUS_MultiRx_Buf                         0x20000c31   Data          72  remote_control.o(.bss)
    hcan1                                    0x200010d0   Data          40  can.o(.bss)
    hcan2                                    0x200010f8   Data          40  can.o(.bss)
    hspi1                                    0x20001120   Data          88  spi.o(.bss)
    htim4                                    0x20001178   Data          72  tim.o(.bss)
    htim10                                   0x200011c0   Data          72  tim.o(.bss)
    huart1                                   0x20001208   Data          68  usart.o(.bss)
    huart3                                   0x2000124c   Data          68  usart.o(.bss)
    hdma_usart1_rx                           0x20001290   Data          96  usart.o(.bss)
    hdma_usart1_tx                           0x200012f0   Data          96  usart.o(.bss)
    hdma_usart3_rx                           0x20001350   Data          96  usart.o(.bss)
    htim2                                    0x200013b0   Data          72  stm32f4xx_hal_timebase_tim.o(.bss)
    hUsbDeviceFS                             0x200074e8   Data         732  usb_device.o(.bss)
    USBD_StrDesc                             0x200077c4   Data         512  usbd_desc.o(.bss)
    UserRxBufferFS                           0x200079c4   Data        2048  usbd_cdc_if.o(.bss)
    UserTxBufferFS                           0x200081c4   Data        2048  usbd_cdc_if.o(.bss)
    hpcd_USB_OTG_FS                          0x20008be4   Data        1292  usbd_conf.o(.bss)
    __libspace_start                         0x200090f0   Data          96  libspace.o(.bss)
    __temporary_stack_top$libspace           0x20009150   Data           0  libspace.o(.bss)



==============================================================================

Memory Map of the image

  Image Entry point : 0x08000189

  Load Region LR_IROM1 (Base: 0x08000000, Size: 0x0000febc, Max: 0x00100000, ABSOLUTE, COMPRESSED[0x0000f88c])

    Execution Region ER_IROM1 (Exec base: 0x08000000, Load base: 0x08000000, Size: 0x0000f6e0, Max: 0x00100000, ABSOLUTE)

    Exec Addr    Load Addr    Size         Type   Attr      Idx    E Section Name        Object

    0x08000000   0x08000000   0x00000188   Data   RO         2120    RESET               startup_stm32f407xx.o
    0x08000188   0x08000188   0x00000008   Code   RO         8401  * !!!main             c_w.l(__main.o)
    0x08000190   0x08000190   0x00000034   Code   RO         9064    !!!scatter          c_w.l(__scatter.o)
    0x080001c4   0x080001c4   0x0000005a   Code   RO         9062    !!dczerorl2         c_w.l(__dczerorl2.o)
    0x0800021e   0x0800021e   0x00000002   PAD
    0x08000220   0x08000220   0x0000001c   Code   RO         9066    !!handler_zi        c_w.l(__scatter_zi.o)
    0x0800023c   0x0800023c   0x00000002   Code   RO         8994    .ARM.Collect$$libinit$$00000000  c_w.l(libinit.o)
    0x0800023e   0x0800023e   0x00000004   Code   RO         8682    .ARM.Collect$$libinit$$00000001  c_w.l(libinit2.o)
    0x08000242   0x08000242   0x00000000   Code   RO         8685    .ARM.Collect$$libinit$$00000004  c_w.l(libinit2.o)
    0x08000242   0x08000242   0x00000008   Code   RO         8686    .ARM.Collect$$libinit$$00000005  c_w.l(libinit2.o)
    0x0800024a   0x0800024a   0x00000000   Code   RO         8688    .ARM.Collect$$libinit$$0000000A  c_w.l(libinit2.o)
    0x0800024a   0x0800024a   0x00000000   Code   RO         8690    .ARM.Collect$$libinit$$0000000C  c_w.l(libinit2.o)
    0x0800024a   0x0800024a   0x00000000   Code   RO         8692    .ARM.Collect$$libinit$$0000000E  c_w.l(libinit2.o)
    0x0800024a   0x0800024a   0x00000000   Code   RO         8695    .ARM.Collect$$libinit$$00000011  c_w.l(libinit2.o)
    0x0800024a   0x0800024a   0x00000000   Code   RO         8697    .ARM.Collect$$libinit$$00000013  c_w.l(libinit2.o)
    0x0800024a   0x0800024a   0x00000000   Code   RO         8699    .ARM.Collect$$libinit$$00000015  c_w.l(libinit2.o)
    0x0800024a   0x0800024a   0x00000000   Code   RO         8701    .ARM.Collect$$libinit$$00000017  c_w.l(libinit2.o)
    0x0800024a   0x0800024a   0x00000000   Code   RO         8703    .ARM.Collect$$libinit$$00000019  c_w.l(libinit2.o)
    0x0800024a   0x0800024a   0x00000000   Code   RO         8705    .ARM.Collect$$libinit$$0000001B  c_w.l(libinit2.o)
    0x0800024a   0x0800024a   0x00000000   Code   RO         8707    .ARM.Collect$$libinit$$0000001D  c_w.l(libinit2.o)
    0x0800024a   0x0800024a   0x00000000   Code   RO         8709    .ARM.Collect$$libinit$$0000001F  c_w.l(libinit2.o)
    0x0800024a   0x0800024a   0x00000000   Code   RO         8711    .ARM.Collect$$libinit$$00000021  c_w.l(libinit2.o)
    0x0800024a   0x0800024a   0x00000000   Code   RO         8713    .ARM.Collect$$libinit$$00000023  c_w.l(libinit2.o)
    0x0800024a   0x0800024a   0x00000000   Code   RO         8715    .ARM.Collect$$libinit$$00000025  c_w.l(libinit2.o)
    0x0800024a   0x0800024a   0x00000000   Code   RO         8719    .ARM.Collect$$libinit$$0000002C  c_w.l(libinit2.o)
    0x0800024a   0x0800024a   0x00000000   Code   RO         8721    .ARM.Collect$$libinit$$0000002E  c_w.l(libinit2.o)
    0x0800024a   0x0800024a   0x00000000   Code   RO         8723    .ARM.Collect$$libinit$$00000030  c_w.l(libinit2.o)
    0x0800024a   0x0800024a   0x00000000   Code   RO         8725    .ARM.Collect$$libinit$$00000032  c_w.l(libinit2.o)
    0x0800024a   0x0800024a   0x00000002   Code   RO         8726    .ARM.Collect$$libinit$$00000033  c_w.l(libinit2.o)
    0x0800024c   0x0800024c   0x00000002   Code   RO         9059    .ARM.Collect$$libshutdown$$00000000  c_w.l(libshutdown.o)
    0x0800024e   0x0800024e   0x00000000   Code   RO         9015    .ARM.Collect$$libshutdown$$00000002  c_w.l(libshutdown2.o)
    0x0800024e   0x0800024e   0x00000000   Code   RO         9017    .ARM.Collect$$libshutdown$$00000004  c_w.l(libshutdown2.o)
    0x0800024e   0x0800024e   0x00000000   Code   RO         9019    .ARM.Collect$$libshutdown$$00000006  c_w.l(libshutdown2.o)
    0x0800024e   0x0800024e   0x00000000   Code   RO         9022    .ARM.Collect$$libshutdown$$00000009  c_w.l(libshutdown2.o)
    0x0800024e   0x0800024e   0x00000000   Code   RO         9025    .ARM.Collect$$libshutdown$$0000000C  c_w.l(libshutdown2.o)
    0x0800024e   0x0800024e   0x00000000   Code   RO         9027    .ARM.Collect$$libshutdown$$0000000E  c_w.l(libshutdown2.o)
    0x0800024e   0x0800024e   0x00000000   Code   RO         9030    .ARM.Collect$$libshutdown$$00000011  c_w.l(libshutdown2.o)
    0x0800024e   0x0800024e   0x00000002   Code   RO         9031    .ARM.Collect$$libshutdown$$00000012  c_w.l(libshutdown2.o)
    0x08000250   0x08000250   0x00000000   Code   RO         8549    .ARM.Collect$$rtentry$$00000000  c_w.l(__rtentry.o)
    0x08000250   0x08000250   0x00000000   Code   RO         8863    .ARM.Collect$$rtentry$$00000002  c_w.l(__rtentry2.o)
    0x08000250   0x08000250   0x00000006   Code   RO         8875    .ARM.Collect$$rtentry$$00000004  c_w.l(__rtentry4.o)
    0x08000256   0x08000256   0x00000000   Code   RO         8865    .ARM.Collect$$rtentry$$00000009  c_w.l(__rtentry2.o)
    0x08000256   0x08000256   0x00000004   Code   RO         8866    .ARM.Collect$$rtentry$$0000000A  c_w.l(__rtentry2.o)
    0x0800025a   0x0800025a   0x00000000   Code   RO         8868    .ARM.Collect$$rtentry$$0000000C  c_w.l(__rtentry2.o)
    0x0800025a   0x0800025a   0x00000008   Code   RO         8869    .ARM.Collect$$rtentry$$0000000D  c_w.l(__rtentry2.o)
    0x08000262   0x08000262   0x00000002   Code   RO         8997    .ARM.Collect$$rtexit$$00000000  c_w.l(rtexit.o)
    0x08000264   0x08000264   0x00000000   Code   RO         9035    .ARM.Collect$$rtexit$$00000002  c_w.l(rtexit2.o)
    0x08000264   0x08000264   0x00000004   Code   RO         9036    .ARM.Collect$$rtexit$$00000003  c_w.l(rtexit2.o)
    0x08000268   0x08000268   0x00000006   Code   RO         9037    .ARM.Collect$$rtexit$$00000004  c_w.l(rtexit2.o)
    0x0800026e   0x0800026e   0x00000002   PAD
    0x08000270   0x08000270   0x000000be   Code   RO         3462    .emb_text           port.o
    0x0800032e   0x0800032e   0x00000002   PAD
    0x08000330   0x08000330   0x00000000   Code   RO         8886    .emb_text           c_w.l(maybetermalloc1.o)
    0x08000330   0x08000330   0x00000040   Code   RO         2121    .text               startup_stm32f407xx.o
    0x08000370   0x08000370   0x00000078   Code   RO         8026    .text               arm_cortexM4lf_math.lib(arm_cos_f32.o)
    0x080003e8   0x080003e8   0x00000094   Code   RO         8076    .text               arm_cortexM4lf_math.lib(arm_sin_f32.o)
    0x0800047c   0x0800047c   0x00000108   Code   RO         8100    .text               arm_cortexM4lf_math.lib(arm_mat_add_f32.o)
    0x08000584   0x08000584   0x00000008   Code   RO         8124    .text               arm_cortexM4lf_math.lib(arm_mat_init_f32.o)
    0x0800058c   0x0800058c   0x00000530   Code   RO         8148    .text               arm_cortexM4lf_math.lib(arm_mat_inverse_f32.o)
    0x08000abc   0x08000abc   0x0000013c   Code   RO         8172    .text               arm_cortexM4lf_math.lib(arm_mat_mult_f32.o)
    0x08000bf8   0x08000bf8   0x00000108   Code   RO         8196    .text               arm_cortexM4lf_math.lib(arm_mat_sub_f32.o)
    0x08000d00   0x08000d00   0x00000114   Code   RO         8220    .text               arm_cortexM4lf_math.lib(arm_mat_trans_f32.o)
    0x08000e14   0x08000e14   0x0000005e   Code   RO         8327    .text               c_w.l(h1_alloc.o)
    0x08000e72   0x08000e72   0x000000ee   Code   RO         8381    .text               c_w.l(lludivv7m.o)
    0x08000f60   0x08000f60   0x0000008a   Code   RO         8387    .text               c_w.l(rt_memcpy_v6.o)
    0x08000fea   0x08000fea   0x00000064   Code   RO         8389    .text               c_w.l(rt_memcpy_w.o)
    0x0800104e   0x0800104e   0x00000010   Code   RO         8393    .text               c_w.l(aeabi_memset.o)
    0x0800105e   0x0800105e   0x00000044   Code   RO         8395    .text               c_w.l(rt_memclr.o)
    0x080010a2   0x080010a2   0x0000004e   Code   RO         8397    .text               c_w.l(rt_memclr_w.o)
    0x080010f0   0x080010f0   0x00000006   Code   RO         8399    .text               c_w.l(heapauxi.o)
    0x080010f6   0x080010f6   0x00000002   PAD
    0x080010f8   0x080010f8   0x00000008   Code   RO         8557    .text               c_w.l(rt_heap_descriptor_intlibspace.o)
    0x08001100   0x08001100   0x00000004   Code   RO         8559    .text               c_w.l(hguard.o)
    0x08001104   0x08001104   0x0000008a   Code   RO         8561    .text               c_w.l(init_alloc.o)
    0x0800118e   0x0800118e   0x0000000e   Code   RO         8567    .text               c_w.l(h1_init.o)
    0x0800119c   0x0800119c   0x0000004e   Code   RO         8569    .text               c_w.l(h1_free.o)
    0x080011ea   0x080011ea   0x00000016   Code   RO         8585    .text               c_w.l(_rserrno.o)
    0x08001200   0x08001200   0x00000008   Code   RO         8859    .text               c_w.l(libspace.o)
    0x08001208   0x08001208   0x00000008   Code   RO         8882    .text               c_w.l(rt_errno_addr_intlibspace.o)
    0x08001210   0x08001210   0x00000034   Code   RO         8888    .text               c_w.l(h1_extend.o)
    0x08001244   0x08001244   0x00000030   Code   RO         8894    .text               c_w.l(_fptrap.o)
    0x08001274   0x08001274   0x0000000e   Code   RO         8912    .text               c_w.l(defsig_rtmem_outer.o)
    0x08001282   0x08001282   0x00000002   Code   RO         8929    .text               c_w.l(use_no_semi.o)
    0x08001284   0x08001284   0x00000000   Code   RO         8931    .text               c_w.l(indicate_semi.o)
    0x08001284   0x08001284   0x0000004a   Code   RO         8932    .text               c_w.l(sys_stackheap_outer.o)
    0x080012ce   0x080012ce   0x00000012   Code   RO         8975    .text               c_w.l(exit.o)
    0x080012e0   0x080012e0   0x0000000a   Code   RO         8977    .text               c_w.l(defsig_exit.o)
    0x080012ea   0x080012ea   0x0000000e   Code   RO         8979    .text               c_w.l(defsig_fpe_outer.o)
    0x080012f8   0x080012f8   0x00000050   Code   RO         8983    .text               c_w.l(defsig_rtmem_inner.o)
    0x08001348   0x08001348   0x0000000c   Code   RO         8995    .text               c_w.l(sys_exit.o)
    0x08001354   0x08001354   0x00000032   Code   RO         9008    .text               c_w.l(defsig_general.o)
    0x08001386   0x08001386   0x00000002   PAD
    0x08001388   0x08001388   0x000000ac   Code   RO         9010    .text               c_w.l(defsig_fpe_inner.o)
    0x08001434   0x08001434   0x0000000e   Code   RO         9032    .text               c_w.l(sys_wrch.o)
    0x08001442   0x08001442   0x00000002   PAD
    0x08001444   0x08001444   0x00000010   Code   RO          736    i.BMI088_ACCEL_NS_H  bsp_gpio.o
    0x08001454   0x08001454   0x00000010   Code   RO          737    i.BMI088_ACCEL_NS_L  bsp_gpio.o
    0x08001464   0x08001464   0x0000010c   Code   RO         1187    i.BMI088_Accel_Init  bmi088.o
    0x08001570   0x08001570   0x00000010   Code   RO          738    i.BMI088_GYRO_NS_H  bsp_gpio.o
    0x08001580   0x08001580   0x00000010   Code   RO          739    i.BMI088_GYRO_NS_L  bsp_gpio.o
    0x08001590   0x08001590   0x000000dc   Code   RO         1188    i.BMI088_Gyro_Init  bmi088.o
    0x0800166c   0x0800166c   0x00000170   Code   RO         1189    i.BMI088_Info_Update  bmi088.o
    0x080017dc   0x080017dc   0x0000002c   Code   RO         1190    i.BMI088_Init       bmi088.o
    0x08001808   0x08001808   0x0000002c   Code   RO         1191    i.BMI088_Offset_Update  bmi088.o
    0x08001834   0x08001834   0x00000024   Code   RO         1192    i.BMI088_Read_Multi_Reg  bmi088.o
    0x08001858   0x08001858   0x00000016   Code   RO         1193    i.BMI088_Read_Single_Reg  bmi088.o
    0x0800186e   0x0800186e   0x00000002   PAD
    0x08001870   0x08001870   0x00000024   Code   RO          824    i.BMI088_Read_Write_Byte  bsp_spi.o
    0x08001894   0x08001894   0x00000068   Code   RO          530    i.BMI088_Temp_Control  ins_task.o
    0x080018fc   0x080018fc   0x00000012   Code   RO         1194    i.BMI088_Write_Single_Reg  bmi088.o
    0x0800190e   0x0800190e   0x00000002   PAD
    0x08001910   0x08001910   0x00000070   Code   RO          590    i.BSP_CAN_Init      bsp_can.o
    0x08001980   0x08001980   0x0000003c   Code   RO          932    i.BSP_USART_Init    bsp_uart.o
    0x080019bc   0x080019bc   0x0000000c   Code   RO          893    i.Bsp_Tim_Init      bsp_tim.o
    0x080019c8   0x080019c8   0x00000002   Code   RO         1940    i.BusFault_Handler  stm32f4xx_it.o
    0x080019ca   0x080019ca   0x00000002   PAD
    0x080019cc   0x080019cc   0x0000000c   Code   RO         1941    i.CAN1_RX0_IRQHandler  stm32f4xx_it.o
    0x080019d8   0x080019d8   0x00000104   Code   RO          591    i.CAN1_RxFifo0RxHandler  bsp_can.o
    0x08001adc   0x08001adc   0x0000000c   Code   RO         1942    i.CAN2_RX0_IRQHandler  stm32f4xx_it.o
    0x08001ae8   0x08001ae8   0x0000000c   Code   RO          592    i.CAN2_RxFifo0RxHandler  bsp_can.o
    0x08001af4   0x08001af4   0x000000c4   Code   RO          158    i.CAN_Task          can_task.o
    0x08001bb8   0x08001bb8   0x00000008   Code   RO         7331    i.CDC_Control_FS    usbd_cdc_if.o
    0x08001bc0   0x08001bc0   0x00000004   Code   RO         7332    i.CDC_DeInit_FS     usbd_cdc_if.o
    0x08001bc4   0x08001bc4   0x00000024   Code   RO         7333    i.CDC_Init_FS       usbd_cdc_if.o
    0x08001be8   0x08001be8   0x00000020   Code   RO         7334    i.CDC_Receive_FS    usbd_cdc_if.o
    0x08001c08   0x08001c08   0x00000004   Code   RO         7335    i.CDC_TransmitCplt_FS  usbd_cdc_if.o
    0x08001c0c   0x08001c0c   0x000007f4   Code   RO          374    i.Control_LQR_K_Update  control_task.o
    0x08002400   0x08002400   0x0000003a   Code   RO          375    i.Control_LQR_X_Update  control_task.o
    0x0800243a   0x0800243a   0x00000002   PAD
    0x0800243c   0x0800243c   0x0000007c   Code   RO          376    i.Control_Measure_Update  control_task.o
    0x080024b8   0x080024b8   0x00000078   Code   RO          377    i.Control_Task      control_task.o
    0x08002530   0x08002530   0x00000024   Code   RO         1313    i.DJI_Motor_ErrorHandler  motor.o
    0x08002554   0x08002554   0x000000a8   Code   RO         1314    i.DJI_Motor_Info_Update  motor.o
    0x080025fc   0x080025fc   0x0000000c   Code   RO         1943    i.DMA1_Stream1_IRQHandler  stm32f4xx_it.o
    0x08002608   0x08002608   0x0000000c   Code   RO         1944    i.DMA2_Stream2_IRQHandler  stm32f4xx_it.o
    0x08002614   0x08002614   0x0000000c   Code   RO         1945    i.DMA2_Stream7_IRQHandler  stm32f4xx_it.o
    0x08002620   0x08002620   0x0000002c   Code   RO         4642    i.DMA_CalcBaseAndBitshift  stm32f4xx_hal_dma.o
    0x0800264c   0x0800264c   0x00000078   Code   RO         4643    i.DMA_CheckFifoParam  stm32f4xx_hal_dma.o
    0x080026c4   0x080026c4   0x000000f0   Code   RO          159    i.Damiao_Motor_CAN_Send  can_task.o
    0x080027b4   0x080027b4   0x00000030   Code   RO         1315    i.Damiao_Motor_DisEnable  motor.o
    0x080027e4   0x080027e4   0x00000030   Code   RO         1316    i.Damiao_Motor_Enable  motor.o
    0x08002814   0x08002814   0x00000018   Code   RO         1317    i.Damiao_Motor_ErrorHandler  motor.o
    0x0800282c   0x0800282c   0x000000f0   Code   RO         1318    i.Damiao_Motor_Info_Update  motor.o
    0x0800291c   0x0800291c   0x00000002   Code   RO         1946    i.DebugMon_Handler  stm32f4xx_it.o
    0x0800291e   0x0800291e   0x00000016   Code   RO          855    i.Delay_ms          bsp_tick.o
    0x08002934   0x08002934   0x00000016   Code   RO          856    i.Delay_us          bsp_tick.o
    0x0800294a   0x0800294a   0x00000006   Code   RO          428    i.Detect_Task       detect_task.o
    0x08002950   0x08002950   0x00000006   Code   RO         1947    i.EXTI9_5_IRQHandler  stm32f4xx_it.o
    0x08002956   0x08002956   0x00000004   Code   RO         1585    i.Error_Handler     main.o
    0x0800295a   0x0800295a   0x00000002   PAD
    0x0800295c   0x0800295c   0x0000002c   Code   RO            4    i.Fast_InverseSqrt  api_quaternion.o
    0x08002988   0x08002988   0x00000038   Code   RO         7253    i.Get_SerialNum     usbd_desc.o
    0x080029c0   0x080029c0   0x00000024   Code   RO         5316    i.HAL_CAN_ActivateNotification  stm32f4xx_hal_can.o
    0x080029e4   0x080029e4   0x000000f2   Code   RO         5317    i.HAL_CAN_AddTxMessage  stm32f4xx_hal_can.o
    0x08002ad6   0x08002ad6   0x00000002   PAD
    0x08002ad8   0x08002ad8   0x00000110   Code   RO         5318    i.HAL_CAN_ConfigFilter  stm32f4xx_hal_can.o
    0x08002be8   0x08002be8   0x00000002   Code   RO         5321    i.HAL_CAN_ErrorCallback  stm32f4xx_hal_can.o
    0x08002bea   0x08002bea   0x00000106   Code   RO         5324    i.HAL_CAN_GetRxMessage  stm32f4xx_hal_can.o
    0x08002cf0   0x08002cf0   0x000001fc   Code   RO         5328    i.HAL_CAN_IRQHandler  stm32f4xx_hal_can.o
    0x08002eec   0x08002eec   0x00000152   Code   RO         5329    i.HAL_CAN_Init      stm32f4xx_hal_can.o
    0x0800303e   0x0800303e   0x00000002   PAD
    0x08003040   0x08003040   0x00000100   Code   RO         1724    i.HAL_CAN_MspInit   can.o
    0x08003140   0x08003140   0x00000002   Code   RO         5336    i.HAL_CAN_RxFifo0FullCallback  stm32f4xx_hal_can.o
    0x08003142   0x08003142   0x00000002   PAD
    0x08003144   0x08003144   0x00000048   Code   RO          593    i.HAL_CAN_RxFifo0MsgPendingCallback  bsp_can.o
    0x0800318c   0x0800318c   0x00000002   Code   RO         5338    i.HAL_CAN_RxFifo1FullCallback  stm32f4xx_hal_can.o
    0x0800318e   0x0800318e   0x00000002   Code   RO         5339    i.HAL_CAN_RxFifo1MsgPendingCallback  stm32f4xx_hal_can.o
    0x08003190   0x08003190   0x00000002   Code   RO         5340    i.HAL_CAN_SleepCallback  stm32f4xx_hal_can.o
    0x08003192   0x08003192   0x00000058   Code   RO         5341    i.HAL_CAN_Start     stm32f4xx_hal_can.o
    0x080031ea   0x080031ea   0x00000002   Code   RO         5343    i.HAL_CAN_TxMailbox0AbortCallback  stm32f4xx_hal_can.o
    0x080031ec   0x080031ec   0x00000002   Code   RO         5344    i.HAL_CAN_TxMailbox0CompleteCallback  stm32f4xx_hal_can.o
    0x080031ee   0x080031ee   0x00000002   Code   RO         5345    i.HAL_CAN_TxMailbox1AbortCallback  stm32f4xx_hal_can.o
    0x080031f0   0x080031f0   0x00000002   Code   RO         5346    i.HAL_CAN_TxMailbox1CompleteCallback  stm32f4xx_hal_can.o
    0x080031f2   0x080031f2   0x00000002   Code   RO         5347    i.HAL_CAN_TxMailbox2AbortCallback  stm32f4xx_hal_can.o
    0x080031f4   0x080031f4   0x00000002   Code   RO         5348    i.HAL_CAN_TxMailbox2CompleteCallback  stm32f4xx_hal_can.o
    0x080031f6   0x080031f6   0x00000002   Code   RO         5350    i.HAL_CAN_WakeUpFromRxMsgCallback  stm32f4xx_hal_can.o
    0x080031f8   0x080031f8   0x0000008e   Code   RO         4645    i.HAL_DMA_Abort     stm32f4xx_hal_dma.o
    0x08003286   0x08003286   0x00000024   Code   RO         4646    i.HAL_DMA_Abort_IT  stm32f4xx_hal_dma.o
    0x080032aa   0x080032aa   0x00000002   PAD
    0x080032ac   0x080032ac   0x000001d0   Code   RO         4650    i.HAL_DMA_IRQHandler  stm32f4xx_hal_dma.o
    0x0800347c   0x0800347c   0x000000d4   Code   RO         4651    i.HAL_DMA_Init      stm32f4xx_hal_dma.o
    0x08003550   0x08003550   0x00000024   Code   RO         5064    i.HAL_Delay         stm32f4xx_hal.o
    0x08003574   0x08003574   0x00000002   Code   RO         4536    i.HAL_GPIO_EXTI_Callback  stm32f4xx_hal_gpio.o
    0x08003576   0x08003576   0x00000002   PAD
    0x08003578   0x08003578   0x00000018   Code   RO         4537    i.HAL_GPIO_EXTI_IRQHandler  stm32f4xx_hal_gpio.o
    0x08003590   0x08003590   0x000001d0   Code   RO         4538    i.HAL_GPIO_Init     stm32f4xx_hal_gpio.o
    0x08003760   0x08003760   0x0000000e   Code   RO         4542    i.HAL_GPIO_WritePin  stm32f4xx_hal_gpio.o
    0x0800376e   0x0800376e   0x00000002   PAD
    0x08003770   0x08003770   0x0000000c   Code   RO         5070    i.HAL_GetTick       stm32f4xx_hal.o
    0x0800377c   0x0800377c   0x00000010   Code   RO         5076    i.HAL_IncTick       stm32f4xx_hal.o
    0x0800378c   0x0800378c   0x00000034   Code   RO         5077    i.HAL_Init          stm32f4xx_hal.o
    0x080037c0   0x080037c0   0x00000098   Code   RO         2082    i.HAL_InitTick      stm32f4xx_hal_timebase_tim.o
    0x08003858   0x08003858   0x00000038   Code   RO         2058    i.HAL_MspInit       stm32f4xx_hal_msp.o
    0x08003890   0x08003890   0x0000001a   Code   RO         4927    i.HAL_NVIC_EnableIRQ  stm32f4xx_hal_cortex.o
    0x080038aa   0x080038aa   0x00000002   PAD
    0x080038ac   0x080038ac   0x00000040   Code   RO         4933    i.HAL_NVIC_SetPriority  stm32f4xx_hal_cortex.o
    0x080038ec   0x080038ec   0x00000024   Code   RO         4934    i.HAL_NVIC_SetPriorityGrouping  stm32f4xx_hal_cortex.o
    0x08003910   0x08003910   0x00000002   Code   RO         3786    i.HAL_PCDEx_LPM_Callback  stm32f4xx_hal_pcd_ex.o
    0x08003912   0x08003912   0x00000008   Code   RO         3787    i.HAL_PCDEx_SetRxFiFo  stm32f4xx_hal_pcd_ex.o
    0x0800391a   0x0800391a   0x00000042   Code   RO         3788    i.HAL_PCDEx_SetTxFiFo  stm32f4xx_hal_pcd_ex.o
    0x0800395c   0x0800395c   0x00000008   Code   RO         7388    i.HAL_PCD_ConnectCallback  usbd_conf.o
    0x08003964   0x08003964   0x00000012   Code   RO         7389    i.HAL_PCD_DataInStageCallback  usbd_conf.o
    0x08003976   0x08003976   0x00000014   Code   RO         7390    i.HAL_PCD_DataOutStageCallback  usbd_conf.o
    0x0800398a   0x0800398a   0x00000008   Code   RO         7391    i.HAL_PCD_DisconnectCallback  usbd_conf.o
    0x08003992   0x08003992   0x0000001e   Code   RO         3551    i.HAL_PCD_EP_Abort  stm32f4xx_hal_pcd.o
    0x080039b0   0x080039b0   0x00000048   Code   RO         3552    i.HAL_PCD_EP_Close  stm32f4xx_hal_pcd.o
    0x080039f8   0x080039f8   0x00000058   Code   RO         3553    i.HAL_PCD_EP_ClrStall  stm32f4xx_hal_pcd.o
    0x08003a50   0x08003a50   0x00000012   Code   RO         3555    i.HAL_PCD_EP_GetRxCount  stm32f4xx_hal_pcd.o
    0x08003a62   0x08003a62   0x0000005c   Code   RO         3556    i.HAL_PCD_EP_Open   stm32f4xx_hal_pcd.o
    0x08003abe   0x08003abe   0x00000042   Code   RO         3557    i.HAL_PCD_EP_Receive  stm32f4xx_hal_pcd.o
    0x08003b00   0x08003b00   0x00000070   Code   RO         3558    i.HAL_PCD_EP_SetStall  stm32f4xx_hal_pcd.o
    0x08003b70   0x08003b70   0x00000042   Code   RO         3559    i.HAL_PCD_EP_Transmit  stm32f4xx_hal_pcd.o
    0x08003bb2   0x08003bb2   0x0000050a   Code   RO         3561    i.HAL_PCD_IRQHandler  stm32f4xx_hal_pcd.o
    0x080040bc   0x080040bc   0x00000008   Code   RO         7392    i.HAL_PCD_ISOINIncompleteCallback  usbd_conf.o
    0x080040c4   0x080040c4   0x00000008   Code   RO         7393    i.HAL_PCD_ISOOUTIncompleteCallback  usbd_conf.o
    0x080040cc   0x080040cc   0x000000e4   Code   RO         3564    i.HAL_PCD_Init      stm32f4xx_hal_pcd.o
    0x080041b0   0x080041b0   0x00000084   Code   RO         7395    i.HAL_PCD_MspInit   usbd_conf.o
    0x08004234   0x08004234   0x0000002e   Code   RO         7396    i.HAL_PCD_ResetCallback  usbd_conf.o
    0x08004262   0x08004262   0x00000008   Code   RO         7397    i.HAL_PCD_ResumeCallback  usbd_conf.o
    0x0800426a   0x0800426a   0x00000008   Code   RO         7398    i.HAL_PCD_SOFCallback  usbd_conf.o
    0x08004272   0x08004272   0x00000028   Code   RO         3570    i.HAL_PCD_SetAddress  stm32f4xx_hal_pcd.o
    0x0800429a   0x0800429a   0x0000000e   Code   RO         7399    i.HAL_PCD_SetupStageCallback  usbd_conf.o
    0x080042a8   0x080042a8   0x00000042   Code   RO         3573    i.HAL_PCD_Start     stm32f4xx_hal_pcd.o
    0x080042ea   0x080042ea   0x00000002   PAD
    0x080042ec   0x080042ec   0x00000030   Code   RO         7400    i.HAL_PCD_SuspendCallback  usbd_conf.o
    0x0800431c   0x0800431c   0x00000002   Code   RO         4138    i.HAL_RCC_CSSCallback  stm32f4xx_hal_rcc.o
    0x0800431e   0x0800431e   0x00000002   PAD
    0x08004320   0x08004320   0x0000014c   Code   RO         4139    i.HAL_RCC_ClockConfig  stm32f4xx_hal_rcc.o
    0x0800446c   0x0800446c   0x0000000c   Code   RO         4142    i.HAL_RCC_EnableCSS  stm32f4xx_hal_rcc.o
    0x08004478   0x08004478   0x0000003c   Code   RO         4143    i.HAL_RCC_GetClockConfig  stm32f4xx_hal_rcc.o
    0x080044b4   0x080044b4   0x0000000c   Code   RO         4144    i.HAL_RCC_GetHCLKFreq  stm32f4xx_hal_rcc.o
    0x080044c0   0x080044c0   0x00000020   Code   RO         4146    i.HAL_RCC_GetPCLK1Freq  stm32f4xx_hal_rcc.o
    0x080044e0   0x080044e0   0x00000020   Code   RO         4147    i.HAL_RCC_GetPCLK2Freq  stm32f4xx_hal_rcc.o
    0x08004500   0x08004500   0x0000006c   Code   RO         4148    i.HAL_RCC_GetSysClockFreq  stm32f4xx_hal_rcc.o
    0x0800456c   0x0800456c   0x0000001c   Code   RO         4150    i.HAL_RCC_NMI_IRQHandler  stm32f4xx_hal_rcc.o
    0x08004588   0x08004588   0x000003c0   Code   RO         4151    i.HAL_RCC_OscConfig  stm32f4xx_hal_rcc.o
    0x08004948   0x08004948   0x000000be   Code   RO         5560    i.HAL_SPI_Init      stm32f4xx_hal_spi.o
    0x08004a06   0x08004a06   0x00000002   PAD
    0x08004a08   0x08004a08   0x00000090   Code   RO         1797    i.HAL_SPI_MspInit   spi.o
    0x08004a98   0x08004a98   0x000001e4   Code   RO         5569    i.HAL_SPI_TransmitReceive  stm32f4xx_hal_spi.o
    0x08004c7c   0x08004c7c   0x00000002   Code   RO         6588    i.HAL_TIMEx_BreakCallback  stm32f4xx_hal_tim_ex.o
    0x08004c7e   0x08004c7e   0x00000002   Code   RO         6589    i.HAL_TIMEx_CommutCallback  stm32f4xx_hal_tim_ex.o
    0x08004c80   0x08004c80   0x00000090   Code   RO         6607    i.HAL_TIMEx_MasterConfigSynchronization  stm32f4xx_hal_tim_ex.o
    0x08004d10   0x08004d10   0x0000004a   Code   RO         5873    i.HAL_TIM_Base_Init  stm32f4xx_hal_tim.o
    0x08004d5a   0x08004d5a   0x00000002   PAD
    0x08004d5c   0x08004d5c   0x00000048   Code   RO         1839    i.HAL_TIM_Base_MspInit  tim.o
    0x08004da4   0x08004da4   0x0000008c   Code   RO         5878    i.HAL_TIM_Base_Start_IT  stm32f4xx_hal_tim.o
    0x08004e30   0x08004e30   0x000000e8   Code   RO         5882    i.HAL_TIM_ConfigClockSource  stm32f4xx_hal_tim.o
    0x08004f18   0x08004f18   0x00000002   Code   RO         5907    i.HAL_TIM_IC_CaptureCallback  stm32f4xx_hal_tim.o
    0x08004f1a   0x08004f1a   0x0000016e   Code   RO         5921    i.HAL_TIM_IRQHandler  stm32f4xx_hal_tim.o
    0x08005088   0x08005088   0x00000088   Code   RO         1840    i.HAL_TIM_MspPostInit  tim.o
    0x08005110   0x08005110   0x00000002   Code   RO         5924    i.HAL_TIM_OC_DelayElapsedCallback  stm32f4xx_hal_tim.o
    0x08005112   0x08005112   0x000000d8   Code   RO         5945    i.HAL_TIM_PWM_ConfigChannel  stm32f4xx_hal_tim.o
    0x080051ea   0x080051ea   0x0000004a   Code   RO         5948    i.HAL_TIM_PWM_Init  stm32f4xx_hal_tim.o
    0x08005234   0x08005234   0x00000002   Code   RO         5950    i.HAL_TIM_PWM_MspInit  stm32f4xx_hal_tim.o
    0x08005236   0x08005236   0x00000002   Code   RO         5951    i.HAL_TIM_PWM_PulseFinishedCallback  stm32f4xx_hal_tim.o
    0x08005238   0x08005238   0x000000dc   Code   RO         5953    i.HAL_TIM_PWM_Start  stm32f4xx_hal_tim.o
    0x08005314   0x08005314   0x0000000e   Code   RO         1586    i.HAL_TIM_PeriodElapsedCallback  main.o
    0x08005322   0x08005322   0x00000002   Code   RO         5964    i.HAL_TIM_TriggerCallback  stm32f4xx_hal_tim.o
    0x08005324   0x08005324   0x00000050   Code   RO          933    i.HAL_UARTEx_RxEventCallback  bsp_uart.o
    0x08005374   0x08005374   0x00000002   Code   RO         6880    i.HAL_UART_ErrorCallback  stm32f4xx_hal_uart.o
    0x08005376   0x08005376   0x00000002   PAD
    0x08005378   0x08005378   0x00000228   Code   RO         6883    i.HAL_UART_IRQHandler  stm32f4xx_hal_uart.o
    0x080055a0   0x080055a0   0x00000064   Code   RO         6884    i.HAL_UART_Init     stm32f4xx_hal_uart.o
    0x08005604   0x08005604   0x000001b0   Code   RO         1893    i.HAL_UART_MspInit  usart.o
    0x080057b4   0x080057b4   0x00000002   Code   RO         6890    i.HAL_UART_RxCpltCallback  stm32f4xx_hal_uart.o
    0x080057b6   0x080057b6   0x00000002   Code   RO         6895    i.HAL_UART_TxCpltCallback  stm32f4xx_hal_uart.o
    0x080057b8   0x080057b8   0x0000001a   Code   RO          857    i.Haltick           bsp_tick.o
    0x080057d2   0x080057d2   0x00000002   Code   RO         1948    i.HardFault_Handler  stm32f4xx_it.o
    0x080057d4   0x080057d4   0x00000010   Code   RO          894    i.Heat_Power_Control  bsp_tim.o
    0x080057e4   0x080057e4   0x00000060   Code   RO          531    i.INSTask_Init      ins_task.o
    0x08005844   0x08005844   0x0000016c   Code   RO          532    i.INS_Task          ins_task.o
    0x080059b0   0x080059b0   0x0000003a   Code   RO         7254    i.IntToUnicode      usbd_desc.o
    0x080059ea   0x080059ea   0x0000036a   Code   RO         1027    i.Kalman_Filter_Init  kalman.o
    0x08005d54   0x08005d54   0x000000c0   Code   RO         1028    i.Kalman_Filter_K_Update  kalman.o
    0x08005e14   0x08005e14   0x0000003a   Code   RO         1029    i.Kalman_Filter_Measurement_Update  kalman.o
    0x08005e4e   0x08005e4e   0x00000068   Code   RO         1030    i.Kalman_Filter_P_Update  kalman.o
    0x08005eb6   0x08005eb6   0x0000006a   Code   RO         1031    i.Kalman_Filter_Pminus_Update  kalman.o
    0x08005f20   0x08005f20   0x00000086   Code   RO         1032    i.Kalman_Filter_Update  kalman.o
    0x08005fa6   0x08005fa6   0x00000080   Code   RO         1033    i.Kalman_Filter_xhat_Update  kalman.o
    0x08006026   0x08006026   0x00000074   Code   RO         1034    i.Kalman_Filter_xhatminus_Update  kalman.o
    0x0800609a   0x0800609a   0x00000002   PAD
    0x0800609c   0x0800609c   0x00000024   Code   RO         1086    i.LowPassFilter2p_Init  lpf.o
    0x080060c0   0x080060c0   0x0000004c   Code   RO         1087    i.LowPassFilter2p_Update  lpf.o
    0x0800610c   0x0800610c   0x0000001a   Code   RO          781    i.MCU_Init          bsp_mcu.o
    0x08006126   0x08006126   0x00000002   PAD
    0x08006128   0x08006128   0x00000048   Code   RO         1725    i.MX_CAN1_Init      can.o
    0x08006170   0x08006170   0x00000048   Code   RO         1726    i.MX_CAN2_Init      can.o
    0x080061b8   0x080061b8   0x0000005c   Code   RO         1772    i.MX_DMA_Init       dma.o
    0x08006214   0x08006214   0x00000080   Code   RO         1661    i.MX_FREERTOS_Init  freertos.o
    0x08006294   0x08006294   0x000000e4   Code   RO         1633    i.MX_GPIO_Init      gpio.o
    0x08006378   0x08006378   0x00000048   Code   RO         1798    i.MX_SPI1_Init      spi.o
    0x080063c0   0x080063c0   0x00000068   Code   RO         1841    i.MX_TIM10_Init     tim.o
    0x08006428   0x08006428   0x00000098   Code   RO         1842    i.MX_TIM4_Init      tim.o
    0x080064c0   0x080064c0   0x00000038   Code   RO         1894    i.MX_USART1_UART_Init  usart.o
    0x080064f8   0x080064f8   0x0000003c   Code   RO         1895    i.MX_USART3_UART_Init  usart.o
    0x08006534   0x08006534   0x00000080   Code   RO         7222    i.MX_USB_DEVICE_Init  usb_device.o
    0x080065b4   0x080065b4   0x00000002   Code   RO         1949    i.MemManage_Handler  stm32f4xx_it.o
    0x080065b6   0x080065b6   0x00000002   PAD
    0x080065b8   0x080065b8   0x00000030   Code   RO         1245    i.MiniPC_RecvFrameInfo  minipc.o
    0x080065e8   0x080065e8   0x00000006   Code   RO         1950    i.NMI_Handler       stm32f4xx_it.o
    0x080065ee   0x080065ee   0x00000002   PAD
    0x080065f0   0x080065f0   0x0000000c   Code   RO         1951    i.OTG_FS_IRQHandler  stm32f4xx_it.o
    0x080065fc   0x080065fc   0x00000048   Code   RO         3577    i.PCD_EP_OutSetupPacket_int  stm32f4xx_hal_pcd.o
    0x08006644   0x08006644   0x000000e4   Code   RO         3578    i.PCD_EP_OutXfrComplete_int  stm32f4xx_hal_pcd.o
    0x08006728   0x08006728   0x0000009c   Code   RO         3579    i.PCD_WriteEmptyTxFifo  stm32f4xx_hal_pcd.o
    0x080067c4   0x080067c4   0x00000028   Code   RO         1150    i.PID_Calc_Clear    pid.o
    0x080067ec   0x080067ec   0x0000002c   Code   RO         1151    i.PID_ErrorHandle   pid.o
    0x08006818   0x08006818   0x0000002c   Code   RO         1152    i.PID_Init          pid.o
    0x08006844   0x08006844   0x00000046   Code   RO         1153    i.PID_Param_Init    pid.o
    0x0800688a   0x0800688a   0x00000002   PAD
    0x0800688c   0x0800688c   0x000001a4   Code   RO            5    i.QuaternionEKF_A_Update  api_quaternion.o
    0x08006a30   0x08006a30   0x00000138   Code   RO            6    i.QuaternionEKF_ChiSqrtTest  api_quaternion.o
    0x08006b68   0x08006b68   0x000000e6   Code   RO            7    i.QuaternionEKF_H_Update  api_quaternion.o
    0x08006c4e   0x08006c4e   0x00000002   PAD
    0x08006c50   0x08006c50   0x000000bc   Code   RO            8    i.QuaternionEKF_Init  api_quaternion.o
    0x08006d0c   0x08006d0c   0x00000340   Code   RO            9    i.QuaternionEKF_Update  api_quaternion.o
    0x0800704c   0x0800704c   0x000002bc   Code   RO           10    i.QuaternionEKF_xhat_Update  api_quaternion.o
    0x08007308   0x08007308   0x00000058   Code   RO         1319    i.RMD_Motor_Info_Update  motor.o
    0x08007360   0x08007360   0x0000005c   Code   RO         1403    i.Referee_Frame_Update  referee_info.o
    0x080073bc   0x080073bc   0x0000018c   Code   RO         1404    i.Referee_Info_Update  referee_info.o
    0x08007548   0x08007548   0x000000c8   Code   RO         1448    i.SBUS_TO_RC        remote_control.o
    0x08007610   0x08007610   0x0000005c   Code   RO         5598    i.SPI_EndRxTxTransaction  stm32f4xx_hal_spi.o
    0x0800766c   0x0800766c   0x000000bc   Code   RO         5603    i.SPI_WaitFlagStateUntilTimeout  stm32f4xx_hal_spi.o
    0x08007728   0x08007728   0x0000000a   Code   RO         7757    i.SWAPBYTE          usbd_ctlreq.o
    0x08007732   0x08007732   0x00000002   PAD
    0x08007734   0x08007734   0x0000002c   Code   RO         3463    i.SysTick_Handler   port.o
    0x08007760   0x08007760   0x00000098   Code   RO         1587    i.SystemClock_Config  main.o
    0x080077f8   0x080077f8   0x00000010   Code   RO         2129    i.SystemInit        system_stm32f4xx.o
    0x08007808   0x08007808   0x0000000c   Code   RO         1952    i.TIM2_IRQHandler   stm32f4xx_it.o
    0x08007814   0x08007814   0x000000cc   Code   RO         5966    i.TIM_Base_SetConfig  stm32f4xx_hal_tim.o
    0x080078e0   0x080078e0   0x0000001a   Code   RO         5967    i.TIM_CCxChannelCmd  stm32f4xx_hal_tim.o
    0x080078fa   0x080078fa   0x00000014   Code   RO         5977    i.TIM_ETR_SetConfig  stm32f4xx_hal_tim.o
    0x0800790e   0x0800790e   0x00000010   Code   RO         5978    i.TIM_ITRx_SetConfig  stm32f4xx_hal_tim.o
    0x0800791e   0x0800791e   0x00000002   PAD
    0x08007920   0x08007920   0x00000068   Code   RO         5979    i.TIM_OC1_SetConfig  stm32f4xx_hal_tim.o
    0x08007988   0x08007988   0x00000074   Code   RO         5980    i.TIM_OC2_SetConfig  stm32f4xx_hal_tim.o
    0x080079fc   0x080079fc   0x00000070   Code   RO         5981    i.TIM_OC3_SetConfig  stm32f4xx_hal_tim.o
    0x08007a6c   0x08007a6c   0x00000054   Code   RO         5982    i.TIM_OC4_SetConfig  stm32f4xx_hal_tim.o
    0x08007ac0   0x08007ac0   0x00000022   Code   RO         5984    i.TIM_TI1_ConfigInputStage  stm32f4xx_hal_tim.o
    0x08007ae2   0x08007ae2   0x00000024   Code   RO         5986    i.TIM_TI2_ConfigInputStage  stm32f4xx_hal_tim.o
    0x08007b06   0x08007b06   0x00000010   Code   RO         6897    i.UART_DMAAbortOnError  stm32f4xx_hal_uart.o
    0x08007b16   0x08007b16   0x0000004e   Code   RO         6907    i.UART_EndRxTransfer  stm32f4xx_hal_uart.o
    0x08007b64   0x08007b64   0x0000001a   Code   RO         6908    i.UART_EndTransmit_IT  stm32f4xx_hal_uart.o
    0x08007b7e   0x08007b7e   0x000000c6   Code   RO         6910    i.UART_Receive_IT   stm32f4xx_hal_uart.o
    0x08007c44   0x08007c44   0x00000114   Code   RO         6911    i.UART_SetConfig    stm32f4xx_hal_uart.o
    0x08007d58   0x08007d58   0x0000005e   Code   RO         6914    i.UART_Transmit_IT  stm32f4xx_hal_uart.o
    0x08007db6   0x08007db6   0x00000002   PAD
    0x08007db8   0x08007db8   0x0000000c   Code   RO         1953    i.USART1_IRQHandler  stm32f4xx_it.o
    0x08007dc4   0x08007dc4   0x0000000c   Code   RO         1954    i.USART3_IRQHandler  stm32f4xx_it.o
    0x08007dd0   0x08007dd0   0x00000068   Code   RO          934    i.USART_RxDMA_MultiBufferStart  bsp_uart.o
    0x08007e38   0x08007e38   0x00000078   Code   RO         7920    i.USBD_CDC_DataIn   usbd_cdc.o
    0x08007eb0   0x08007eb0   0x0000003e   Code   RO         7921    i.USBD_CDC_DataOut  usbd_cdc.o
    0x08007eee   0x08007eee   0x00000002   PAD
    0x08007ef0   0x08007ef0   0x00000094   Code   RO         7922    i.USBD_CDC_DeInit   usbd_cdc.o
    0x08007f84   0x08007f84   0x00000038   Code   RO         7923    i.USBD_CDC_EP0_RxReady  usbd_cdc.o
    0x08007fbc   0x08007fbc   0x0000000c   Code   RO         7924    i.USBD_CDC_GetDeviceQualifierDescriptor  usbd_cdc.o
    0x08007fc8   0x08007fc8   0x0000003c   Code   RO         7925    i.USBD_CDC_GetFSCfgDesc  usbd_cdc.o
    0x08008004   0x08008004   0x00000040   Code   RO         7926    i.USBD_CDC_GetHSCfgDesc  usbd_cdc.o
    0x08008044   0x08008044   0x0000003c   Code   RO         7927    i.USBD_CDC_GetOtherSpeedCfgDesc  usbd_cdc.o
    0x08008080   0x08008080   0x0000015c   Code   RO         7928    i.USBD_CDC_Init     usbd_cdc.o
    0x080081dc   0x080081dc   0x00000040   Code   RO         7929    i.USBD_CDC_ReceivePacket  usbd_cdc.o
    0x0800821c   0x0800821c   0x00000018   Code   RO         7930    i.USBD_CDC_RegisterInterface  usbd_cdc.o
    0x08008234   0x08008234   0x0000001c   Code   RO         7931    i.USBD_CDC_SetRxBuffer  usbd_cdc.o
    0x08008250   0x08008250   0x00000020   Code   RO         7932    i.USBD_CDC_SetTxBuffer  usbd_cdc.o
    0x08008270   0x08008270   0x0000010a   Code   RO         7933    i.USBD_CDC_Setup    usbd_cdc.o
    0x0800837a   0x0800837a   0x00000014   Code   RO         7595    i.USBD_ClrClassConfig  usbd_core.o
    0x0800838e   0x0800838e   0x00000026   Code   RO         7758    i.USBD_ClrFeature   usbd_ctlreq.o
    0x080083b4   0x080083b4   0x00000004   Code   RO         7596    i.USBD_CoreFindEP   usbd_core.o
    0x080083b8   0x080083b8   0x00000004   Code   RO         7597    i.USBD_CoreFindIF   usbd_core.o
    0x080083bc   0x080083bc   0x00000010   Code   RO         7860    i.USBD_CtlContinueRx  usbd_ioreq.o
    0x080083cc   0x080083cc   0x00000010   Code   RO         7861    i.USBD_CtlContinueSendData  usbd_ioreq.o
    0x080083dc   0x080083dc   0x00000018   Code   RO         7759    i.USBD_CtlError     usbd_ctlreq.o
    0x080083f4   0x080083f4   0x0000001e   Code   RO         7862    i.USBD_CtlPrepareRx  usbd_ioreq.o
    0x08008412   0x08008412   0x00000016   Code   RO         7863    i.USBD_CtlReceiveStatus  usbd_ioreq.o
    0x08008428   0x08008428   0x0000001a   Code   RO         7864    i.USBD_CtlSendData  usbd_ioreq.o
    0x08008442   0x08008442   0x00000016   Code   RO         7865    i.USBD_CtlSendStatus  usbd_ioreq.o
    0x08008458   0x08008458   0x00000030   Code   RO         7255    i.USBD_FS_ConfigStrDescriptor  usbd_desc.o
    0x08008488   0x08008488   0x0000000c   Code   RO         7256    i.USBD_FS_DeviceDescriptor  usbd_desc.o
    0x08008494   0x08008494   0x00000034   Code   RO         7257    i.USBD_FS_InterfaceStrDescriptor  usbd_desc.o
    0x080084c8   0x080084c8   0x0000000c   Code   RO         7258    i.USBD_FS_LangIDStrDescriptor  usbd_desc.o
    0x080084d4   0x080084d4   0x00000028   Code   RO         7259    i.USBD_FS_ManufacturerStrDescriptor  usbd_desc.o
    0x080084fc   0x080084fc   0x0000003c   Code   RO         7260    i.USBD_FS_ProductStrDescriptor  usbd_desc.o
    0x08008538   0x08008538   0x00000014   Code   RO         7261    i.USBD_FS_SerialStrDescriptor  usbd_desc.o
    0x0800854c   0x0800854c   0x0000003a   Code   RO         7760    i.USBD_GetConfig    usbd_ctlreq.o
    0x08008586   0x08008586   0x000001b0   Code   RO         7761    i.USBD_GetDescriptor  usbd_ctlreq.o
    0x08008736   0x08008736   0x0000003a   Code   RO         7599    i.USBD_GetEpDesc    usbd_core.o
    0x08008770   0x08008770   0x00000014   Code   RO         7762    i.USBD_GetLen       usbd_ctlreq.o
    0x08008784   0x08008784   0x0000000e   Code   RO         7600    i.USBD_GetNextDesc  usbd_core.o
    0x08008792   0x08008792   0x0000003c   Code   RO         7763    i.USBD_GetStatus    usbd_ctlreq.o
    0x080087ce   0x080087ce   0x0000003e   Code   RO         7764    i.USBD_GetString    usbd_ctlreq.o
    0x0800880c   0x0800880c   0x00000024   Code   RO         7401    i.USBD_Get_USB_Status  usbd_conf.o
    0x08008830   0x08008830   0x00000028   Code   RO         7601    i.USBD_Init         usbd_core.o
    0x08008858   0x08008858   0x00000012   Code   RO         7402    i.USBD_LL_ClearStallEP  usbd_conf.o
    0x0800886a   0x0800886a   0x00000012   Code   RO         7403    i.USBD_LL_CloseEP   usbd_conf.o
    0x0800887c   0x0800887c   0x000000dc   Code   RO         7602    i.USBD_LL_DataInStage  usbd_core.o
    0x08008958   0x08008958   0x000000ca   Code   RO         7603    i.USBD_LL_DataOutStage  usbd_core.o
    0x08008a22   0x08008a22   0x00000004   Code   RO         7604    i.USBD_LL_DevConnected  usbd_core.o
    0x08008a26   0x08008a26   0x00000020   Code   RO         7605    i.USBD_LL_DevDisconnected  usbd_core.o
    0x08008a46   0x08008a46   0x00000008   Code   RO         7407    i.USBD_LL_GetRxDataSize  usbd_conf.o
    0x08008a4e   0x08008a4e   0x00000002   PAD
    0x08008a50   0x08008a50   0x00000060   Code   RO         7408    i.USBD_LL_Init      usbd_conf.o
    0x08008ab0   0x08008ab0   0x00000020   Code   RO         7409    i.USBD_LL_IsStallEP  usbd_conf.o
    0x08008ad0   0x08008ad0   0x0000002a   Code   RO         7606    i.USBD_LL_IsoINIncomplete  usbd_core.o
    0x08008afa   0x08008afa   0x0000002a   Code   RO         7607    i.USBD_LL_IsoOUTIncomplete  usbd_core.o
    0x08008b24   0x08008b24   0x00000018   Code   RO         7410    i.USBD_LL_OpenEP    usbd_conf.o
    0x08008b3c   0x08008b3c   0x00000012   Code   RO         7411    i.USBD_LL_PrepareReceive  usbd_conf.o
    0x08008b4e   0x08008b4e   0x00000060   Code   RO         7608    i.USBD_LL_Reset     usbd_core.o
    0x08008bae   0x08008bae   0x00000014   Code   RO         7609    i.USBD_LL_Resume    usbd_core.o
    0x08008bc2   0x08008bc2   0x0000001a   Code   RO         7610    i.USBD_LL_SOF       usbd_core.o
    0x08008bdc   0x08008bdc   0x00000006   Code   RO         7611    i.USBD_LL_SetSpeed  usbd_core.o
    0x08008be2   0x08008be2   0x00000012   Code   RO         7412    i.USBD_LL_SetUSBAddress  usbd_conf.o
    0x08008bf4   0x08008bf4   0x00000060   Code   RO         7612    i.USBD_LL_SetupStage  usbd_core.o
    0x08008c54   0x08008c54   0x00000012   Code   RO         7413    i.USBD_LL_StallEP   usbd_conf.o
    0x08008c66   0x08008c66   0x00000012   Code   RO         7414    i.USBD_LL_Start     usbd_conf.o
    0x08008c78   0x08008c78   0x00000010   Code   RO         7613    i.USBD_LL_Suspend   usbd_core.o
    0x08008c88   0x08008c88   0x00000012   Code   RO         7416    i.USBD_LL_Transmit  usbd_conf.o
    0x08008c9a   0x08008c9a   0x00000032   Code   RO         7765    i.USBD_ParseSetupRequest  usbd_ctlreq.o
    0x08008ccc   0x08008ccc   0x0000003a   Code   RO         7614    i.USBD_RegisterClass  usbd_core.o
    0x08008d06   0x08008d06   0x00000004   Code   RO         7615    i.USBD_RunTestMode  usbd_core.o
    0x08008d0a   0x08008d0a   0x00000058   Code   RO         7766    i.USBD_SetAddress   usbd_ctlreq.o
    0x08008d62   0x08008d62   0x00000014   Code   RO         7616    i.USBD_SetClassConfig  usbd_core.o
    0x08008d76   0x08008d76   0x00000002   PAD
    0x08008d78   0x08008d78   0x000000dc   Code   RO         7767    i.USBD_SetConfig    usbd_ctlreq.o
    0x08008e54   0x08008e54   0x00000024   Code   RO         7768    i.USBD_SetFeature   usbd_ctlreq.o
    0x08008e78   0x08008e78   0x00000004   Code   RO         7617    i.USBD_Start        usbd_core.o
    0x08008e7c   0x08008e7c   0x00000076   Code   RO         7769    i.USBD_StdDevReq    usbd_ctlreq.o
    0x08008ef2   0x08008ef2   0x00000220   Code   RO         7770    i.USBD_StdEPReq     usbd_ctlreq.o
    0x08009112   0x08009112   0x0000008e   Code   RO         7771    i.USBD_StdItfReq    usbd_ctlreq.o
    0x080091a0   0x080091a0   0x00000002   Code   RO         7417    i.USBD_static_free  usbd_conf.o
    0x080091a2   0x080091a2   0x00000002   PAD
    0x080091a4   0x080091a4   0x00000008   Code   RO         7418    i.USBD_static_malloc  usbd_conf.o
    0x080091ac   0x080091ac   0x00000084   Code   RO         3828    i.USB_ActivateEndpoint  stm32f4xx_ll_usb.o
    0x08009230   0x08009230   0x0000001c   Code   RO         3830    i.USB_ActivateSetup  stm32f4xx_ll_usb.o
    0x0800924c   0x0800924c   0x00000080   Code   RO         3832    i.USB_CoreInit      stm32f4xx_ll_usb.o
    0x080092cc   0x080092cc   0x00000048   Code   RO         3833    i.USB_CoreReset     stm32f4xx_ll_usb.o
    0x08009314   0x08009314   0x000000c8   Code   RO         3836    i.USB_DeactivateEndpoint  stm32f4xx_ll_usb.o
    0x080093dc   0x080093dc   0x0000001c   Code   RO         3837    i.USB_DevConnect    stm32f4xx_ll_usb.o
    0x080093f8   0x080093f8   0x0000001c   Code   RO         3838    i.USB_DevDisconnect  stm32f4xx_ll_usb.o
    0x08009414   0x08009414   0x00000170   Code   RO         3839    i.USB_DevInit       stm32f4xx_ll_usb.o
    0x08009584   0x08009584   0x0000000c   Code   RO         3840    i.USB_DisableGlobalInt  stm32f4xx_ll_usb.o
    0x08009590   0x08009590   0x00000118   Code   RO         3843    i.USB_EP0StartXfer  stm32f4xx_ll_usb.o
    0x080096a8   0x080096a8   0x00000054   Code   RO         3844    i.USB_EP0_OutStart  stm32f4xx_ll_usb.o
    0x080096fc   0x080096fc   0x00000058   Code   RO         3845    i.USB_EPClearStall  stm32f4xx_ll_usb.o
    0x08009754   0x08009754   0x00000058   Code   RO         3846    i.USB_EPSetStall    stm32f4xx_ll_usb.o
    0x080097ac   0x080097ac   0x000001f8   Code   RO         3847    i.USB_EPStartXfer   stm32f4xx_ll_usb.o
    0x080099a4   0x080099a4   0x000000a4   Code   RO         3848    i.USB_EPStopXfer    stm32f4xx_ll_usb.o
    0x08009a48   0x08009a48   0x0000000c   Code   RO         3849    i.USB_EnableGlobalInt  stm32f4xx_ll_usb.o
    0x08009a54   0x08009a54   0x00000044   Code   RO         3850    i.USB_FlushRxFifo   stm32f4xx_ll_usb.o
    0x08009a98   0x08009a98   0x00000048   Code   RO         3851    i.USB_FlushTxFifo   stm32f4xx_ll_usb.o
    0x08009ae0   0x08009ae0   0x00000020   Code   RO         3853    i.USB_GetDevSpeed   stm32f4xx_ll_usb.o
    0x08009b00   0x08009b00   0x00000008   Code   RO         3855    i.USB_GetMode       stm32f4xx_ll_usb.o
    0x08009b08   0x08009b08   0x0000000e   Code   RO         3862    i.USB_ReadDevAllInEpInterrupt  stm32f4xx_ll_usb.o
    0x08009b16   0x08009b16   0x0000000e   Code   RO         3863    i.USB_ReadDevAllOutEpInterrupt  stm32f4xx_ll_usb.o
    0x08009b24   0x08009b24   0x00000024   Code   RO         3864    i.USB_ReadDevInEPInterrupt  stm32f4xx_ll_usb.o
    0x08009b48   0x08009b48   0x00000010   Code   RO         3865    i.USB_ReadDevOutEPInterrupt  stm32f4xx_ll_usb.o
    0x08009b58   0x08009b58   0x00000008   Code   RO         3866    i.USB_ReadInterrupts  stm32f4xx_ll_usb.o
    0x08009b60   0x08009b60   0x0000003e   Code   RO         3867    i.USB_ReadPacket    stm32f4xx_ll_usb.o
    0x08009b9e   0x08009b9e   0x00000060   Code   RO         3869    i.USB_SetCurrentMode  stm32f4xx_ll_usb.o
    0x08009bfe   0x08009bfe   0x0000001e   Code   RO         3870    i.USB_SetDevAddress  stm32f4xx_ll_usb.o
    0x08009c1c   0x08009c1c   0x0000000e   Code   RO         3871    i.USB_SetDevSpeed   stm32f4xx_ll_usb.o
    0x08009c2a   0x08009c2a   0x00000002   PAD
    0x08009c2c   0x08009c2c   0x000000f4   Code   RO         3872    i.USB_SetTurnaroundTime  stm32f4xx_ll_usb.o
    0x08009d20   0x08009d20   0x00000028   Code   RO         3875    i.USB_WritePacket   stm32f4xx_ll_usb.o
    0x08009d48   0x08009d48   0x00000018   Code   RO          594    i.USER_CAN_TxMessage  bsp_can.o
    0x08009d60   0x08009d60   0x00000078   Code   RO          935    i.USER_USART1_RxHandler  bsp_uart.o
    0x08009dd8   0x08009dd8   0x00000070   Code   RO          936    i.USER_USART3_RxHandler  bsp_uart.o
    0x08009e48   0x08009e48   0x00000002   Code   RO         1955    i.UsageFault_Handler  stm32f4xx_it.o
    0x08009e4a   0x08009e4a   0x00000028   Code   RO          895    i.User_Tim_SetCompare  bsp_tim.o
    0x08009e72   0x08009e72   0x00000002   PAD
    0x08009e74   0x08009e74   0x0000017c   Code   RO          477    i.VMC_Calculate     vmc_task.o
    0x08009ff0   0x08009ff0   0x00000144   Code   RO          478    i.VMC_F_Tp_To_Joint_Calculate  vmc_task.o
    0x0800a134   0x0800a134   0x00000144   Code   RO          479    i.VMC_Predict_Calculate  vmc_task.o
    0x0800a278   0x0800a278   0x00000054   Code   RO          480    i.VMC_Task          vmc_task.o
    0x0800a2cc   0x0800a2cc   0x0000004c   Code   RO          481    i.VMC_rad_to_Angle  vmc_task.o
    0x0800a318   0x0800a318   0x00000030   Code   RO         8801    i.__ARM_fpclassify  m_wm.l(fpclassify.o)
    0x0800a348   0x0800a348   0x00000026   Code   RO         8803    i.__ARM_fpclassifyf  m_wm.l(fpclassifyf.o)
    0x0800a36e   0x0800a36e   0x00000020   Code   RO         4940    i.__NVIC_SetPriority  stm32f4xx_hal_cortex.o
    0x0800a38e   0x0800a38e   0x00000002   PAD
    0x0800a390   0x0800a390   0x00000118   Code   RO         8427    i.__hardfp_acosf    m_wm.l(acosf.o)
    0x0800a4a8   0x0800a4a8   0x0000012c   Code   RO         8439    i.__hardfp_asinf    m_wm.l(asinf.o)
    0x0800a5d4   0x0800a5d4   0x000002ac   Code   RO         8463    i.__hardfp_atan2f   m_wm.l(atan2f.o)
    0x0800a880   0x0800a880   0x00000c50   Code   RO         8507    i.__hardfp_pow      m_wm.l(pow.o)
    0x0800b4d0   0x0800b4d0   0x00000664   Code   RO         8521    i.__hardfp_powf     m_wm.l(powf.o)
    0x0800bb34   0x0800bb34   0x000000f8   Code   RO         8819    i.__kernel_poly     m_wm.l(poly.o)
    0x0800bc2c   0x0800bc2c   0x00000004   PAD
    0x0800bc30   0x0800bc30   0x00000030   Code   RO         8787    i.__mathlib_dbl_divzero  m_wm.l(dunder.o)
    0x0800bc60   0x0800bc60   0x00000014   Code   RO         8789    i.__mathlib_dbl_infnan2  m_wm.l(dunder.o)
    0x0800bc74   0x0800bc74   0x00000004   PAD
    0x0800bc78   0x0800bc78   0x00000020   Code   RO         8790    i.__mathlib_dbl_invalid  m_wm.l(dunder.o)
    0x0800bc98   0x0800bc98   0x00000020   Code   RO         8791    i.__mathlib_dbl_overflow  m_wm.l(dunder.o)
    0x0800bcb8   0x0800bcb8   0x00000020   Code   RO         8793    i.__mathlib_dbl_underflow  m_wm.l(dunder.o)
    0x0800bcd8   0x0800bcd8   0x00000014   Code   RO         8805    i.__mathlib_flt_divzero  m_wm.l(funder.o)
    0x0800bcec   0x0800bcec   0x00000006   Code   RO         8806    i.__mathlib_flt_infnan  m_wm.l(funder.o)
    0x0800bcf2   0x0800bcf2   0x00000006   Code   RO         8807    i.__mathlib_flt_infnan2  m_wm.l(funder.o)
    0x0800bcf8   0x0800bcf8   0x00000010   Code   RO         8808    i.__mathlib_flt_invalid  m_wm.l(funder.o)
    0x0800bd08   0x0800bd08   0x00000010   Code   RO         8809    i.__mathlib_flt_overflow  m_wm.l(funder.o)
    0x0800bd18   0x0800bd18   0x00000010   Code   RO         8811    i.__mathlib_flt_underflow  m_wm.l(funder.o)
    0x0800bd28   0x0800bd28   0x00000014   Code   RO         1405    i.bit8TObit16       referee_info.o
    0x0800bd3c   0x0800bd3c   0x00000020   Code   RO         1406    i.bit8TOfloat32     referee_info.o
    0x0800bd5c   0x0800bd5c   0x000000c0   Code   RO         1321    i.encoder_to_anglesum  motor.o
    0x0800be1c   0x0800be1c   0x0000018c   Code   RO         1154    i.f_PID_Calculate   pid.o
    0x0800bfa8   0x0800bfa8   0x00000018   Code   RO         8503    i.fabs              m_wm.l(fabs.o)
    0x0800bfc0   0x0800bfc0   0x00000028   Code   RO          160    i.float_to_uint     can_task.o
    0x0800bfe8   0x0800bfe8   0x00000030   Code   RO          976    i.get_CRC16_check_sum  crc.o
    0x0800c018   0x0800c018   0x0000001c   Code   RO          977    i.get_CRC8_check_sum  crc.o
    0x0800c034   0x0800c034   0x00000010   Code   RO         3014    i.inHandlerMode     cmsis_os.o
    0x0800c044   0x0800c044   0x0000003a   Code   RO         1588    i.main              main.o
    0x0800c07e   0x0800c07e   0x0000000c   Code   RO         3016    i.makeFreeRtosPriority  cmsis_os.o
    0x0800c08a   0x0800c08a   0x00000010   Code   RO         3018    i.osDelay           cmsis_os.o
    0x0800c09a   0x0800c09a   0x00000010   Code   RO         3019    i.osDelayUntil      cmsis_os.o
    0x0800c0aa   0x0800c0aa   0x0000000a   Code   RO         3021    i.osKernelStart     cmsis_os.o
    0x0800c0b4   0x0800c0b4   0x00000018   Code   RO         3022    i.osKernelSysTick   cmsis_os.o
    0x0800c0cc   0x0800c0cc   0x00000058   Code   RO         3055    i.osThreadCreate    cmsis_os.o
    0x0800c124   0x0800c124   0x00000078   Code   RO         2642    i.prvAddCurrentTaskToDelayedList  tasks.o
    0x0800c19c   0x0800c19c   0x00000088   Code   RO         2643    i.prvAddNewTaskToReadyList  tasks.o
    0x0800c224   0x0800c224   0x0000003c   Code   RO         2644    i.prvCheckTasksWaitingTermination  tasks.o
    0x0800c260   0x0800c260   0x00000040   Code   RO         2645    i.prvDeleteTCB      tasks.o
    0x0800c2a0   0x0800c2a0   0x0000004c   Code   RO         3395    i.prvHeapInit       heap_4.o
    0x0800c2ec   0x0800c2ec   0x00000028   Code   RO         2646    i.prvIdleTask       tasks.o
    0x0800c314   0x0800c314   0x000000ac   Code   RO         2647    i.prvInitialiseNewTask  tasks.o
    0x0800c3c0   0x0800c3c0   0x00000058   Code   RO         2648    i.prvInitialiseTaskLists  tasks.o
    0x0800c418   0x0800c418   0x00000054   Code   RO         3396    i.prvInsertBlockIntoFreeList  heap_4.o
    0x0800c46c   0x0800c46c   0x00000024   Code   RO         2649    i.prvResetNextTaskUnblockTime  tasks.o
    0x0800c490   0x0800c490   0x0000002c   Code   RO         3464    i.prvTaskExitError  port.o
    0x0800c4bc   0x0800c4bc   0x000000dc   Code   RO         3397    i.pvPortMalloc      heap_4.o
    0x0800c598   0x0800c598   0x00000024   Code   RO         3465    i.pxPortInitialiseStack  port.o
    0x0800c5bc   0x0800c5bc   0x0000006e   Code   RO         8835    i.sqrt              m_wm.l(sqrt_full.o)
    0x0800c62a   0x0800c62a   0x0000003e   Code   RO         8841    i.sqrtf             m_wm.l(sqrtf_full.o)
    0x0800c668   0x0800c668   0x00000028   Code   RO         1323    i.uint_to_float     motor.o
    0x0800c690   0x0800c690   0x00000026   Code   RO         2261    i.uxListRemove      list.o
    0x0800c6b6   0x0800c6b6   0x00000002   PAD
    0x0800c6b8   0x0800c6b8   0x00000018   Code   RO         1663    i.vApplicationGetIdleTaskMemory  freertos.o
    0x0800c6d0   0x0800c6d0   0x00000016   Code   RO         2262    i.vListInitialise   list.o
    0x0800c6e6   0x0800c6e6   0x00000006   Code   RO         2263    i.vListInitialiseItem  list.o
    0x0800c6ec   0x0800c6ec   0x00000030   Code   RO         2264    i.vListInsert       list.o
    0x0800c71c   0x0800c71c   0x00000018   Code   RO         2265    i.vListInsertEnd    list.o
    0x0800c734   0x0800c734   0x00000040   Code   RO         3467    i.vPortEnterCritical  port.o
    0x0800c774   0x0800c774   0x0000002c   Code   RO         3468    i.vPortExitCritical  port.o
    0x0800c7a0   0x0800c7a0   0x00000064   Code   RO         3398    i.vPortFree         heap_4.o
    0x0800c804   0x0800c804   0x00000024   Code   RO         3469    i.vPortSetupTimerInterrupt  port.o
    0x0800c828   0x0800c828   0x00000054   Code   RO         3470    i.vPortValidateInterruptPriority  port.o
    0x0800c87c   0x0800c87c   0x00000050   Code   RO         2662    i.vTaskDelay        tasks.o
    0x0800c8cc   0x0800c8cc   0x00000098   Code   RO         2663    i.vTaskDelayUntil   tasks.o
    0x0800c964   0x0800c964   0x00000088   Code   RO         2676    i.vTaskStartScheduler  tasks.o
    0x0800c9ec   0x0800c9ec   0x00000010   Code   RO         2678    i.vTaskSuspendAll   tasks.o
    0x0800c9fc   0x0800c9fc   0x00000060   Code   RO         2679    i.vTaskSwitchContext  tasks.o
    0x0800ca5c   0x0800ca5c   0x00000040   Code   RO          978    i.verify_CRC16_check_sum  crc.o
    0x0800ca9c   0x0800ca9c   0x0000002e   Code   RO          979    i.verify_CRC8_check_sum  crc.o
    0x0800caca   0x0800caca   0x00000002   PAD
    0x0800cacc   0x0800cacc   0x000000f4   Code   RO         3471    i.xPortStartScheduler  port.o
    0x0800cbc0   0x0800cbc0   0x00000064   Code   RO         2683    i.xTaskCreate       tasks.o
    0x0800cc24   0x0800cc24   0x0000005c   Code   RO         2684    i.xTaskCreateStatic  tasks.o
    0x0800cc80   0x0800cc80   0x0000000c   Code   RO         2690    i.xTaskGetTickCount  tasks.o
    0x0800cc8c   0x0800cc8c   0x00000010   Code   RO         2691    i.xTaskGetTickCountFromISR  tasks.o
    0x0800cc9c   0x0800cc9c   0x000000d0   Code   RO         2692    i.xTaskIncrementTick  tasks.o
    0x0800cd6c   0x0800cd6c   0x000000cc   Code   RO         2698    i.xTaskResumeAll    tasks.o
    0x0800ce38   0x0800ce38   0x00000018   Code   RO         8727    x$fpl$basic         g_wm.l(basic.o)
    0x0800ce50   0x0800ce50   0x000002c4   Code   RO         8403    x$fpl$d2f           g_wm.l(d2f_clz.o)
    0x0800d114   0x0800d114   0x0000024c   Code   RO         8405    x$fpl$dadd          g_wm.l(daddsub_clz.o)
    0x0800d360   0x0800d360   0x0000001c   Code   RO         8921    x$fpl$dcheck1       g_wm.l(dcheck1.o)
    0x0800d37c   0x0800d37c   0x00000018   Code   RO         8729    x$fpl$dcmpinf       g_wm.l(dcmpi.o)
    0x0800d394   0x0800d394   0x0000037c   Code   RO         8412    x$fpl$ddiv          g_wm.l(ddiv_clz.o)
    0x0800d710   0x0800d710   0x0000002e   Code   RO         8416    x$fpl$dflt          g_wm.l(dflt_clz.o)
    0x0800d73e   0x0800d73e   0x0000001a   Code   RO         8417    x$fpl$dfltn         g_wm.l(dflt_clz.o)
    0x0800d758   0x0800d758   0x00000078   Code   RO         8421    x$fpl$dleqf         g_wm.l(dleqf.o)
    0x0800d7d0   0x0800d7d0   0x000001c0   Code   RO         8423    x$fpl$dmul          g_wm.l(dmul_clz.o)
    0x0800d990   0x0800d990   0x00000102   Code   RO         8737    x$fpl$dnaninf       g_wm.l(dnaninf.o)
    0x0800da92   0x0800da92   0x00000070   Code   RO         8739    x$fpl$drenorm       g_wm.l(drenorm_clz.o)
    0x0800db02   0x0800db02   0x0000000c   Code   RO         8741    x$fpl$dretinf       g_wm.l(dretinf.o)
    0x0800db0e   0x0800db0e   0x00000062   Code   RO         8743    x$fpl$drleqf        g_wm.l(drleqf.o)
    0x0800db70   0x0800db70   0x00000050   Code   RO         8406    x$fpl$drsb          g_wm.l(daddsub_clz.o)
    0x0800dbc0   0x0800dbc0   0x00000208   Code   RO         8923    x$fpl$dsqrt         g_wm.l(dsqrt_umaalclz.o)
    0x0800ddc8   0x0800ddc8   0x0000029c   Code   RO         8407    x$fpl$dsub          g_wm.l(daddsub_clz.o)
    0x0800e064   0x0800e064   0x0000017a   Code   RO         8745    x$fpl$dunder        g_wm.l(dunder_clz.o)
    0x0800e1de   0x0800e1de   0x00000002   PAD
    0x0800e1e0   0x0800e1e0   0x000001ec   Code   RO         8747    x$fpl$exception     g_wm.l(except.o)
    0x0800e3cc   0x0800e3cc   0x0000007a   Code   RO         8425    x$fpl$f2d           g_wm.l(f2d.o)
    0x0800e446   0x0800e446   0x000000f2   Code   RO         8749    x$fpl$fnaninf       g_wm.l(fnaninf.o)
    0x0800e538   0x0800e538   0x0000000a   Code   RO         8925    x$fpl$fpinit        g_wm.l(fpinit.o)
    0x0800e542   0x0800e542   0x0000000a   Code   RO         8751    x$fpl$fretinf       g_wm.l(fretinf.o)
    0x0800e54c   0x0800e54c   0x0000013c   Code   RO         8753    x$fpl$funder        g_wm.l(funder_clz.o)
    0x0800e688   0x0800e688   0x00000020   Code   RO         8755    x$fpl$ieeestatus    g_wm.l(istatus.o)
    0x0800e6a8   0x0800e6a8   0x000000b2   Code   RO         8927    x$fpl$retnan        g_wm.l(retnan.o)
    0x0800e75a   0x0800e75a   0x00000002   PAD
    0x0800e75c   0x0800e75c   0x00000114   Code   RO         8765    x$fpl$scalbn        g_wm.l(scalbn_clz.o)
    0x0800e870   0x0800e870   0x0000007e   Code   RO         8767    x$fpl$trapveneer    g_wm.l(trapv.o)
    0x0800e8ee   0x0800e8ee   0x00000000   Code   RO         8769    x$fpl$usenofp       g_wm.l(usenofp.o)
    0x0800e8ee   0x0800e8ee   0x00000300   Data   RO          981    .constdata          crc.o
    0x0800ebee   0x0800ebee   0x00000002   PAD
    0x0800ebf0   0x0800ebf0   0x0000008c   Data   RO         1665    .constdata          freertos.o
    0x0800ec7c   0x0800ec7c   0x00000010   Data   RO         2130    .constdata          system_stm32f4xx.o
    0x0800ec8c   0x0800ec8c   0x00000008   Data   RO         2131    .constdata          system_stm32f4xx.o
    0x0800ec94   0x0800ec94   0x00000008   Data   RO         4657    .constdata          stm32f4xx_hal_dma.o
    0x0800ec9c   0x0800ec9c   0x00000804   Data   RO         8300    .constdata          arm_cortexM4lf_math.lib(arm_common_tables.o)
    0x0800f4a0   0x0800f4a0   0x00000088   Data   RO         8510    .constdata          m_wm.l(pow.o)
    0x0800f528   0x0800f528   0x00000140   Data   RO         8524    .constdata          m_wm.l(powf.o)
    0x0800f668   0x0800f668   0x00000008   Data   RO         8821    .constdata          m_wm.l(qnan.o)
    0x0800f670   0x0800f670   0x00000050   Data   RO         1666    .conststring        freertos.o
    0x0800f6c0   0x0800f6c0   0x00000020   Data   RO         9060    Region$$Table       anon$$obj.o


    Execution Region RW_IRAM1 (Exec base: 0x20000000, Load base: 0x0800f6e0, Size: 0x0000d150, Max: 0x0001c000, ABSOLUTE, COMPRESSED[0x000001ac])

    Exec Addr    Load Addr    Size         Type   Attr      Idx    E Section Name        Object

    0x20000000   COMPRESSED   0x0000000c   Data   RW          163    .data               can_task.o
    0x2000000c   COMPRESSED   0x000000c8   Data   RW          380    .data               control_task.o
    0x200000d4   COMPRESSED   0x000000a8   Data   RW          483    .data               vmc_task.o
    0x2000017c   COMPRESSED   0x00000144   Data   RW          534    .data               ins_task.o
    0x200002c0   COMPRESSED   0x00000090   Data   RW          596    .data               bsp_can.o
    0x20000350   COMPRESSED   0x00000024   Data   RW          597    .data               bsp_can.o
    0x20000374   COMPRESSED   0x00000024   Data   RW          598    .data               bsp_can.o
    0x20000398   COMPRESSED   0x0000000c   Data   RW          600    .data               bsp_can.o
    0x200003a4   COMPRESSED   0x00000002   Data   RW          982    .data               crc.o
    0x200003a6   COMPRESSED   0x00000002   PAD
    0x200003a8   COMPRESSED   0x0000002c   Data   RW         1196    .data               bmi088.o
    0x200003d4   COMPRESSED   0x00000030   Data   RW         1248    .data               minipc.o
    0x20000404   COMPRESSED   0x00000050   Data   RW         1324    .data               motor.o
    0x20000454   COMPRESSED   0x00000078   Data   RW         1325    .data               motor.o
    0x200004cc   COMPRESSED   0x00000110   Data   RW         1326    .data               motor.o
    0x200005dc   COMPRESSED   0x00000060   Data   RW         1327    .data               motor.o
    0x2000063c   COMPRESSED   0x0000001c   Data   RW         1451    .data               remote_control.o
    0x20000658   COMPRESSED   0x00000014   Data   RW         1667    .data               freertos.o
    0x2000066c   COMPRESSED   0x00000004   Data   RW         1728    .data               can.o
    0x20000670   COMPRESSED   0x00000004   Data   RW         2132    .data               system_stm32f4xx.o
    0x20000674   COMPRESSED   0x0000003c   Data   RW         2701    .data               tasks.o
    0x200006b0   COMPRESSED   0x00000020   Data   RW         3404    .data               heap_4.o
    0x200006d0   COMPRESSED   0x0000000c   Data   RW         3472    .data               port.o
    0x200006dc   COMPRESSED   0x0000000c   Data   RW         5084    .data               stm32f4xx_hal.o
    0x200006e8   COMPRESSED   0x0000001c   Data   RW         7263    .data               usbd_desc.o
    0x20000704   COMPRESSED   0x00000032   Data   RW         7264    .data               usbd_desc.o
    0x20000736   COMPRESSED   0x00000002   PAD
    0x20000738   COMPRESSED   0x00000014   Data   RW         7338    .data               usbd_cdc_if.o
    0x2000074c   COMPRESSED   0x00000001   Data   RW         7772    .data               usbd_ctlreq.o
    0x2000074d   COMPRESSED   0x00000003   PAD
    0x20000750   COMPRESSED   0x00000053   Data   RW         7935    .data               usbd_cdc.o
    0x200007a3   COMPRESSED   0x00000001   PAD
    0x200007a4   COMPRESSED   0x00000038   Data   RW         7936    .data               usbd_cdc.o
    0x200007dc        -       0x00000064   Zero   RW          482    .bss                vmc_task.o
    0x20000840        -       0x0000029c   Zero   RW          533    .bss                ins_task.o
    0x20000adc        -       0x0000001c   Zero   RW          595    .bss                bsp_can.o
    0x20000af8        -       0x0000003c   Zero   RW         1195    .bss                bmi088.o
    0x20000b34        -       0x000000c8   Zero   RW         1407    .bss                referee_info.o
    0x20000bfc        -       0x00000035   Zero   RW         1408    .bss                referee_info.o
    0x20000c31        -       0x00000048   Zero   RW         1449    .bss                remote_control.o
    0x20000c79   COMPRESSED   0x00000003   PAD
    0x20000c7c        -       0x00000454   Zero   RW         1664    .bss                freertos.o
    0x200010d0        -       0x00000050   Zero   RW         1727    .bss                can.o
    0x20001120        -       0x00000058   Zero   RW         1799    .bss                spi.o
    0x20001178        -       0x00000090   Zero   RW         1843    .bss                tim.o
    0x20001208        -       0x000001a8   Zero   RW         1896    .bss                usart.o
    0x200013b0        -       0x00000048   Zero   RW         2085    .bss                stm32f4xx_hal_timebase_tim.o
    0x200013f8        -       0x000000f0   Zero   RW         2700    .bss                tasks.o
    0x200014e8        -       0x00006000   Zero   RW         3403    .bss                heap_4.o
    0x200074e8        -       0x000002dc   Zero   RW         7223    .bss                usb_device.o
    0x200077c4        -       0x00000200   Zero   RW         7262    .bss                usbd_desc.o
    0x200079c4        -       0x00001000   Zero   RW         7337    .bss                usbd_cdc_if.o
    0x200089c4        -       0x0000072c   Zero   RW         7419    .bss                usbd_conf.o
    0x200090f0        -       0x00000060   Zero   RW         8860    .bss                c_w.l(libspace.o)
    0x20009150        -       0x00002000   Zero   RW         2119    HEAP                startup_stm32f407xx.o
    0x2000b150        -       0x00002000   Zero   RW         2118    STACK               startup_stm32f407xx.o


    Execution Region RW_IRAM2 (Exec base: 0x2001c000, Load base: 0x0800f88c, Size: 0x00000000, Max: 0x00004000, ABSOLUTE)

    **** No section assigned to this execution region ****


==============================================================================

Image component sizes


      Code (inc. data)   RO Data    RW Data    ZI Data      Debug   Object Name

      2726         84          0          0          0      28396   api_quaternion.o
         0          0          0          0          0      13392   api_trajectory.o
      1020         34          0         44         60       8997   bmi088.o
       480         60          0        228         28       4804   bsp_can.o
        64         24          0          0          0       1838   bsp_gpio.o
        26          0          0          0          0       6287   bsp_mcu.o
        36          4          0          0          0        577   bsp_spi.o
        70          0          0          0          0       1610   bsp_tick.o
        68         10          0          0          0       1824   bsp_tim.o
       476         42          0          0          0       3538   bsp_uart.o
       400         46          0          4         80       2526   can.o
       476         60          0         12          0     748962   can_task.o
       182          0          0          0          0      30004   cmsis_os.o
      2338        390          0        200          0       5021   control_task.o
       186         12        768          2          0       3857   crc.o
         6          0          0          0          0        526   detect_task.o
        92          4          0          0          0        826   dma.o
         0          0          0          0          0      15148   event_groups.o
       152         16        220         20       1108       2419   freertos.o
       228         16          0          0          0       1071   gpio.o
       480         26          0         32      24576       7571   heap_4.o
       564         72          0        324        668       7017   ins_task.o
      1712          0          0          0          0       5636   kalman.o
       138          0          0          0          0       3594   list.o
       112          6          0          0          0       3056   lpf.o
       228         10          0          0          0       2764   main.o
        48          4          0         48          0       4138   minipc.o
       884         66          0        568          0       9206   motor.o
       594         18          0          0          0       8346   pid.o
       786         84          0         12          0      11965   port.o
       540          6          0          0        253      10022   referee_info.o
       200          0          0         28         72       5147   remote_control.o
       216         26          0          0         88       1757   spi.o
        64         26        392          0      16384        812   startup_stm32f407xx.o
       116         18          0         12          0       8726   stm32f4xx_hal.o
      1770          6          0          0          0      14687   stm32f4xx_hal_can.o
       158         14          0          0          0      33262   stm32f4xx_hal_cortex.o
      1018         14          8          0          0       5835   stm32f4xx_hal_dma.o
       504         50          0          0          0       3508   stm32f4xx_hal_gpio.o
        56          4          0          0          0        858   stm32f4xx_hal_msp.o
      2624         14          0          0          0      14352   stm32f4xx_hal_pcd.o
        76          0          0          0          0       2509   stm32f4xx_hal_pcd_ex.o
      1578         96          0          0          0       8644   stm32f4xx_hal_rcc.o
       954         14          0          0          0       4745   stm32f4xx_hal_spi.o
      2084        140          0          0          0      16968   stm32f4xx_hal_tim.o
       148         30          0          0          0       2533   stm32f4xx_hal_tim_ex.o
       152         18          0          0         72       1563   stm32f4xx_hal_timebase_tim.o
      1346         16          0          0          0       9039   stm32f4xx_hal_uart.o
       130         54          0          0          0       7546   stm32f4xx_it.o
      2970        138          0          0          0      24575   stm32f4xx_ll_usb.o
        16          4         24          4          0       1135   system_stm32f4xx.o
      1828        140          0         60        240      23310   tasks.o
       464         54          0          0        144       3159   tim.o
       548         60          0          0        424       2784   usart.o
       128         22          0          0        732        872   usb_device.o
      1344         34          0        139          0      13843   usbd_cdc.o
        84         16          0         20       4096       3478   usbd_cdc_if.o
       658         22          0          0       1836      16948   usbd_conf.o
      1028          0          0          0          0      16413   usbd_core.o
      1902         30          0          1          0      18140   usbd_ctlreq.o
       358        112          0         78        512       6925   usbd_desc.o
       132          0          0          0          0       4532   usbd_ioreq.o
      1188         58          0        168        100       6390   vmc_task.o

    ----------------------------------------------------------------------
     41026       2324       1446       2012      51476    1239933   Object Totals
         0          0         32          0          0          0   (incl. Generated)
        72          0          2          8          3          0   (incl. Padding)

    ----------------------------------------------------------------------

      Code (inc. data)   RO Data    RW Data    ZI Data      Debug   Library Member Name

         0          0       2052          0          0       4704   arm_common_tables.o
       120         12          0          0          0      17170   arm_cos_f32.o
       264          0          0          0          0       1826   arm_mat_add_f32.o
         8          0          0          0          0        999   arm_mat_init_f32.o
      1328          4          0          0          0       4782   arm_mat_inverse_f32.o
       316          4          0          0          0       2375   arm_mat_mult_f32.o
       264          0          0          0          0       1826   arm_mat_sub_f32.o
       276          0          0          0          0       2240   arm_mat_trans_f32.o
       148         18          0          0          0        814   arm_sin_f32.o
        90          0          0          0          0          0   __dczerorl2.o
         8          0          0          0          0         68   __main.o
         0          0          0          0          0          0   __rtentry.o
        12          0          0          0          0          0   __rtentry2.o
         6          0          0          0          0          0   __rtentry4.o
        52          8          0          0          0          0   __scatter.o
        28          0          0          0          0          0   __scatter_zi.o
        48          4          0          0          0         84   _fptrap.o
        22          0          0          0          0        100   _rserrno.o
        16          0          0          0          0         68   aeabi_memset.o
        10          0          0          0          0         68   defsig_exit.o
       172        110          0          0          0         76   defsig_fpe_inner.o
        14          0          0          0          0         80   defsig_fpe_outer.o
        50          0          0          0          0         88   defsig_general.o
        80         58          0          0          0         76   defsig_rtmem_inner.o
        14          0          0          0          0         80   defsig_rtmem_outer.o
        18          0          0          0          0         80   exit.o
        94          0          0          0          0         80   h1_alloc.o
        52          0          0          0          0         68   h1_extend.o
        78          0          0          0          0         80   h1_free.o
        14          0          0          0          0         84   h1_init.o
         6          0          0          0          0        152   heapauxi.o
         4          0          0          0          0        136   hguard.o
         0          0          0          0          0          0   indicate_semi.o
       138          0          0          0          0        168   init_alloc.o
         2          0          0          0          0          0   libinit.o
        14          0          0          0          0          0   libinit2.o
         2          0          0          0          0          0   libshutdown.o
         2          0          0          0          0          0   libshutdown2.o
         8          4          0          0         96         68   libspace.o
       238          0          0          0          0        100   lludivv7m.o
         0          0          0          0          0          0   maybetermalloc1.o
         8          4          0          0          0         68   rt_errno_addr_intlibspace.o
         8          4          0          0          0         68   rt_heap_descriptor_intlibspace.o
        68          0          0          0          0         68   rt_memclr.o
        78          0          0          0          0         80   rt_memclr_w.o
       138          0          0          0          0         68   rt_memcpy_v6.o
       100          0          0          0          0         80   rt_memcpy_w.o
         2          0          0          0          0          0   rtexit.o
        10          0          0          0          0          0   rtexit2.o
        12          4          0          0          0         68   sys_exit.o
        74          0          0          0          0         80   sys_stackheap_outer.o
        14          0          0          0          0         76   sys_wrch.o
         2          0          0          0          0         68   use_no_semi.o
        24          0          0          0          0        164   basic.o
       708         16          0          0          0        140   d2f_clz.o
      1336         32          0          0          0        532   daddsub_clz.o
        28          0          0          0          0        116   dcheck1.o
        24          0          0          0          0        116   dcmpi.o
       892        152          0          0          0        292   ddiv_clz.o
        72          0          0          0          0        232   dflt_clz.o
       120          8          0          0          0        140   dleqf.o
       448         16          0          0          0        164   dmul_clz.o
       258          4          0          0          0        156   dnaninf.o
       112          0          0          0          0        160   drenorm_clz.o
        12          0          0          0          0        116   dretinf.o
        98          0          0          0          0        128   drleqf.o
       520         56          0          0          0        180   dsqrt_umaalclz.o
       378          0          0          0          0        168   dunder_clz.o
       492         36          0          0          0        148   except.o
       122          8          0          0          0        132   f2d.o
       242          4          0          0          0        144   fnaninf.o
        10          0          0          0          0        116   fpinit.o
        10          0          0          0          0        116   fretinf.o
       316          0          0          0          0        132   funder_clz.o
        32          4          0          0          0        116   istatus.o
       178          0          0          0          0        116   retnan.o
       276          4          0          0          0        124   scalbn_clz.o
       126          0          0          0          0        148   trapv.o
         0          0          0          0          0          0   usenofp.o
       280         46          0          0          0        176   acosf.o
       300         42          0          0          0        176   asinf.o
       684         90          0          0          0        208   atan2f.o
       164         44          0          0          0        620   dunder.o
        24          0          0          0          0        124   fabs.o
        48          0          0          0          0        124   fpclassify.o
        38          0          0          0          0        116   fpclassifyf.o
        80         24          0          0          0        696   funder.o
       248          0          0          0          0        152   poly.o
      3152        296        136          0          0        352   pow.o
      1636        110        320          0          0        372   powf.o
         0          0          8          0          0          0   qnan.o
       110          0          0          0          0        148   sqrt_full.o
        62          0          0          0          0        136   sqrtf_full.o

    ----------------------------------------------------------------------
     18212       1226       2516          0         96      46760   Library Totals
        22          0          0          0          0          0   (incl. Padding)

    ----------------------------------------------------------------------

      Code (inc. data)   RO Data    RW Data    ZI Data      Debug   Library Name

      2724         38       2052          0          0      36736   arm_cortexM4lf_math.lib
      1806        196          0          0         96       2528   c_w.l
      6834        340          0          0          0       4096   g_wm.l
      6826        652        464          0          0       3400   m_wm.l

    ----------------------------------------------------------------------
     18212       1226       2516          0         96      46760   Library Totals

    ----------------------------------------------------------------------

==============================================================================


      Code (inc. data)   RO Data    RW Data    ZI Data      Debug   

     59238       3550       3962       2012      51572    1240489   Grand Totals
     59238       3550       3962        428      51572    1240489   ELF Image Totals (compressed)
     59238       3550       3962        428          0          0   ROM Totals

==============================================================================

    Total RO  Size (Code + RO Data)                63200 (  61.72kB)
    Total RW  Size (RW Data + ZI Data)             53584 (  52.33kB)
    Total ROM Size (Code + RO Data + RW Data)      63628 (  62.14kB)

==============================================================================

