Component: ARM Compiler 5.06 update 7 (build 960) Tool: armlink [4d3601]

==============================================================================

Section Cross References

    api_quaternion.o(i.QuaternionEKF_A_Update) refers to rt_memclr_w.o(.text) for __aeabi_memclr4
    api_quaternion.o(i.QuaternionEKF_A_Update) refers to api_quaternion.o(i.Fast_InverseSqrt) for Fast_InverseSqrt
    api_quaternion.o(i.QuaternionEKF_ChiSqrtTest) refers to arm_mat_mult_f32.o(.text) for arm_mat_mult_f32
    api_quaternion.o(i.QuaternionEKF_ChiSqrtTest) refers to arm_mat_trans_f32.o(.text) for arm_mat_trans_f32
    api_quaternion.o(i.QuaternionEKF_ChiSqrtTest) refers to rt_memcpy_w.o(.text) for __aeabi_memcpy4
    api_quaternion.o(i.QuaternionEKF_H_Update) refers to rt_memclr_w.o(.text) for __aeabi_memclr4
    api_quaternion.o(i.QuaternionEKF_Init) refers to kalman.o(i.Kalman_Filter_Init) for Kalman_Filter_Init
    api_quaternion.o(i.QuaternionEKF_Init) refers to rt_memcpy_w.o(.text) for __aeabi_memcpy4
    api_quaternion.o(i.QuaternionEKF_Init) refers to api_quaternion.o(i.QuaternionEKF_A_Update) for QuaternionEKF_A_Update
    api_quaternion.o(i.QuaternionEKF_Init) refers to api_quaternion.o(i.QuaternionEKF_H_Update) for QuaternionEKF_H_Update
    api_quaternion.o(i.QuaternionEKF_Init) refers to api_quaternion.o(i.QuaternionEKF_xhat_Update) for QuaternionEKF_xhat_Update
    api_quaternion.o(i.QuaternionEKF_Update) refers to api_quaternion.o(i.Fast_InverseSqrt) for Fast_InverseSqrt
    api_quaternion.o(i.QuaternionEKF_Update) refers to rt_memcpy_w.o(.text) for __aeabi_memcpy4
    api_quaternion.o(i.QuaternionEKF_Update) refers to kalman.o(i.Kalman_Filter_Update) for Kalman_Filter_Update
    api_quaternion.o(i.QuaternionEKF_Update) refers to atan2f.o(i.__hardfp_atan2f) for __hardfp_atan2f
    api_quaternion.o(i.QuaternionEKF_Update) refers to asinf.o(i.__hardfp_asinf) for __hardfp_asinf
    api_quaternion.o(i.QuaternionEKF_xhat_Update) refers to arm_mat_trans_f32.o(.text) for arm_mat_trans_f32
    api_quaternion.o(i.QuaternionEKF_xhat_Update) refers to arm_mat_mult_f32.o(.text) for arm_mat_mult_f32
    api_quaternion.o(i.QuaternionEKF_xhat_Update) refers to arm_mat_add_f32.o(.text) for arm_mat_add_f32
    api_quaternion.o(i.QuaternionEKF_xhat_Update) refers to arm_mat_inverse_f32.o(.text) for arm_mat_inverse_f32
    api_quaternion.o(i.QuaternionEKF_xhat_Update) refers to acosf.o(i.__hardfp_acosf) for __hardfp_acosf
    api_quaternion.o(i.QuaternionEKF_xhat_Update) refers to arm_mat_sub_f32.o(.text) for arm_mat_sub_f32
    api_quaternion.o(i.QuaternionEKF_xhat_Update) refers to api_quaternion.o(i.QuaternionEKF_ChiSqrtTest) for QuaternionEKF_ChiSqrtTest
    api_trajectory.o(i.SolveTrajectory_Transform) refers to f2d.o(x$fpl$f2d) for __aeabi_f2d
    api_trajectory.o(i.SolveTrajectory_Transform) refers to cos.o(i.__hardfp_cos) for __hardfp_cos
    api_trajectory.o(i.SolveTrajectory_Transform) refers to dmul_clz.o(x$fpl$dmul) for __aeabi_dmul
    api_trajectory.o(i.SolveTrajectory_Transform) refers to daddsub_clz.o(x$fpl$dsub) for __aeabi_dsub
    api_trajectory.o(i.SolveTrajectory_Transform) refers to d2f_clz.o(x$fpl$d2f) for __aeabi_d2f
    api_trajectory.o(i.SolveTrajectory_Transform) refers to sin.o(i.__hardfp_sin) for __hardfp_sin
    api_trajectory.o(i.SolveTrajectory_Transform) refers to fabs.o(i.__hardfp_fabs) for __hardfp_fabs
    api_trajectory.o(i.SolveTrajectory_Transform) refers to ddiv_clz.o(x$fpl$ddiv) for __aeabi_ddiv
    api_trajectory.o(i.SolveTrajectory_Transform) refers to api_trajectory.o(i.Trajectory_Picth_Update) for Trajectory_Picth_Update
    api_trajectory.o(i.SolveTrajectory_Transform) refers to atan2.o(i.__hardfp_atan2) for __hardfp_atan2
    api_trajectory.o(i.Trajectory_BulletModel) refers to f2d.o(x$fpl$f2d) for __aeabi_f2d
    api_trajectory.o(i.Trajectory_BulletModel) refers to cos.o(i.__hardfp_cos) for __hardfp_cos
    api_trajectory.o(i.Trajectory_BulletModel) refers to dmul_clz.o(x$fpl$dmul) for __aeabi_dmul
    api_trajectory.o(i.Trajectory_BulletModel) refers to exp.o(i.__hardfp_exp) for __hardfp_exp
    api_trajectory.o(i.Trajectory_BulletModel) refers to daddsub_clz.o(x$fpl$dsub) for __aeabi_dsub
    api_trajectory.o(i.Trajectory_BulletModel) refers to ddiv_clz.o(x$fpl$ddiv) for __aeabi_ddiv
    api_trajectory.o(i.Trajectory_BulletModel) refers to d2f_clz.o(x$fpl$d2f) for __aeabi_d2f
    api_trajectory.o(i.Trajectory_BulletModel) refers to arm_sin_f32.o(.text) for arm_sin_f32
    api_trajectory.o(i.Trajectory_Picth_Update) refers to f2d.o(x$fpl$f2d) for __aeabi_f2d
    api_trajectory.o(i.Trajectory_Picth_Update) refers to atan2.o(i.__hardfp_atan2) for __hardfp_atan2
    api_trajectory.o(i.Trajectory_Picth_Update) refers to d2f_clz.o(x$fpl$d2f) for __aeabi_d2f
    api_trajectory.o(i.Trajectory_Picth_Update) refers to api_trajectory.o(i.Trajectory_BulletModel) for Trajectory_BulletModel
    api_trajectory.o(i.Trajectory_Picth_Update) refers to fabs.o(i.__hardfp_fabs) for __hardfp_fabs
[...]
    USB_DisableGlobalInt                     0x08009515   Thumb Code    12  stm32f4xx_ll_usb.o(i.USB_DisableGlobalInt)
    USB_EP0StartXfer                         0x08009521   Thumb Code   276  stm32f4xx_ll_usb.o(i.USB_EP0StartXfer)
    USB_EP0_OutStart                         0x08009639   Thumb Code    80  stm32f4xx_ll_usb.o(i.USB_EP0_OutStart)
    USB_EPClearStall                         0x0800968d   Thumb Code    88  stm32f4xx_ll_usb.o(i.USB_EPClearStall)
    USB_EPSetStall                           0x080096e5   Thumb Code    88  stm32f4xx_ll_usb.o(i.USB_EPSetStall)
    USB_EPStartXfer                          0x0800973d   Thumb Code   498  stm32f4xx_ll_usb.o(i.USB_EPStartXfer)
    USB_EPStopXfer                           0x08009935   Thumb Code   164  stm32f4xx_ll_usb.o(i.USB_EPStopXfer)
    USB_EnableGlobalInt                      0x080099d9   Thumb Code    12  stm32f4xx_ll_usb.o(i.USB_EnableGlobalInt)
    USB_FlushRxFifo                          0x080099e5   Thumb Code    62  stm32f4xx_ll_usb.o(i.USB_FlushRxFifo)
    USB_FlushTxFifo                          0x08009a29   Thumb Code    66  stm32f4xx_ll_usb.o(i.USB_FlushTxFifo)
    USB_GetDevSpeed                          0x08009a71   Thumb Code    32  stm32f4xx_ll_usb.o(i.USB_GetDevSpeed)
    USB_GetMode                              0x08009a91   Thumb Code     8  stm32f4xx_ll_usb.o(i.USB_GetMode)
    USB_ReadDevAllInEpInterrupt              0x08009a99   Thumb Code    14  stm32f4xx_ll_usb.o(i.USB_ReadDevAllInEpInterrupt)
    USB_ReadDevAllOutEpInterrupt             0x08009aa7   Thumb Code    14  stm32f4xx_ll_usb.o(i.USB_ReadDevAllOutEpInterrupt)
    USB_ReadDevInEPInterrupt                 0x08009ab5   Thumb Code    36  stm32f4xx_ll_usb.o(i.USB_ReadDevInEPInterrupt)
    USB_ReadDevOutEPInterrupt                0x08009ad9   Thumb Code    16  stm32f4xx_ll_usb.o(i.USB_ReadDevOutEPInterrupt)
    USB_ReadInterrupts                       0x08009ae9   Thumb Code     8  stm32f4xx_ll_usb.o(i.USB_ReadInterrupts)
    USB_ReadPacket                           0x08009af1   Thumb Code    62  stm32f4xx_ll_usb.o(i.USB_ReadPacket)
    USB_SetCurrentMode                       0x08009b2f   Thumb Code    96  stm32f4xx_ll_usb.o(i.USB_SetCurrentMode)
    USB_SetDevAddress                        0x08009b8f   Thumb Code    30  stm32f4xx_ll_usb.o(i.USB_SetDevAddress)
    USB_SetDevSpeed                          0x08009bad   Thumb Code    14  stm32f4xx_ll_usb.o(i.USB_SetDevSpeed)
    USB_SetTurnaroundTime                    0x08009bbd   Thumb Code   170  stm32f4xx_ll_usb.o(i.USB_SetTurnaroundTime)
    USB_WritePacket                          0x08009cb1   Thumb Code    40  stm32f4xx_ll_usb.o(i.USB_WritePacket)
    USER_CAN_TxMessage                       0x08009cd9   Thumb Code    20  bsp_can.o(i.USER_CAN_TxMessage)
    UsageFault_Handler                       0x08009dd9   Thumb Code     2  stm32f4xx_it.o(i.UsageFault_Handler)
    __ARM_fpclassifyf                        0x0800a581   Thumb Code    38  fpclassifyf.o(i.__ARM_fpclassifyf)
    __hardfp_acosf                           0x0800a5c9   Thumb Code   234  acosf.o(i.__hardfp_acosf)
    __hardfp_asinf                           0x0800a6e1   Thumb Code   258  asinf.o(i.__hardfp_asinf)
    __hardfp_atan2f                          0x0800a80d   Thumb Code   594  atan2f.o(i.__hardfp_atan2f)
    __hardfp_powf                            0x0800aab9   Thumb Code  1606  powf.o(i.__hardfp_powf)
    __mathlib_powf                           0x0800aab9   Thumb Code     0  powf.o(i.__hardfp_powf)
    __mathlib_flt_divzero                    0x0800b11d   Thumb Code    14  funder.o(i.__mathlib_flt_divzero)
    __mathlib_flt_infnan                     0x0800b131   Thumb Code     6  funder.o(i.__mathlib_flt_infnan)
    __mathlib_flt_infnan2                    0x0800b137   Thumb Code     6  funder.o(i.__mathlib_flt_infnan2)
    __mathlib_flt_invalid                    0x0800b13d   Thumb Code    10  funder.o(i.__mathlib_flt_invalid)
    __mathlib_flt_overflow                   0x0800b14d   Thumb Code    10  funder.o(i.__mathlib_flt_overflow)
    __mathlib_flt_underflow                  0x0800b15d   Thumb Code    10  funder.o(i.__mathlib_flt_underflow)
    f_PID_Calculate                          0x0800b1a1   Thumb Code   392  pid.o(i.f_PID_Calculate)
    f_Ramp_Calc                              0x0800b32d   Thumb Code    62  ramp.o(i.f_Ramp_Calc)
    get_CRC16_check_sum                      0x0800b395   Thumb Code    44  crc.o(i.get_CRC16_check_sum)
    get_CRC8_check_sum                       0x0800b3c5   Thumb Code    24  crc.o(i.get_CRC8_check_sum)
    main                                     0x0800b3f1   Thumb Code    58  main.o(i.main)
    osDelay                                  0x0800b437   Thumb Code    16  cmsis_os.o(i.osDelay)
    osDelayUntil                             0x0800b447   Thumb Code    16  cmsis_os.o(i.osDelayUntil)
    osKernelStart                            0x0800b457   Thumb Code    10  cmsis_os.o(i.osKernelStart)
    osKernelSysTick                          0x0800b461   Thumb Code    24  cmsis_os.o(i.osKernelSysTick)
    osThreadCreate                           0x0800b479   Thumb Code    88  cmsis_os.o(i.osThreadCreate)
    pvPortMalloc                             0x0800b869   Thumb Code   214  heap_4.o(i.pvPortMalloc)
    pxPortInitialiseStack                    0x0800b945   Thumb Code    30  port.o(i.pxPortInitialiseStack)
    sign                                     0x0800b969   Thumb Code    44  lpf.o(i.sign)
    sqrtf                                    0x0800b995   Thumb Code    62  sqrtf_full.o(i.sqrtf)
    uxListRemove                             0x0800b9fb   Thumb Code    38  list.o(i.uxListRemove)
    vApplicationGetIdleTaskMemory            0x0800ba21   Thumb Code    18  freertos.o(i.vApplicationGetIdleTaskMemory)
    vListInitialise                          0x0800ba39   Thumb Code    22  list.o(i.vListInitialise)
    vListInitialiseItem                      0x0800ba4f   Thumb Code     6  list.o(i.vListInitialiseItem)
    vListInsert                              0x0800ba55   Thumb Code    48  list.o(i.vListInsert)
    vListInsertEnd                           0x0800ba85   Thumb Code    24  list.o(i.vListInsertEnd)
    vPortEnterCritical                       0x0800ba9d   Thumb Code    54  port.o(i.vPortEnterCritical)
    vPortExitCritical                        0x0800badd   Thumb Code    38  port.o(i.vPortExitCritical)
    vPortFree                                0x0800bb09   Thumb Code    94  heap_4.o(i.vPortFree)
    vPortSetupTimerInterrupt                 0x0800bb6d   Thumb Code    32  port.o(i.vPortSetupTimerInterrupt)
    vPortValidateInterruptPriority           0x0800bb91   Thumb Code    74  port.o(i.vPortValidateInterruptPriority)
    vTaskDelay                               0x0800bbe5   Thumb Code    70  tasks.o(i.vTaskDelay)
    vTaskDelayUntil                          0x0800bc35   Thumb Code   142  tasks.o(i.vTaskDelayUntil)
    vTaskStartScheduler                      0x0800bccd   Thumb Code   118  tasks.o(i.vTaskStartScheduler)
    vTaskSuspendAll                          0x0800bd55   Thumb Code    10  tasks.o(i.vTaskSuspendAll)
    vTaskSwitchContext                       0x0800bd65   Thumb Code    86  tasks.o(i.vTaskSwitchContext)
    verify_CRC16_check_sum                   0x0800bdc5   Thumb Code    60  crc.o(i.verify_CRC16_check_sum)
    verify_CRC8_check_sum                    0x0800be05   Thumb Code    46  crc.o(i.verify_CRC8_check_sum)
    xPortStartScheduler                      0x0800be35   Thumb Code   222  port.o(i.xPortStartScheduler)
    xTaskCreate                              0x0800bf29   Thumb Code   100  tasks.o(i.xTaskCreate)
    xTaskCreateStatic                        0x0800bf8d   Thumb Code    92  tasks.o(i.xTaskCreateStatic)
    xTaskGetTickCount                        0x0800bfe9   Thumb Code     6  tasks.o(i.xTaskGetTickCount)
    xTaskGetTickCountFromISR                 0x0800bff5   Thumb Code    12  tasks.o(i.xTaskGetTickCountFromISR)
    xTaskIncrementTick                       0x0800c005   Thumb Code   198  tasks.o(i.xTaskIncrementTick)
    xTaskResumeAll                           0x0800c0d5   Thumb Code   192  tasks.o(i.xTaskResumeAll)
    _fp_init                                 0x0800c1a1   Thumb Code    10  fpinit.o(x$fpl$fpinit)
    __fplib_config_fpu_vfp                   0x0800c1a9   Thumb Code     0  fpinit.o(x$fpl$fpinit)
    __fplib_config_pureend_doubles           0x0800c1a9   Thumb Code     0  fpinit.o(x$fpl$fpinit)
    __ieee_status                            0x0800c1ad   Thumb Code    28  istatus.o(x$fpl$ieeestatus)
    CRC8_table                               0x0800c1cc   Data         256  crc.o(.constdata)
    __I$use$fp                               0x0800c1cc   Number         0  usenofp.o(x$fpl$usenofp)
    wCRC_table                               0x0800c2cc   Data         512  crc.o(.constdata)
    AHBPrescTable                            0x0800c53c   Data          16  system_stm32f4xx.o(.constdata)
    APBPrescTable                            0x0800c54c   Data           8  system_stm32f4xx.o(.constdata)
    sinTable_f32                             0x0800c55c   Data        2052  arm_common_tables.o(.constdata)
    Region$$Table$$Base                      0x0800cee0   Number         0  anon$$obj.o(Region$$Table)
    Region$$Table$$Limit                     0x0800cf00   Number         0  anon$$obj.o(Region$$Table)
    Torgue2                                  0x20000000   Data           2  can_task.o(.data)
    SendValue                                0x2000000c   Data           2  can_task.o(.data)
    Torgue1                                  0x2000000e   Data           2  can_task.o(.data)
    flag1                                    0x20000010   Data           1  control_task.o(.data)
    init0                                    0x20000011   Data           1  control_task.o(.data)
    init1                                    0x20000012   Data           1  control_task.o(.data)
    Balance_time                             0x20000014   Data           2  control_task.o(.data)
    F_Roll                                   0x20000018   Data           4  control_task.o(.data)
    Measure_Chassis_Velocity                 0x2000001c   Data           4  control_task.o(.data)
    Target_Chassis_Velocity                  0x20000020   Data           4  control_task.o(.data)
    Last_Target_Chassis_Velocity             0x20000024   Data           4  control_task.o(.data)
    ACC                                      0x20000028   Data           4  control_task.o(.data)
    Target_Chassis_Position                  0x2000002c   Data           4  control_task.o(.data)
    Target_Angle                             0x20000030   Data           4  control_task.o(.data)
    qiankui1                                 0x20000034   Data           4  control_task.o(.data)
    qiankui0                                 0x20000038   Data           4  control_task.o(.data)
    Leg_Coordinate_Tp                        0x2000003c   Data           4  control_task.o(.data)
    Left_Turn_T                              0x20000040   Data           4  control_task.o(.data)
    Right_Turn_T                             0x20000044   Data           4  control_task.o(.data)
    Target                                   0x20000048   Data           4  control_task.o(.data)
    Right_Control_Info                       0x2000004c   Data         220  control_task.o(.data)
    Left_VMC_Info                            0x20000128   Data         128  control_task.o(.data)
    Right_VMC_Info                           0x200001a8   Data         128  control_task.o(.data)
    a11                                      0x20000228   Data          24  control_task.o(.data)
    a12                                      0x20000240   Data          24  control_task.o(.data)
    a13                                      0x20000258   Data          24  control_task.o(.data)
    a14                                      0x20000270   Data          24  control_task.o(.data)
    a15                                      0x20000288   Data          24  control_task.o(.data)
    a16                                      0x200002a0   Data          24  control_task.o(.data)
    a21                                      0x200002b8   Data          24  control_task.o(.data)
    a22                                      0x200002d0   Data          24  control_task.o(.data)
    a23                                      0x200002e8   Data          24  control_task.o(.data)
    a24                                      0x20000300   Data          24  control_task.o(.data)
    a25                                      0x20000318   Data          24  control_task.o(.data)
    a26                                      0x20000330   Data          24  control_task.o(.data)
    JointTxFrame                             0x2000051c   Data         144  bsp_can.o(.data)
    RMD_L9025_Left_TxFrame                   0x200005ac   Data          36  bsp_can.o(.data)
    RMD_L9025_Right_TxFrame                  0x200005d0   Data          36  bsp_can.o(.data)
    USER_CAN_RxFrameData                     0x200005f8   Data           8  bsp_can.o(.data)
    CRC16_INIT                               0x20000600   Data           2  crc.o(.data)
    MiniPC_ReceivePacket                     0x20000630   Data          48  minipc.o(.data)
    RMD_Motor                                0x20000660   Data          88  motor.o(.data)
    Damiao_Motor                             0x200006b8   Data         224  motor.o(.data)
    Damiao_Motor_Contorl_Info                0x20000798   Data          96  motor.o(.data)
    remote_ctrl                              0x200007fc   Data          24  remote_control.o(.data)
    StartINSTaskHandle                       0x20000814   Data           4  freertos.o(.data)
    StartDetectTaskHandle                    0x20000818   Data           4  freertos.o(.data)
    StartControlTasHandle                    0x2000081c   Data           4  freertos.o(.data)
    StartCANTaskHandle                       0x20000820   Data           4  freertos.o(.data)
    SystemCoreClock                          0x20000828   Data           4  system_stm32f4xx.o(.data)
    pxCurrentTCB                             0x2000082c   Data           4  tasks.o(.data)
    uwTickFreq                               0x20000894   Data           1  stm32f4xx_hal.o(.data)
    uwTickPrio                               0x20000898   Data           4  stm32f4xx_hal.o(.data)
    uwTick                                   0x2000089c   Data           4  stm32f4xx_hal.o(.data)
    FS_Desc                                  0x200008a0   Data          28  usbd_desc.o(.data)
    USBD_LangIDDesc                          0x200008bc   Data           4  usbd_desc.o(.data)
    USBD_FS_DeviceDesc                       0x200008c0   Data          18  usbd_desc.o(.data)
    USBD_StringSerial                        0x200008d4   Data          26  usbd_desc.o(.data)
    USBD_Interface_fops_FS                   0x200008f0   Data          20  usbd_cdc_if.o(.data)
    USBD_CDC                                 0x2000095c   Data          56  usbd_cdc.o(.data)
    Left_Control_Info                        0x20000994   Data         220  control_task.o(.bss)
    PID_Leg_length_thrust                    0x20000a70   Data         160  control_task.o(.bss)
    PID_Left_Turn_Angle                      0x20000b10   Data          80  control_task.o(.bss)
    PID_Left_Turn_Velocity                   0x20000b60   Data          80  control_task.o(.bss)
    PID_Right_Turn_Angle                     0x20000bb0   Data          80  control_task.o(.bss)
    PID_Right_Turn_Velocity                  0x20000c00   Data          80  control_task.o(.bss)
    PID_Leg_Coordinate                       0x20000c50   Data          80  control_task.o(.bss)
    PID_Roll                                 0x20000ca0   Data          80  control_task.o(.bss)
    INS_Info                                 0x20000cf0   Data          72  ins_task.o(.bss)
    INS_AcceLPF2p                            0x20000d38   Data          96  ins_task.o(.bss)
    TempCtrl_PID                             0x20000d98   Data          80  ins_task.o(.bss)
    Quaternion_Info                          0x20000de8   Data         420  ins_task.o(.bss)
    USER_CAN_RxInstance                      0x20000f8c   Data          28  bsp_can.o(.bss)
    BMI088_Info                              0x20000fa8   Data          60  bmi088.o(.bss)
    RMD_Motor_Filterlp                       0x20000fe4   Data          40  motor.o(.bss)
    REFEREE_MultiRx_Buf                      0x2000100c   Data         200  referee_info.o(.bss)
    Referee_Info                             0x200010d4   Data          53  referee_info.o(.bss)
    SBUS_MultiRx_Buf                         0x20001109   Data          72  remote_control.o(.bss)
    hcan1                                    0x200015a8   Data          40  can.o(.bss)
    hcan2                                    0x200015d0   Data          40  can.o(.bss)
    hspi1                                    0x200015f8   Data          88  spi.o(.bss)
    htim4                                    0x20001650   Data          72  tim.o(.bss)
    htim10                                   0x20001698   Data          72  tim.o(.bss)
    huart1                                   0x200016e0   Data          68  usart.o(.bss)
    huart3                                   0x20001724   Data          68  usart.o(.bss)
    hdma_usart1_rx                           0x20001768   Data          96  usart.o(.bss)
    hdma_usart1_tx                           0x200017c8   Data          96  usart.o(.bss)
    hdma_usart3_rx                           0x20001828   Data          96  usart.o(.bss)
    htim2                                    0x20001888   Data          72  stm32f4xx_hal_timebase_tim.o(.bss)
    hUsbDeviceFS                             0x200079c0   Data         732  usb_device.o(.bss)
    USBD_StrDesc                             0x20007c9c   Data         512  usbd_desc.o(.bss)
    UserRxBufferFS                           0x20007e9c   Data        2048  usbd_cdc_if.o(.bss)
    UserTxBufferFS                           0x2000869c   Data        2048  usbd_cdc_if.o(.bss)
    hpcd_USB_OTG_FS                          0x200090bc   Data        1292  usbd_conf.o(.bss)
    __libspace_start                         0x200095c8   Data          96  libspace.o(.bss)
    __temporary_stack_top$libspace           0x20009628   Data           0  libspace.o(.bss)



==============================================================================

Memory Map of the image

  Image Entry point : 0x08000189

  Load Region LR_IROM1 (Base: 0x08000000, Size: 0x0000d894, Max: 0x00100000, ABSOLUTE, COMPRESSED[0x0000d1a0])

    Execution Region ER_IROM1 (Exec base: 0x08000000, Load base: 0x08000000, Size: 0x0000cf00, Max: 0x00100000, ABSOLUTE)

    Exec Addr    Load Addr    Size         Type   Attr      Idx    E Section Name        Object

    0x08000000   0x08000000   0x00000188   Data   RO         2077    RESET               startup_stm32f407xx.o
    0x08000188   0x08000188   0x00000008   Code   RO         8358  * !!!main             c_w.l(__main.o)
    0x08000190   0x08000190   0x00000034   Code   RO         9021    !!!scatter          c_w.l(__scatter.o)
    0x080001c4   0x080001c4   0x0000005a   Code   RO         9019    !!dczerorl2         c_w.l(__dczerorl2.o)
    0x0800021e   0x0800021e   0x00000002   PAD
    0x08000220   0x08000220   0x0000001c   Code   RO         9023    !!handler_zi        c_w.l(__scatter_zi.o)
    0x0800023c   0x0800023c   0x00000002   Code   RO         8951    .ARM.Collect$$libinit$$00000000  c_w.l(libinit.o)
    0x0800023e   0x0800023e   0x00000004   Code   RO         8639    .ARM.Collect$$libinit$$00000001  c_w.l(libinit2.o)
    0x08000242   0x08000242   0x00000000   Code   RO         8642    .ARM.Collect$$libinit$$00000004  c_w.l(libinit2.o)
    0x08000242   0x08000242   0x00000008   Code   RO         8643    .ARM.Collect$$libinit$$00000005  c_w.l(libinit2.o)
    0x0800024a   0x0800024a   0x00000000   Code   RO         8645    .ARM.Collect$$libinit$$0000000A  c_w.l(libinit2.o)
    0x0800024a   0x0800024a   0x00000000   Code   RO         8647    .ARM.Collect$$libinit$$0000000C  c_w.l(libinit2.o)
    0x0800024a   0x0800024a   0x00000000   Code   RO         8649    .ARM.Collect$$libinit$$0000000E  c_w.l(libinit2.o)
    0x0800024a   0x0800024a   0x00000000   Code   RO         8652    .ARM.Collect$$libinit$$00000011  c_w.l(libinit2.o)
    0x0800024a   0x0800024a   0x00000000   Code   RO         8654    .ARM.Collect$$libinit$$00000013  c_w.l(libinit2.o)
    0x0800024a   0x0800024a   0x00000000   Code   RO         8656    .ARM.Collect$$libinit$$00000015  c_w.l(libinit2.o)
    0x0800024a   0x0800024a   0x00000000   Code   RO         8658    .ARM.Collect$$libinit$$00000017  c_w.l(libinit2.o)
    0x0800024a   0x0800024a   0x00000000   Code   RO         8660    .ARM.Collect$$libinit$$00000019  c_w.l(libinit2.o)
    0x0800024a   0x0800024a   0x00000000   Code   RO         8662    .ARM.Collect$$libinit$$0000001B  c_w.l(libinit2.o)
    0x0800024a   0x0800024a   0x00000000   Code   RO         8664    .ARM.Collect$$libinit$$0000001D  c_w.l(libinit2.o)
    0x0800024a   0x0800024a   0x00000000   Code   RO         8666    .ARM.Collect$$libinit$$0000001F  c_w.l(libinit2.o)
    0x0800024a   0x0800024a   0x00000000   Code   RO         8668    .ARM.Collect$$libinit$$00000021  c_w.l(libinit2.o)
    0x0800024a   0x0800024a   0x00000000   Code   RO         8670    .ARM.Collect$$libinit$$00000023  c_w.l(libinit2.o)
    0x0800024a   0x0800024a   0x00000000   Code   RO         8672    .ARM.Collect$$libinit$$00000025  c_w.l(libinit2.o)
    0x0800024a   0x0800024a   0x00000000   Code   RO         8676    .ARM.Collect$$libinit$$0000002C  c_w.l(libinit2.o)
    0x0800024a   0x0800024a   0x00000000   Code   RO         8678    .ARM.Collect$$libinit$$0000002E  c_w.l(libinit2.o)
    0x0800024a   0x0800024a   0x00000000   Code   RO         8680    .ARM.Collect$$libinit$$00000030  c_w.l(libinit2.o)
    0x0800024a   0x0800024a   0x00000000   Code   RO         8682    .ARM.Collect$$libinit$$00000032  c_w.l(libinit2.o)
    0x0800024a   0x0800024a   0x00000002   Code   RO         8683    .ARM.Collect$$libinit$$00000033  c_w.l(libinit2.o)
    0x0800024c   0x0800024c   0x00000002   Code   RO         9016    .ARM.Collect$$libshutdown$$00000000  c_w.l(libshutdown.o)
    0x0800024e   0x0800024e   0x00000000   Code   RO         8972    .ARM.Collect$$libshutdown$$00000002  c_w.l(libshutdown2.o)
    0x0800024e   0x0800024e   0x00000000   Code   RO         8974    .ARM.Collect$$libshutdown$$00000004  c_w.l(libshutdown2.o)
    0x0800024e   0x0800024e   0x00000000   Code   RO         8976    .ARM.Collect$$libshutdown$$00000006  c_w.l(libshutdown2.o)
    0x0800024e   0x0800024e   0x00000000   Code   RO         8979    .ARM.Collect$$libshutdown$$00000009  c_w.l(libshutdown2.o)
    0x0800024e   0x0800024e   0x00000000   Code   RO         8982    .ARM.Collect$$libshutdown$$0000000C  c_w.l(libshutdown2.o)
    0x0800024e   0x0800024e   0x00000000   Code   RO         8984    .ARM.Collect$$libshutdown$$0000000E  c_w.l(libshutdown2.o)
    0x0800024e   0x0800024e   0x00000000   Code   RO         8987    .ARM.Collect$$libshutdown$$00000011  c_w.l(libshutdown2.o)
    0x0800024e   0x0800024e   0x00000002   Code   RO         8988    .ARM.Collect$$libshutdown$$00000012  c_w.l(libshutdown2.o)
    0x08000250   0x08000250   0x00000000   Code   RO         8506    .ARM.Collect$$rtentry$$00000000  c_w.l(__rtentry.o)
    0x08000250   0x08000250   0x00000000   Code   RO         8820    .ARM.Collect$$rtentry$$00000002  c_w.l(__rtentry2.o)
    0x08000250   0x08000250   0x00000006   Code   RO         8832    .ARM.Collect$$rtentry$$00000004  c_w.l(__rtentry4.o)
    0x08000256   0x08000256   0x00000000   Code   RO         8822    .ARM.Collect$$rtentry$$00000009  c_w.l(__rtentry2.o)
    0x08000256   0x08000256   0x00000004   Code   RO         8823    .ARM.Collect$$rtentry$$0000000A  c_w.l(__rtentry2.o)
    0x0800025a   0x0800025a   0x00000000   Code   RO         8825    .ARM.Collect$$rtentry$$0000000C  c_w.l(__rtentry2.o)
    0x0800025a   0x0800025a   0x00000008   Code   RO         8826    .ARM.Collect$$rtentry$$0000000D  c_w.l(__rtentry2.o)
    0x08000262   0x08000262   0x00000002   Code   RO         8954    .ARM.Collect$$rtexit$$00000000  c_w.l(rtexit.o)
    0x08000264   0x08000264   0x00000000   Code   RO         8992    .ARM.Collect$$rtexit$$00000002  c_w.l(rtexit2.o)
    0x08000264   0x08000264   0x00000004   Code   RO         8993    .ARM.Collect$$rtexit$$00000003  c_w.l(rtexit2.o)
    0x08000268   0x08000268   0x00000006   Code   RO         8994    .ARM.Collect$$rtexit$$00000004  c_w.l(rtexit2.o)
    0x0800026e   0x0800026e   0x00000002   PAD
    0x08000270   0x08000270   0x000000be   Code   RO         3419    .emb_text           port.o
    0x0800032e   0x0800032e   0x00000002   PAD
    0x08000330   0x08000330   0x00000000   Code   RO         8843    .emb_text           c_w.l(maybetermalloc1.o)
    0x08000330   0x08000330   0x00000040   Code   RO         2078    .text               startup_stm32f407xx.o
    0x08000370   0x08000370   0x00000078   Code   RO         7983    .text               arm_cortexM4lf_math.lib(arm_cos_f32.o)
    0x080003e8   0x080003e8   0x00000094   Code   RO         8033    .text               arm_cortexM4lf_math.lib(arm_sin_f32.o)
    0x0800047c   0x0800047c   0x00000108   Code   RO         8057    .text               arm_cortexM4lf_math.lib(arm_mat_add_f32.o)
    0x08000584   0x08000584   0x00000008   Code   RO         8081    .text               arm_cortexM4lf_math.lib(arm_mat_init_f32.o)
    0x0800058c   0x0800058c   0x00000530   Code   RO         8105    .text               arm_cortexM4lf_math.lib(arm_mat_inverse_f32.o)
    0x08000abc   0x08000abc   0x0000013c   Code   RO         8129    .text               arm_cortexM4lf_math.lib(arm_mat_mult_f32.o)
    0x08000bf8   0x08000bf8   0x00000108   Code   RO         8153    .text               arm_cortexM4lf_math.lib(arm_mat_sub_f32.o)
    0x08000d00   0x08000d00   0x00000114   Code   RO         8177    .text               arm_cortexM4lf_math.lib(arm_mat_trans_f32.o)
    0x08000e14   0x08000e14   0x0000005e   Code   RO         8284    .text               c_w.l(h1_alloc.o)
    0x08000e72   0x08000e72   0x000000ee   Code   RO         8338    .text               c_w.l(lludivv7m.o)
    0x08000f60   0x08000f60   0x0000008a   Code   RO         8344    .text               c_w.l(rt_memcpy_v6.o)
    0x08000fea   0x08000fea   0x00000064   Code   RO         8346    .text               c_w.l(rt_memcpy_w.o)
    0x0800104e   0x0800104e   0x00000010   Code   RO         8350    .text               c_w.l(aeabi_memset.o)
    0x0800105e   0x0800105e   0x00000044   Code   RO         8352    .text               c_w.l(rt_memclr.o)
    0x080010a2   0x080010a2   0x0000004e   Code   RO         8354    .text               c_w.l(rt_memclr_w.o)
    0x080010f0   0x080010f0   0x00000006   Code   RO         8356    .text               c_w.l(heapauxi.o)
    0x080010f6   0x080010f6   0x00000002   PAD
    0x080010f8   0x080010f8   0x00000008   Code   RO         8514    .text               c_w.l(rt_heap_descriptor_intlibspace.o)
    0x08001100   0x08001100   0x00000004   Code   RO         8516    .text               c_w.l(hguard.o)
    0x08001104   0x08001104   0x0000008a   Code   RO         8518    .text               c_w.l(init_alloc.o)
    0x0800118e   0x0800118e   0x0000000e   Code   RO         8524    .text               c_w.l(h1_init.o)
    0x0800119c   0x0800119c   0x0000004e   Code   RO         8526    .text               c_w.l(h1_free.o)
    0x080011ea   0x080011ea   0x00000016   Code   RO         8542    .text               c_w.l(_rserrno.o)
    0x08001200   0x08001200   0x00000008   Code   RO         8816    .text               c_w.l(libspace.o)
    0x08001208   0x08001208   0x00000008   Code   RO         8839    .text               c_w.l(rt_errno_addr_intlibspace.o)
    0x08001210   0x08001210   0x00000034   Code   RO         8845    .text               c_w.l(h1_extend.o)
    0x08001244   0x08001244   0x0000000e   Code   RO         8869    .text               c_w.l(defsig_rtmem_outer.o)
    0x08001252   0x08001252   0x00000002   Code   RO         8886    .text               c_w.l(use_no_semi.o)
    0x08001254   0x08001254   0x00000000   Code   RO         8888    .text               c_w.l(indicate_semi.o)
    0x08001254   0x08001254   0x0000004a   Code   RO         8889    .text               c_w.l(sys_stackheap_outer.o)
    0x0800129e   0x0800129e   0x00000012   Code   RO         8932    .text               c_w.l(exit.o)
    0x080012b0   0x080012b0   0x0000000a   Code   RO         8934    .text               c_w.l(defsig_exit.o)
    0x080012ba   0x080012ba   0x00000002   PAD
    0x080012bc   0x080012bc   0x00000050   Code   RO         8940    .text               c_w.l(defsig_rtmem_inner.o)
    0x0800130c   0x0800130c   0x0000000c   Code   RO         8952    .text               c_w.l(sys_exit.o)
    0x08001318   0x08001318   0x00000032   Code   RO         8965    .text               c_w.l(defsig_general.o)
    0x0800134a   0x0800134a   0x0000000e   Code   RO         8989    .text               c_w.l(sys_wrch.o)
    0x08001358   0x08001358   0x00000010   Code   RO          708    i.BMI088_ACCEL_NS_H  bsp_gpio.o
    0x08001368   0x08001368   0x00000010   Code   RO          709    i.BMI088_ACCEL_NS_L  bsp_gpio.o
    0x08001378   0x08001378   0x0000010c   Code   RO         1194    i.BMI088_Accel_Init  bmi088.o
    0x08001484   0x08001484   0x00000010   Code   RO          710    i.BMI088_GYRO_NS_H  bsp_gpio.o
    0x08001494   0x08001494   0x00000010   Code   RO          711    i.BMI088_GYRO_NS_L  bsp_gpio.o
    0x080014a4   0x080014a4   0x000000dc   Code   RO         1195    i.BMI088_Gyro_Init  bmi088.o
    0x08001580   0x08001580   0x00000170   Code   RO         1196    i.BMI088_Info_Update  bmi088.o
    0x080016f0   0x080016f0   0x0000002c   Code   RO         1197    i.BMI088_Init       bmi088.o
    0x0800171c   0x0800171c   0x0000002c   Code   RO         1198    i.BMI088_Offset_Update  bmi088.o
    0x08001748   0x08001748   0x00000024   Code   RO         1199    i.BMI088_Read_Multi_Reg  bmi088.o
    0x0800176c   0x0800176c   0x00000016   Code   RO         1200    i.BMI088_Read_Single_Reg  bmi088.o
    0x08001782   0x08001782   0x00000002   PAD
    0x08001784   0x08001784   0x00000024   Code   RO          789    i.BMI088_Read_Write_Byte  bsp_spi.o
    0x080017a8   0x080017a8   0x00000068   Code   RO          505    i.BMI088_Temp_Control  ins_task.o
    0x08001810   0x08001810   0x00000012   Code   RO         1201    i.BMI088_Write_Single_Reg  bmi088.o
    0x08001822   0x08001822   0x00000002   PAD
    0x08001824   0x08001824   0x00000070   Code   RO          562    i.BSP_CAN_Init      bsp_can.o
    0x08001894   0x08001894   0x0000003c   Code   RO          859    i.BSP_USART_Init    bsp_uart.o
    0x080018d0   0x080018d0   0x0000000c   Code   RO          820    i.Bsp_Tim_Init      bsp_tim.o
    0x080018dc   0x080018dc   0x00000002   Code   RO         1897    i.BusFault_Handler  stm32f4xx_it.o
    0x080018de   0x080018de   0x00000002   PAD
    0x080018e0   0x080018e0   0x0000000c   Code   RO         1898    i.CAN1_RX0_IRQHandler  stm32f4xx_it.o
    0x080018ec   0x080018ec   0x00000024   Code   RO          563    i.CAN1_RxFifo0RxHandler  bsp_can.o
    0x08001910   0x08001910   0x0000000c   Code   RO         1899    i.CAN2_RX0_IRQHandler  stm32f4xx_it.o
    0x0800191c   0x0800191c   0x00000094   Code   RO          564    i.CAN2_RxFifo0RxHandler  bsp_can.o
    0x080019b0   0x080019b0   0x000001f8   Code   RO          158    i.CAN_Task          can_task.o
    0x08001ba8   0x08001ba8   0x00000008   Code   RO         7288    i.CDC_Control_FS    usbd_cdc_if.o
    0x08001bb0   0x08001bb0   0x00000004   Code   RO         7289    i.CDC_DeInit_FS     usbd_cdc_if.o
    0x08001bb4   0x08001bb4   0x00000024   Code   RO         7290    i.CDC_Init_FS       usbd_cdc_if.o
    0x08001bd8   0x08001bd8   0x00000020   Code   RO         7291    i.CDC_Receive_FS    usbd_cdc_if.o
    0x08001bf8   0x08001bf8   0x00000004   Code   RO         7292    i.CDC_TransmitCplt_FS  usbd_cdc_if.o
    0x08001bfc   0x08001bfc   0x00000300   Code   RO          383    i.Control_LQR_K_Update  control_task.o
    0x08001efc   0x08001efc   0x00000134   Code   RO          384    i.Control_LQR_U_Calculate  control_task.o
    0x08002030   0x08002030   0x00000068   Code   RO          385    i.Control_LQR_X_Update  control_task.o
    0x08002098   0x08002098   0x000000a0   Code   RO          386    i.Control_Measure_Update  control_task.o
    0x08002138   0x08002138   0x000003b0   Code   RO          387    i.Control_Task      control_task.o
    0x080024e8   0x080024e8   0x0000000c   Code   RO         1900    i.DMA1_Stream1_IRQHandler  stm32f4xx_it.o
    0x080024f4   0x080024f4   0x0000000c   Code   RO         1901    i.DMA2_Stream2_IRQHandler  stm32f4xx_it.o
    0x08002500   0x08002500   0x0000000c   Code   RO         1902    i.DMA2_Stream7_IRQHandler  stm32f4xx_it.o
    0x0800250c   0x0800250c   0x0000002c   Code   RO         4599    i.DMA_CalcBaseAndBitshift  stm32f4xx_hal_dma.o
    0x08002538   0x08002538   0x00000078   Code   RO         4600    i.DMA_CheckFifoParam  stm32f4xx_hal_dma.o
    0x080025b0   0x080025b0   0x000000f0   Code   RO          159    i.Damiao_Motor_CAN_Send  can_task.o
    0x080026a0   0x080026a0   0x00000030   Code   RO         1319    i.Damiao_Motor_DisEnable  motor.o
    0x080026d0   0x080026d0   0x00000030   Code   RO          160    i.Damiao_Motor_Enable  can_task.o
    0x08002700   0x08002700   0x00000014   Code   RO         1320    i.Damiao_Motor_ErrorHandler  motor.o
    0x08002714   0x08002714   0x000000f0   Code   RO         1321    i.Damiao_Motor_Info_Update  motor.o
    0x08002804   0x08002804   0x00000002   Code   RO         1903    i.DebugMon_Handler  stm32f4xx_it.o
    0x08002806   0x08002806   0x00000016   Code   RO          928    i.Delay_ms          bsp_tick.o
    0x0800281c   0x0800281c   0x00000016   Code   RO          929    i.Delay_us          bsp_tick.o
    0x08002832   0x08002832   0x00000006   Code   RO          471    i.Detect_Task       detect_task.o
    0x08002838   0x08002838   0x00000006   Code   RO         1904    i.EXTI9_5_IRQHandler  stm32f4xx_it.o
    0x0800283e   0x0800283e   0x00000004   Code   RO         1544    i.Error_Handler     main.o
    0x08002842   0x08002842   0x00000002   PAD
    0x08002844   0x08002844   0x0000002c   Code   RO            4    i.Fast_InverseSqrt  api_quaternion.o
    0x08002870   0x08002870   0x00000038   Code   RO         7210    i.Get_SerialNum     usbd_desc.o
    0x080028a8   0x080028a8   0x00000024   Code   RO         5273    i.HAL_CAN_ActivateNotification  stm32f4xx_hal_can.o
    0x080028cc   0x080028cc   0x000000f2   Code   RO         5274    i.HAL_CAN_AddTxMessage  stm32f4xx_hal_can.o
    0x080029be   0x080029be   0x00000002   PAD
    0x080029c0   0x080029c0   0x00000110   Code   RO         5275    i.HAL_CAN_ConfigFilter  stm32f4xx_hal_can.o
    0x08002ad0   0x08002ad0   0x00000002   Code   RO         5278    i.HAL_CAN_ErrorCallback  stm32f4xx_hal_can.o
    0x08002ad2   0x08002ad2   0x00000106   Code   RO         5281    i.HAL_CAN_GetRxMessage  stm32f4xx_hal_can.o
    0x08002bd8   0x08002bd8   0x000001fc   Code   RO         5285    i.HAL_CAN_IRQHandler  stm32f4xx_hal_can.o
    0x08002dd4   0x08002dd4   0x00000152   Code   RO         5286    i.HAL_CAN_Init      stm32f4xx_hal_can.o
    0x08002f26   0x08002f26   0x00000002   PAD
    0x08002f28   0x08002f28   0x00000100   Code   RO         1681    i.HAL_CAN_MspInit   can.o
    0x08003028   0x08003028   0x00000002   Code   RO         5293    i.HAL_CAN_RxFifo0FullCallback  stm32f4xx_hal_can.o
    0x0800302a   0x0800302a   0x00000002   PAD
    0x0800302c   0x0800302c   0x00000048   Code   RO          565    i.HAL_CAN_RxFifo0MsgPendingCallback  bsp_can.o
    0x08003074   0x08003074   0x00000002   Code   RO         5295    i.HAL_CAN_RxFifo1FullCallback  stm32f4xx_hal_can.o
    0x08003076   0x08003076   0x00000002   Code   RO         5296    i.HAL_CAN_RxFifo1MsgPendingCallback  stm32f4xx_hal_can.o
    0x08003078   0x08003078   0x00000002   Code   RO         5297    i.HAL_CAN_SleepCallback  stm32f4xx_hal_can.o
    0x0800307a   0x0800307a   0x00000058   Code   RO         5298    i.HAL_CAN_Start     stm32f4xx_hal_can.o
    0x080030d2   0x080030d2   0x00000002   Code   RO         5300    i.HAL_CAN_TxMailbox0AbortCallback  stm32f4xx_hal_can.o
    0x080030d4   0x080030d4   0x00000002   Code   RO         5301    i.HAL_CAN_TxMailbox0CompleteCallback  stm32f4xx_hal_can.o
    0x080030d6   0x080030d6   0x00000002   Code   RO         5302    i.HAL_CAN_TxMailbox1AbortCallback  stm32f4xx_hal_can.o
    0x080030d8   0x080030d8   0x00000002   Code   RO         5303    i.HAL_CAN_TxMailbox1CompleteCallback  stm32f4xx_hal_can.o
    0x080030da   0x080030da   0x00000002   Code   RO         5304    i.HAL_CAN_TxMailbox2AbortCallback  stm32f4xx_hal_can.o
    0x080030dc   0x080030dc   0x00000002   Code   RO         5305    i.HAL_CAN_TxMailbox2CompleteCallback  stm32f4xx_hal_can.o
    0x080030de   0x080030de   0x00000002   Code   RO         5307    i.HAL_CAN_WakeUpFromRxMsgCallback  stm32f4xx_hal_can.o
    0x080030e0   0x080030e0   0x0000008e   Code   RO         4602    i.HAL_DMA_Abort     stm32f4xx_hal_dma.o
    0x0800316e   0x0800316e   0x00000024   Code   RO         4603    i.HAL_DMA_Abort_IT  stm32f4xx_hal_dma.o
    0x08003192   0x08003192   0x00000002   PAD
    0x08003194   0x08003194   0x000001d0   Code   RO         4607    i.HAL_DMA_IRQHandler  stm32f4xx_hal_dma.o
    0x08003364   0x08003364   0x000000d4   Code   RO         4608    i.HAL_DMA_Init      stm32f4xx_hal_dma.o
    0x08003438   0x08003438   0x00000024   Code   RO         5021    i.HAL_Delay         stm32f4xx_hal.o
    0x0800345c   0x0800345c   0x00000002   Code   RO         4493    i.HAL_GPIO_EXTI_Callback  stm32f4xx_hal_gpio.o
    0x0800345e   0x0800345e   0x00000002   PAD
    0x08003460   0x08003460   0x00000018   Code   RO         4494    i.HAL_GPIO_EXTI_IRQHandler  stm32f4xx_hal_gpio.o
    0x08003478   0x08003478   0x000001d0   Code   RO         4495    i.HAL_GPIO_Init     stm32f4xx_hal_gpio.o
    0x08003648   0x08003648   0x0000000e   Code   RO         4499    i.HAL_GPIO_WritePin  stm32f4xx_hal_gpio.o
    0x08003656   0x08003656   0x00000002   PAD
    0x08003658   0x08003658   0x0000000c   Code   RO         5027    i.HAL_GetTick       stm32f4xx_hal.o
    0x08003664   0x08003664   0x00000010   Code   RO         5033    i.HAL_IncTick       stm32f4xx_hal.o
    0x08003674   0x08003674   0x00000034   Code   RO         5034    i.HAL_Init          stm32f4xx_hal.o
    0x080036a8   0x080036a8   0x00000098   Code   RO         2039    i.HAL_InitTick      stm32f4xx_hal_timebase_tim.o
    0x08003740   0x08003740   0x00000038   Code   RO         2015    i.HAL_MspInit       stm32f4xx_hal_msp.o
    0x08003778   0x08003778   0x0000001a   Code   RO         4884    i.HAL_NVIC_EnableIRQ  stm32f4xx_hal_cortex.o
    0x08003792   0x08003792   0x00000002   PAD
    0x08003794   0x08003794   0x00000040   Code   RO         4890    i.HAL_NVIC_SetPriority  stm32f4xx_hal_cortex.o
    0x080037d4   0x080037d4   0x00000024   Code   RO         4891    i.HAL_NVIC_SetPriorityGrouping  stm32f4xx_hal_cortex.o
    0x080037f8   0x080037f8   0x00000002   Code   RO         3743    i.HAL_PCDEx_LPM_Callback  stm32f4xx_hal_pcd_ex.o
    0x080037fa   0x080037fa   0x00000008   Code   RO         3744    i.HAL_PCDEx_SetRxFiFo  stm32f4xx_hal_pcd_ex.o
    0x08003802   0x08003802   0x00000042   Code   RO         3745    i.HAL_PCDEx_SetTxFiFo  stm32f4xx_hal_pcd_ex.o
    0x08003844   0x08003844   0x00000008   Code   RO         7345    i.HAL_PCD_ConnectCallback  usbd_conf.o
    0x0800384c   0x0800384c   0x00000012   Code   RO         7346    i.HAL_PCD_DataInStageCallback  usbd_conf.o
    0x0800385e   0x0800385e   0x00000014   Code   RO         7347    i.HAL_PCD_DataOutStageCallback  usbd_conf.o
    0x08003872   0x08003872   0x00000008   Code   RO         7348    i.HAL_PCD_DisconnectCallback  usbd_conf.o
    0x0800387a   0x0800387a   0x0000001e   Code   RO         3508    i.HAL_PCD_EP_Abort  stm32f4xx_hal_pcd.o
    0x08003898   0x08003898   0x00000048   Code   RO         3509    i.HAL_PCD_EP_Close  stm32f4xx_hal_pcd.o
    0x080038e0   0x080038e0   0x00000058   Code   RO         3510    i.HAL_PCD_EP_ClrStall  stm32f4xx_hal_pcd.o
    0x08003938   0x08003938   0x00000012   Code   RO         3512    i.HAL_PCD_EP_GetRxCount  stm32f4xx_hal_pcd.o
    0x0800394a   0x0800394a   0x0000005c   Code   RO         3513    i.HAL_PCD_EP_Open   stm32f4xx_hal_pcd.o
    0x080039a6   0x080039a6   0x00000042   Code   RO         3514    i.HAL_PCD_EP_Receive  stm32f4xx_hal_pcd.o
    0x080039e8   0x080039e8   0x00000070   Code   RO         3515    i.HAL_PCD_EP_SetStall  stm32f4xx_hal_pcd.o
    0x08003a58   0x08003a58   0x00000042   Code   RO         3516    i.HAL_PCD_EP_Transmit  stm32f4xx_hal_pcd.o
    0x08003a9a   0x08003a9a   0x0000050a   Code   RO         3518    i.HAL_PCD_IRQHandler  stm32f4xx_hal_pcd.o
    0x08003fa4   0x08003fa4   0x00000008   Code   RO         7349    i.HAL_PCD_ISOINIncompleteCallback  usbd_conf.o
    0x08003fac   0x08003fac   0x00000008   Code   RO         7350    i.HAL_PCD_ISOOUTIncompleteCallback  usbd_conf.o
    0x08003fb4   0x08003fb4   0x000000e4   Code   RO         3521    i.HAL_PCD_Init      stm32f4xx_hal_pcd.o
    0x08004098   0x08004098   0x00000084   Code   RO         7352    i.HAL_PCD_MspInit   usbd_conf.o
    0x0800411c   0x0800411c   0x0000002e   Code   RO         7353    i.HAL_PCD_ResetCallback  usbd_conf.o
    0x0800414a   0x0800414a   0x00000008   Code   RO         7354    i.HAL_PCD_ResumeCallback  usbd_conf.o
    0x08004152   0x08004152   0x00000008   Code   RO         7355    i.HAL_PCD_SOFCallback  usbd_conf.o
    0x0800415a   0x0800415a   0x00000028   Code   RO         3527    i.HAL_PCD_SetAddress  stm32f4xx_hal_pcd.o
    0x08004182   0x08004182   0x0000000e   Code   RO         7356    i.HAL_PCD_SetupStageCallback  usbd_conf.o
    0x08004190   0x08004190   0x00000042   Code   RO         3530    i.HAL_PCD_Start     stm32f4xx_hal_pcd.o
    0x080041d2   0x080041d2   0x00000002   PAD
    0x080041d4   0x080041d4   0x00000030   Code   RO         7357    i.HAL_PCD_SuspendCallback  usbd_conf.o
    0x08004204   0x08004204   0x00000002   Code   RO         4095    i.HAL_RCC_CSSCallback  stm32f4xx_hal_rcc.o
    0x08004206   0x08004206   0x00000002   PAD
    0x08004208   0x08004208   0x0000014c   Code   RO         4096    i.HAL_RCC_ClockConfig  stm32f4xx_hal_rcc.o
    0x08004354   0x08004354   0x0000000c   Code   RO         4099    i.HAL_RCC_EnableCSS  stm32f4xx_hal_rcc.o
    0x08004360   0x08004360   0x0000003c   Code   RO         4100    i.HAL_RCC_GetClockConfig  stm32f4xx_hal_rcc.o
    0x0800439c   0x0800439c   0x0000000c   Code   RO         4101    i.HAL_RCC_GetHCLKFreq  stm32f4xx_hal_rcc.o
    0x080043a8   0x080043a8   0x00000020   Code   RO         4103    i.HAL_RCC_GetPCLK1Freq  stm32f4xx_hal_rcc.o
    0x080043c8   0x080043c8   0x00000020   Code   RO         4104    i.HAL_RCC_GetPCLK2Freq  stm32f4xx_hal_rcc.o
    0x080043e8   0x080043e8   0x0000006c   Code   RO         4105    i.HAL_RCC_GetSysClockFreq  stm32f4xx_hal_rcc.o
    0x08004454   0x08004454   0x0000001c   Code   RO         4107    i.HAL_RCC_NMI_IRQHandler  stm32f4xx_hal_rcc.o
    0x08004470   0x08004470   0x000003c0   Code   RO         4108    i.HAL_RCC_OscConfig  stm32f4xx_hal_rcc.o
    0x08004830   0x08004830   0x000000be   Code   RO         5517    i.HAL_SPI_Init      stm32f4xx_hal_spi.o
    0x080048ee   0x080048ee   0x00000002   PAD
    0x080048f0   0x080048f0   0x00000090   Code   RO         1754    i.HAL_SPI_MspInit   spi.o
    0x08004980   0x08004980   0x000001e4   Code   RO         5526    i.HAL_SPI_TransmitReceive  stm32f4xx_hal_spi.o
    0x08004b64   0x08004b64   0x00000002   Code   RO         6545    i.HAL_TIMEx_BreakCallback  stm32f4xx_hal_tim_ex.o
    0x08004b66   0x08004b66   0x00000002   Code   RO         6546    i.HAL_TIMEx_CommutCallback  stm32f4xx_hal_tim_ex.o
    0x08004b68   0x08004b68   0x00000090   Code   RO         6564    i.HAL_TIMEx_MasterConfigSynchronization  stm32f4xx_hal_tim_ex.o
    0x08004bf8   0x08004bf8   0x0000004a   Code   RO         5830    i.HAL_TIM_Base_Init  stm32f4xx_hal_tim.o
    0x08004c42   0x08004c42   0x00000002   PAD
    0x08004c44   0x08004c44   0x00000048   Code   RO         1796    i.HAL_TIM_Base_MspInit  tim.o
    0x08004c8c   0x08004c8c   0x0000008c   Code   RO         5835    i.HAL_TIM_Base_Start_IT  stm32f4xx_hal_tim.o
    0x08004d18   0x08004d18   0x000000e8   Code   RO         5839    i.HAL_TIM_ConfigClockSource  stm32f4xx_hal_tim.o
    0x08004e00   0x08004e00   0x00000002   Code   RO         5864    i.HAL_TIM_IC_CaptureCallback  stm32f4xx_hal_tim.o
    0x08004e02   0x08004e02   0x0000016e   Code   RO         5878    i.HAL_TIM_IRQHandler  stm32f4xx_hal_tim.o
    0x08004f70   0x08004f70   0x00000088   Code   RO         1797    i.HAL_TIM_MspPostInit  tim.o
    0x08004ff8   0x08004ff8   0x00000002   Code   RO         5881    i.HAL_TIM_OC_DelayElapsedCallback  stm32f4xx_hal_tim.o
    0x08004ffa   0x08004ffa   0x000000d8   Code   RO         5902    i.HAL_TIM_PWM_ConfigChannel  stm32f4xx_hal_tim.o
    0x080050d2   0x080050d2   0x0000004a   Code   RO         5905    i.HAL_TIM_PWM_Init  stm32f4xx_hal_tim.o
    0x0800511c   0x0800511c   0x00000002   Code   RO         5907    i.HAL_TIM_PWM_MspInit  stm32f4xx_hal_tim.o
    0x0800511e   0x0800511e   0x00000002   Code   RO         5908    i.HAL_TIM_PWM_PulseFinishedCallback  stm32f4xx_hal_tim.o
    0x08005120   0x08005120   0x000000dc   Code   RO         5910    i.HAL_TIM_PWM_Start  stm32f4xx_hal_tim.o
    0x080051fc   0x080051fc   0x0000000e   Code   RO         1545    i.HAL_TIM_PeriodElapsedCallback  main.o
    0x0800520a   0x0800520a   0x00000002   Code   RO         5921    i.HAL_TIM_TriggerCallback  stm32f4xx_hal_tim.o
    0x0800520c   0x0800520c   0x00000050   Code   RO          860    i.HAL_UARTEx_RxEventCallback  bsp_uart.o
    0x0800525c   0x0800525c   0x00000002   Code   RO         6837    i.HAL_UART_ErrorCallback  stm32f4xx_hal_uart.o
    0x0800525e   0x0800525e   0x00000002   PAD
    0x08005260   0x08005260   0x00000228   Code   RO         6840    i.HAL_UART_IRQHandler  stm32f4xx_hal_uart.o
    0x08005488   0x08005488   0x00000064   Code   RO         6841    i.HAL_UART_Init     stm32f4xx_hal_uart.o
    0x080054ec   0x080054ec   0x000001b0   Code   RO         1850    i.HAL_UART_MspInit  usart.o
    0x0800569c   0x0800569c   0x00000002   Code   RO         6847    i.HAL_UART_RxCpltCallback  stm32f4xx_hal_uart.o
    0x0800569e   0x0800569e   0x00000002   Code   RO         6852    i.HAL_UART_TxCpltCallback  stm32f4xx_hal_uart.o
    0x080056a0   0x080056a0   0x0000001a   Code   RO          930    i.Haltick           bsp_tick.o
    0x080056ba   0x080056ba   0x00000002   Code   RO         1905    i.HardFault_Handler  stm32f4xx_it.o
    0x080056bc   0x080056bc   0x00000010   Code   RO          821    i.Heat_Power_Control  bsp_tim.o
    0x080056cc   0x080056cc   0x00000060   Code   RO          506    i.INSTask_Init      ins_task.o
    0x0800572c   0x0800572c   0x0000016c   Code   RO          507    i.INS_Task          ins_task.o
    0x08005898   0x08005898   0x0000003a   Code   RO         7211    i.IntToUnicode      usbd_desc.o
    0x080058d2   0x080058d2   0x0000036a   Code   RO         1016    i.Kalman_Filter_Init  kalman.o
    0x08005c3c   0x08005c3c   0x000000c0   Code   RO         1017    i.Kalman_Filter_K_Update  kalman.o
    0x08005cfc   0x08005cfc   0x0000003a   Code   RO         1018    i.Kalman_Filter_Measurement_Update  kalman.o
    0x08005d36   0x08005d36   0x00000068   Code   RO         1019    i.Kalman_Filter_P_Update  kalman.o
    0x08005d9e   0x08005d9e   0x0000006a   Code   RO         1020    i.Kalman_Filter_Pminus_Update  kalman.o
    0x08005e08   0x08005e08   0x00000086   Code   RO         1021    i.Kalman_Filter_Update  kalman.o
    0x08005e8e   0x08005e8e   0x00000080   Code   RO         1022    i.Kalman_Filter_xhat_Update  kalman.o
    0x08005f0e   0x08005f0e   0x00000074   Code   RO         1023    i.Kalman_Filter_xhatminus_Update  kalman.o
    0x08005f82   0x08005f82   0x00000002   PAD
    0x08005f84   0x08005f84   0x0000001c   Code   RO         1073    i.LowPassFilter1p_Init  lpf.o
    0x08005fa0   0x08005fa0   0x0000003c   Code   RO         1074    i.LowPassFilter1p_Update  lpf.o
    0x08005fdc   0x08005fdc   0x00000024   Code   RO         1075    i.LowPassFilter2p_Init  lpf.o
    0x08006000   0x08006000   0x0000004c   Code   RO         1076    i.LowPassFilter2p_Update  lpf.o
    0x0800604c   0x0800604c   0x0000001a   Code   RO          753    i.MCU_Init          bsp_mcu.o
    0x08006066   0x08006066   0x00000002   PAD
    0x08006068   0x08006068   0x00000048   Code   RO         1682    i.MX_CAN1_Init      can.o
    0x080060b0   0x080060b0   0x00000048   Code   RO         1683    i.MX_CAN2_Init      can.o
    0x080060f8   0x080060f8   0x0000005c   Code   RO         1729    i.MX_DMA_Init       dma.o
    0x08006154   0x08006154   0x00000068   Code   RO         1624    i.MX_FREERTOS_Init  freertos.o
    0x080061bc   0x080061bc   0x000000e4   Code   RO         1596    i.MX_GPIO_Init      gpio.o
    0x080062a0   0x080062a0   0x00000048   Code   RO         1755    i.MX_SPI1_Init      spi.o
    0x080062e8   0x080062e8   0x00000068   Code   RO         1798    i.MX_TIM10_Init     tim.o
    0x08006350   0x08006350   0x00000098   Code   RO         1799    i.MX_TIM4_Init      tim.o
    0x080063e8   0x080063e8   0x00000038   Code   RO         1851    i.MX_USART1_UART_Init  usart.o
    0x08006420   0x08006420   0x0000003c   Code   RO         1852    i.MX_USART3_UART_Init  usart.o
    0x0800645c   0x0800645c   0x00000080   Code   RO         7179    i.MX_USB_DEVICE_Init  usb_device.o
    0x080064dc   0x080064dc   0x00000002   Code   RO         1906    i.MemManage_Handler  stm32f4xx_it.o
    0x080064de   0x080064de   0x00000002   PAD
    0x080064e0   0x080064e0   0x00000030   Code   RO         1252    i.MiniPC_RecvFrameInfo  minipc.o
    0x08006510   0x08006510   0x00000006   Code   RO         1907    i.NMI_Handler       stm32f4xx_it.o
    0x08006516   0x08006516   0x00000002   PAD
    0x08006518   0x08006518   0x0000000c   Code   RO         1908    i.OTG_FS_IRQHandler  stm32f4xx_it.o
    0x08006524   0x08006524   0x00000048   Code   RO         3534    i.PCD_EP_OutSetupPacket_int  stm32f4xx_hal_pcd.o
    0x0800656c   0x0800656c   0x000000e4   Code   RO         3535    i.PCD_EP_OutXfrComplete_int  stm32f4xx_hal_pcd.o
    0x08006650   0x08006650   0x0000009c   Code   RO         3536    i.PCD_WriteEmptyTxFifo  stm32f4xx_hal_pcd.o
    0x080066ec   0x080066ec   0x00000028   Code   RO         1157    i.PID_Calc_Clear    pid.o
    0x08006714   0x08006714   0x0000002c   Code   RO         1158    i.PID_ErrorHandle   pid.o
    0x08006740   0x08006740   0x0000002c   Code   RO         1159    i.PID_Init          pid.o
    0x0800676c   0x0800676c   0x00000046   Code   RO         1160    i.PID_Param_Init    pid.o
    0x080067b2   0x080067b2   0x00000002   PAD
    0x080067b4   0x080067b4   0x000001a4   Code   RO            5    i.QuaternionEKF_A_Update  api_quaternion.o
    0x08006958   0x08006958   0x00000138   Code   RO            6    i.QuaternionEKF_ChiSqrtTest  api_quaternion.o
    0x08006a90   0x08006a90   0x000000e6   Code   RO            7    i.QuaternionEKF_H_Update  api_quaternion.o
    0x08006b76   0x08006b76   0x00000002   PAD
    0x08006b78   0x08006b78   0x000000bc   Code   RO            8    i.QuaternionEKF_Init  api_quaternion.o
    0x08006c34   0x08006c34   0x00000340   Code   RO            9    i.QuaternionEKF_Update  api_quaternion.o
    0x08006f74   0x08006f74   0x000002bc   Code   RO           10    i.QuaternionEKF_xhat_Update  api_quaternion.o
    0x08007230   0x08007230   0x000000c0   Code   RO         1322    i.RMD_Motor_Info_Update  motor.o
    0x080072f0   0x080072f0   0x0000005c   Code   RO         1400    i.Referee_Frame_Update  referee_info.o
    0x0800734c   0x0800734c   0x0000018c   Code   RO         1401    i.Referee_Info_Update  referee_info.o
    0x080074d8   0x080074d8   0x000000c8   Code   RO         1445    i.SBUS_TO_RC        remote_control.o
    0x080075a0   0x080075a0   0x0000005c   Code   RO         5555    i.SPI_EndRxTxTransaction  stm32f4xx_hal_spi.o
    0x080075fc   0x080075fc   0x000000bc   Code   RO         5560    i.SPI_WaitFlagStateUntilTimeout  stm32f4xx_hal_spi.o
    0x080076b8   0x080076b8   0x0000000a   Code   RO         7714    i.SWAPBYTE          usbd_ctlreq.o
    0x080076c2   0x080076c2   0x00000002   PAD
    0x080076c4   0x080076c4   0x0000002c   Code   RO         3420    i.SysTick_Handler   port.o
    0x080076f0   0x080076f0   0x00000098   Code   RO         1546    i.SystemClock_Config  main.o
    0x08007788   0x08007788   0x00000010   Code   RO         2086    i.SystemInit        system_stm32f4xx.o
    0x08007798   0x08007798   0x0000000c   Code   RO         1909    i.TIM2_IRQHandler   stm32f4xx_it.o
    0x080077a4   0x080077a4   0x000000cc   Code   RO         5923    i.TIM_Base_SetConfig  stm32f4xx_hal_tim.o
    0x08007870   0x08007870   0x0000001a   Code   RO         5924    i.TIM_CCxChannelCmd  stm32f4xx_hal_tim.o
    0x0800788a   0x0800788a   0x00000014   Code   RO         5934    i.TIM_ETR_SetConfig  stm32f4xx_hal_tim.o
    0x0800789e   0x0800789e   0x00000010   Code   RO         5935    i.TIM_ITRx_SetConfig  stm32f4xx_hal_tim.o
    0x080078ae   0x080078ae   0x00000002   PAD
    0x080078b0   0x080078b0   0x00000068   Code   RO         5936    i.TIM_OC1_SetConfig  stm32f4xx_hal_tim.o
    0x08007918   0x08007918   0x00000074   Code   RO         5937    i.TIM_OC2_SetConfig  stm32f4xx_hal_tim.o
    0x0800798c   0x0800798c   0x00000070   Code   RO         5938    i.TIM_OC3_SetConfig  stm32f4xx_hal_tim.o
    0x080079fc   0x080079fc   0x00000054   Code   RO         5939    i.TIM_OC4_SetConfig  stm32f4xx_hal_tim.o
    0x08007a50   0x08007a50   0x00000022   Code   RO         5941    i.TIM_TI1_ConfigInputStage  stm32f4xx_hal_tim.o
    0x08007a72   0x08007a72   0x00000024   Code   RO         5943    i.TIM_TI2_ConfigInputStage  stm32f4xx_hal_tim.o
    0x08007a96   0x08007a96   0x00000010   Code   RO         6854    i.UART_DMAAbortOnError  stm32f4xx_hal_uart.o
    0x08007aa6   0x08007aa6   0x0000004e   Code   RO         6864    i.UART_EndRxTransfer  stm32f4xx_hal_uart.o
    0x08007af4   0x08007af4   0x0000001a   Code   RO         6865    i.UART_EndTransmit_IT  stm32f4xx_hal_uart.o
    0x08007b0e   0x08007b0e   0x000000c6   Code   RO         6867    i.UART_Receive_IT   stm32f4xx_hal_uart.o
    0x08007bd4   0x08007bd4   0x00000114   Code   RO         6868    i.UART_SetConfig    stm32f4xx_hal_uart.o
    0x08007ce8   0x08007ce8   0x0000005e   Code   RO         6871    i.UART_Transmit_IT  stm32f4xx_hal_uart.o
    0x08007d46   0x08007d46   0x00000002   PAD
    0x08007d48   0x08007d48   0x0000000c   Code   RO         1910    i.USART1_IRQHandler  stm32f4xx_it.o
    0x08007d54   0x08007d54   0x0000000c   Code   RO         1911    i.USART3_IRQHandler  stm32f4xx_it.o
    0x08007d60   0x08007d60   0x00000068   Code   RO          861    i.USART_RxDMA_MultiBufferStart  bsp_uart.o
    0x08007dc8   0x08007dc8   0x00000078   Code   RO         7877    i.USBD_CDC_DataIn   usbd_cdc.o
    0x08007e40   0x08007e40   0x0000003e   Code   RO         7878    i.USBD_CDC_DataOut  usbd_cdc.o
    0x08007e7e   0x08007e7e   0x00000002   PAD
    0x08007e80   0x08007e80   0x00000094   Code   RO         7879    i.USBD_CDC_DeInit   usbd_cdc.o
    0x08007f14   0x08007f14   0x00000038   Code   RO         7880    i.USBD_CDC_EP0_RxReady  usbd_cdc.o
    0x08007f4c   0x08007f4c   0x0000000c   Code   RO         7881    i.USBD_CDC_GetDeviceQualifierDescriptor  usbd_cdc.o
    0x08007f58   0x08007f58   0x0000003c   Code   RO         7882    i.USBD_CDC_GetFSCfgDesc  usbd_cdc.o
    0x08007f94   0x08007f94   0x00000040   Code   RO         7883    i.USBD_CDC_GetHSCfgDesc  usbd_cdc.o
    0x08007fd4   0x08007fd4   0x0000003c   Code   RO         7884    i.USBD_CDC_GetOtherSpeedCfgDesc  usbd_cdc.o
    0x08008010   0x08008010   0x0000015c   Code   RO         7885    i.USBD_CDC_Init     usbd_cdc.o
    0x0800816c   0x0800816c   0x00000040   Code   RO         7886    i.USBD_CDC_ReceivePacket  usbd_cdc.o
    0x080081ac   0x080081ac   0x00000018   Code   RO         7887    i.USBD_CDC_RegisterInterface  usbd_cdc.o
    0x080081c4   0x080081c4   0x0000001c   Code   RO         7888    i.USBD_CDC_SetRxBuffer  usbd_cdc.o
    0x080081e0   0x080081e0   0x00000020   Code   RO         7889    i.USBD_CDC_SetTxBuffer  usbd_cdc.o
    0x08008200   0x08008200   0x0000010a   Code   RO         7890    i.USBD_CDC_Setup    usbd_cdc.o
    0x0800830a   0x0800830a   0x00000014   Code   RO         7552    i.USBD_ClrClassConfig  usbd_core.o
    0x0800831e   0x0800831e   0x00000026   Code   RO         7715    i.USBD_ClrFeature   usbd_ctlreq.o
    0x08008344   0x08008344   0x00000004   Code   RO         7553    i.USBD_CoreFindEP   usbd_core.o
    0x08008348   0x08008348   0x00000004   Code   RO         7554    i.USBD_CoreFindIF   usbd_core.o
    0x0800834c   0x0800834c   0x00000010   Code   RO         7817    i.USBD_CtlContinueRx  usbd_ioreq.o
    0x0800835c   0x0800835c   0x00000010   Code   RO         7818    i.USBD_CtlContinueSendData  usbd_ioreq.o
    0x0800836c   0x0800836c   0x00000018   Code   RO         7716    i.USBD_CtlError     usbd_ctlreq.o
    0x08008384   0x08008384   0x0000001e   Code   RO         7819    i.USBD_CtlPrepareRx  usbd_ioreq.o
    0x080083a2   0x080083a2   0x00000016   Code   RO         7820    i.USBD_CtlReceiveStatus  usbd_ioreq.o
    0x080083b8   0x080083b8   0x0000001a   Code   RO         7821    i.USBD_CtlSendData  usbd_ioreq.o
    0x080083d2   0x080083d2   0x00000016   Code   RO         7822    i.USBD_CtlSendStatus  usbd_ioreq.o
    0x080083e8   0x080083e8   0x00000030   Code   RO         7212    i.USBD_FS_ConfigStrDescriptor  usbd_desc.o
    0x08008418   0x08008418   0x0000000c   Code   RO         7213    i.USBD_FS_DeviceDescriptor  usbd_desc.o
    0x08008424   0x08008424   0x00000034   Code   RO         7214    i.USBD_FS_InterfaceStrDescriptor  usbd_desc.o
    0x08008458   0x08008458   0x0000000c   Code   RO         7215    i.USBD_FS_LangIDStrDescriptor  usbd_desc.o
    0x08008464   0x08008464   0x00000028   Code   RO         7216    i.USBD_FS_ManufacturerStrDescriptor  usbd_desc.o
    0x0800848c   0x0800848c   0x0000003c   Code   RO         7217    i.USBD_FS_ProductStrDescriptor  usbd_desc.o
    0x080084c8   0x080084c8   0x00000014   Code   RO         7218    i.USBD_FS_SerialStrDescriptor  usbd_desc.o
    0x080084dc   0x080084dc   0x0000003a   Code   RO         7717    i.USBD_GetConfig    usbd_ctlreq.o
    0x08008516   0x08008516   0x000001b0   Code   RO         7718    i.USBD_GetDescriptor  usbd_ctlreq.o
    0x080086c6   0x080086c6   0x0000003a   Code   RO         7556    i.USBD_GetEpDesc    usbd_core.o
    0x08008700   0x08008700   0x00000014   Code   RO         7719    i.USBD_GetLen       usbd_ctlreq.o
    0x08008714   0x08008714   0x0000000e   Code   RO         7557    i.USBD_GetNextDesc  usbd_core.o
    0x08008722   0x08008722   0x0000003c   Code   RO         7720    i.USBD_GetStatus    usbd_ctlreq.o
    0x0800875e   0x0800875e   0x0000003e   Code   RO         7721    i.USBD_GetString    usbd_ctlreq.o
    0x0800879c   0x0800879c   0x00000024   Code   RO         7358    i.USBD_Get_USB_Status  usbd_conf.o
    0x080087c0   0x080087c0   0x00000028   Code   RO         7558    i.USBD_Init         usbd_core.o
    0x080087e8   0x080087e8   0x00000012   Code   RO         7359    i.USBD_LL_ClearStallEP  usbd_conf.o
    0x080087fa   0x080087fa   0x00000012   Code   RO         7360    i.USBD_LL_CloseEP   usbd_conf.o
    0x0800880c   0x0800880c   0x000000dc   Code   RO         7559    i.USBD_LL_DataInStage  usbd_core.o
    0x080088e8   0x080088e8   0x000000ca   Code   RO         7560    i.USBD_LL_DataOutStage  usbd_core.o
    0x080089b2   0x080089b2   0x00000004   Code   RO         7561    i.USBD_LL_DevConnected  usbd_core.o
    0x080089b6   0x080089b6   0x00000020   Code   RO         7562    i.USBD_LL_DevDisconnected  usbd_core.o
    0x080089d6   0x080089d6   0x00000008   Code   RO         7364    i.USBD_LL_GetRxDataSize  usbd_conf.o
    0x080089de   0x080089de   0x00000002   PAD
    0x080089e0   0x080089e0   0x00000060   Code   RO         7365    i.USBD_LL_Init      usbd_conf.o
    0x08008a40   0x08008a40   0x00000020   Code   RO         7366    i.USBD_LL_IsStallEP  usbd_conf.o
    0x08008a60   0x08008a60   0x0000002a   Code   RO         7563    i.USBD_LL_IsoINIncomplete  usbd_core.o
    0x08008a8a   0x08008a8a   0x0000002a   Code   RO         7564    i.USBD_LL_IsoOUTIncomplete  usbd_core.o
    0x08008ab4   0x08008ab4   0x00000018   Code   RO         7367    i.USBD_LL_OpenEP    usbd_conf.o
    0x08008acc   0x08008acc   0x00000012   Code   RO         7368    i.USBD_LL_PrepareReceive  usbd_conf.o
    0x08008ade   0x08008ade   0x00000060   Code   RO         7565    i.USBD_LL_Reset     usbd_core.o
    0x08008b3e   0x08008b3e   0x00000014   Code   RO         7566    i.USBD_LL_Resume    usbd_core.o
    0x08008b52   0x08008b52   0x0000001a   Code   RO         7567    i.USBD_LL_SOF       usbd_core.o
    0x08008b6c   0x08008b6c   0x00000006   Code   RO         7568    i.USBD_LL_SetSpeed  usbd_core.o
    0x08008b72   0x08008b72   0x00000012   Code   RO         7369    i.USBD_LL_SetUSBAddress  usbd_conf.o
    0x08008b84   0x08008b84   0x00000060   Code   RO         7569    i.USBD_LL_SetupStage  usbd_core.o
    0x08008be4   0x08008be4   0x00000012   Code   RO         7370    i.USBD_LL_StallEP   usbd_conf.o
    0x08008bf6   0x08008bf6   0x00000012   Code   RO         7371    i.USBD_LL_Start     usbd_conf.o
    0x08008c08   0x08008c08   0x00000010   Code   RO         7570    i.USBD_LL_Suspend   usbd_core.o
    0x08008c18   0x08008c18   0x00000012   Code   RO         7373    i.USBD_LL_Transmit  usbd_conf.o
    0x08008c2a   0x08008c2a   0x00000032   Code   RO         7722    i.USBD_ParseSetupRequest  usbd_ctlreq.o
    0x08008c5c   0x08008c5c   0x0000003a   Code   RO         7571    i.USBD_RegisterClass  usbd_core.o
    0x08008c96   0x08008c96   0x00000004   Code   RO         7572    i.USBD_RunTestMode  usbd_core.o
    0x08008c9a   0x08008c9a   0x00000058   Code   RO         7723    i.USBD_SetAddress   usbd_ctlreq.o
    0x08008cf2   0x08008cf2   0x00000014   Code   RO         7573    i.USBD_SetClassConfig  usbd_core.o
    0x08008d06   0x08008d06   0x00000002   PAD
    0x08008d08   0x08008d08   0x000000dc   Code   RO         7724    i.USBD_SetConfig    usbd_ctlreq.o
    0x08008de4   0x08008de4   0x00000024   Code   RO         7725    i.USBD_SetFeature   usbd_ctlreq.o
    0x08008e08   0x08008e08   0x00000004   Code   RO         7574    i.USBD_Start        usbd_core.o
    0x08008e0c   0x08008e0c   0x00000076   Code   RO         7726    i.USBD_StdDevReq    usbd_ctlreq.o
    0x08008e82   0x08008e82   0x00000220   Code   RO         7727    i.USBD_StdEPReq     usbd_ctlreq.o
    0x080090a2   0x080090a2   0x0000008e   Code   RO         7728    i.USBD_StdItfReq    usbd_ctlreq.o
    0x08009130   0x08009130   0x00000002   Code   RO         7374    i.USBD_static_free  usbd_conf.o
    0x08009132   0x08009132   0x00000002   PAD
    0x08009134   0x08009134   0x00000008   Code   RO         7375    i.USBD_static_malloc  usbd_conf.o
    0x0800913c   0x0800913c   0x00000084   Code   RO         3785    i.USB_ActivateEndpoint  stm32f4xx_ll_usb.o
    0x080091c0   0x080091c0   0x0000001c   Code   RO         3787    i.USB_ActivateSetup  stm32f4xx_ll_usb.o
    0x080091dc   0x080091dc   0x00000080   Code   RO         3789    i.USB_CoreInit      stm32f4xx_ll_usb.o
    0x0800925c   0x0800925c   0x00000048   Code   RO         3790    i.USB_CoreReset     stm32f4xx_ll_usb.o
    0x080092a4   0x080092a4   0x000000c8   Code   RO         3793    i.USB_DeactivateEndpoint  stm32f4xx_ll_usb.o
    0x0800936c   0x0800936c   0x0000001c   Code   RO         3794    i.USB_DevConnect    stm32f4xx_ll_usb.o
    0x08009388   0x08009388   0x0000001c   Code   RO         3795    i.USB_DevDisconnect  stm32f4xx_ll_usb.o
    0x080093a4   0x080093a4   0x00000170   Code   RO         3796    i.USB_DevInit       stm32f4xx_ll_usb.o
    0x08009514   0x08009514   0x0000000c   Code   RO         3797    i.USB_DisableGlobalInt  stm32f4xx_ll_usb.o
    0x08009520   0x08009520   0x00000118   Code   RO         3800    i.USB_EP0StartXfer  stm32f4xx_ll_usb.o
    0x08009638   0x08009638   0x00000054   Code   RO         3801    i.USB_EP0_OutStart  stm32f4xx_ll_usb.o
    0x0800968c   0x0800968c   0x00000058   Code   RO         3802    i.USB_EPClearStall  stm32f4xx_ll_usb.o
    0x080096e4   0x080096e4   0x00000058   Code   RO         3803    i.USB_EPSetStall    stm32f4xx_ll_usb.o
    0x0800973c   0x0800973c   0x000001f8   Code   RO         3804    i.USB_EPStartXfer   stm32f4xx_ll_usb.o
    0x08009934   0x08009934   0x000000a4   Code   RO         3805    i.USB_EPStopXfer    stm32f4xx_ll_usb.o
    0x080099d8   0x080099d8   0x0000000c   Code   RO         3806    i.USB_EnableGlobalInt  stm32f4xx_ll_usb.o
    0x080099e4   0x080099e4   0x00000044   Code   RO         3807    i.USB_FlushRxFifo   stm32f4xx_ll_usb.o
    0x08009a28   0x08009a28   0x00000048   Code   RO         3808    i.USB_FlushTxFifo   stm32f4xx_ll_usb.o
    0x08009a70   0x08009a70   0x00000020   Code   RO         3810    i.USB_GetDevSpeed   stm32f4xx_ll_usb.o
    0x08009a90   0x08009a90   0x00000008   Code   RO         3812    i.USB_GetMode       stm32f4xx_ll_usb.o
    0x08009a98   0x08009a98   0x0000000e   Code   RO         3819    i.USB_ReadDevAllInEpInterrupt  stm32f4xx_ll_usb.o
    0x08009aa6   0x08009aa6   0x0000000e   Code   RO         3820    i.USB_ReadDevAllOutEpInterrupt  stm32f4xx_ll_usb.o
    0x08009ab4   0x08009ab4   0x00000024   Code   RO         3821    i.USB_ReadDevInEPInterrupt  stm32f4xx_ll_usb.o
    0x08009ad8   0x08009ad8   0x00000010   Code   RO         3822    i.USB_ReadDevOutEPInterrupt  stm32f4xx_ll_usb.o
    0x08009ae8   0x08009ae8   0x00000008   Code   RO         3823    i.USB_ReadInterrupts  stm32f4xx_ll_usb.o
    0x08009af0   0x08009af0   0x0000003e   Code   RO         3824    i.USB_ReadPacket    stm32f4xx_ll_usb.o
    0x08009b2e   0x08009b2e   0x00000060   Code   RO         3826    i.USB_SetCurrentMode  stm32f4xx_ll_usb.o
    0x08009b8e   0x08009b8e   0x0000001e   Code   RO         3827    i.USB_SetDevAddress  stm32f4xx_ll_usb.o
    0x08009bac   0x08009bac   0x0000000e   Code   RO         3828    i.USB_SetDevSpeed   stm32f4xx_ll_usb.o
    0x08009bba   0x08009bba   0x00000002   PAD
    0x08009bbc   0x08009bbc   0x000000f4   Code   RO         3829    i.USB_SetTurnaroundTime  stm32f4xx_ll_usb.o
    0x08009cb0   0x08009cb0   0x00000028   Code   RO         3832    i.USB_WritePacket   stm32f4xx_ll_usb.o
    0x08009cd8   0x08009cd8   0x00000018   Code   RO          566    i.USER_CAN_TxMessage  bsp_can.o
    0x08009cf0   0x08009cf0   0x00000078   Code   RO          862    i.USER_USART1_RxHandler  bsp_uart.o
    0x08009d68   0x08009d68   0x00000070   Code   RO          863    i.USER_USART3_RxHandler  bsp_uart.o
    0x08009dd8   0x08009dd8   0x00000002   Code   RO         1912    i.UsageFault_Handler  stm32f4xx_it.o
    0x08009dda   0x08009dda   0x00000028   Code   RO          822    i.User_Tim_SetCompare  bsp_tim.o
    0x08009e02   0x08009e02   0x00000002   PAD
    0x08009e04   0x08009e04   0x00000198   Code   RO          388    i.VMC_Calculate     control_task.o
    0x08009f9c   0x08009f9c   0x00000198   Code   RO          389    i.VMC_Calculate1    control_task.o
    0x0800a134   0x0800a134   0x00000240   Code   RO          390    i.VMC_F_Tp_To_Joint_Calculate  control_task.o
    0x0800a374   0x0800a374   0x0000020c   Code   RO          391    i.VMC_F_Tp_To_Joint_Calculate1  control_task.o
    0x0800a580   0x0800a580   0x00000026   Code   RO         8760    i.__ARM_fpclassifyf  m_wm.l(fpclassifyf.o)
    0x0800a5a6   0x0800a5a6   0x00000020   Code   RO         4897    i.__NVIC_SetPriority  stm32f4xx_hal_cortex.o
    0x0800a5c6   0x0800a5c6   0x00000002   PAD
    0x0800a5c8   0x0800a5c8   0x00000118   Code   RO         8384    i.__hardfp_acosf    m_wm.l(acosf.o)
    0x0800a6e0   0x0800a6e0   0x0000012c   Code   RO         8396    i.__hardfp_asinf    m_wm.l(asinf.o)
    0x0800a80c   0x0800a80c   0x000002ac   Code   RO         8420    i.__hardfp_atan2f   m_wm.l(atan2f.o)
    0x0800aab8   0x0800aab8   0x00000664   Code   RO         8478    i.__hardfp_powf     m_wm.l(powf.o)
    0x0800b11c   0x0800b11c   0x00000014   Code   RO         8762    i.__mathlib_flt_divzero  m_wm.l(funder.o)
    0x0800b130   0x0800b130   0x00000006   Code   RO         8763    i.__mathlib_flt_infnan  m_wm.l(funder.o)
    0x0800b136   0x0800b136   0x00000006   Code   RO         8764    i.__mathlib_flt_infnan2  m_wm.l(funder.o)
    0x0800b13c   0x0800b13c   0x00000010   Code   RO         8765    i.__mathlib_flt_invalid  m_wm.l(funder.o)
    0x0800b14c   0x0800b14c   0x00000010   Code   RO         8766    i.__mathlib_flt_overflow  m_wm.l(funder.o)
    0x0800b15c   0x0800b15c   0x00000010   Code   RO         8768    i.__mathlib_flt_underflow  m_wm.l(funder.o)
    0x0800b16c   0x0800b16c   0x00000014   Code   RO         1402    i.bit8TObit16       referee_info.o
    0x0800b180   0x0800b180   0x00000020   Code   RO         1403    i.bit8TOfloat32     referee_info.o
    0x0800b1a0   0x0800b1a0   0x0000018c   Code   RO         1161    i.f_PID_Calculate   pid.o
    0x0800b32c   0x0800b32c   0x0000003e   Code   RO         1130    i.f_Ramp_Calc       ramp.o
    0x0800b36a   0x0800b36a   0x00000028   Code   RO          161    i.float_to_uint     can_task.o
    0x0800b392   0x0800b392   0x00000002   PAD
    0x0800b394   0x0800b394   0x00000030   Code   RO          965    i.get_CRC16_check_sum  crc.o
    0x0800b3c4   0x0800b3c4   0x0000001c   Code   RO          966    i.get_CRC8_check_sum  crc.o
    0x0800b3e0   0x0800b3e0   0x00000010   Code   RO         2971    i.inHandlerMode     cmsis_os.o
    0x0800b3f0   0x0800b3f0   0x0000003a   Code   RO         1547    i.main              main.o
    0x0800b42a   0x0800b42a   0x0000000c   Code   RO         2973    i.makeFreeRtosPriority  cmsis_os.o
    0x0800b436   0x0800b436   0x00000010   Code   RO         2975    i.osDelay           cmsis_os.o
    0x0800b446   0x0800b446   0x00000010   Code   RO         2976    i.osDelayUntil      cmsis_os.o
    0x0800b456   0x0800b456   0x0000000a   Code   RO         2978    i.osKernelStart     cmsis_os.o
    0x0800b460   0x0800b460   0x00000018   Code   RO         2979    i.osKernelSysTick   cmsis_os.o
    0x0800b478   0x0800b478   0x00000058   Code   RO         3012    i.osThreadCreate    cmsis_os.o
    0x0800b4d0   0x0800b4d0   0x00000078   Code   RO         2599    i.prvAddCurrentTaskToDelayedList  tasks.o
    0x0800b548   0x0800b548   0x00000088   Code   RO         2600    i.prvAddNewTaskToReadyList  tasks.o
    0x0800b5d0   0x0800b5d0   0x0000003c   Code   RO         2601    i.prvCheckTasksWaitingTermination  tasks.o
    0x0800b60c   0x0800b60c   0x00000040   Code   RO         2602    i.prvDeleteTCB      tasks.o
    0x0800b64c   0x0800b64c   0x0000004c   Code   RO         3352    i.prvHeapInit       heap_4.o
    0x0800b698   0x0800b698   0x00000028   Code   RO         2603    i.prvIdleTask       tasks.o
    0x0800b6c0   0x0800b6c0   0x000000ac   Code   RO         2604    i.prvInitialiseNewTask  tasks.o
    0x0800b76c   0x0800b76c   0x00000058   Code   RO         2605    i.prvInitialiseTaskLists  tasks.o
    0x0800b7c4   0x0800b7c4   0x00000054   Code   RO         3353    i.prvInsertBlockIntoFreeList  heap_4.o
    0x0800b818   0x0800b818   0x00000024   Code   RO         2606    i.prvResetNextTaskUnblockTime  tasks.o
    0x0800b83c   0x0800b83c   0x0000002c   Code   RO         3421    i.prvTaskExitError  port.o
    0x0800b868   0x0800b868   0x000000dc   Code   RO         3354    i.pvPortMalloc      heap_4.o
    0x0800b944   0x0800b944   0x00000024   Code   RO         3422    i.pxPortInitialiseStack  port.o
    0x0800b968   0x0800b968   0x0000002c   Code   RO         1079    i.sign              lpf.o
    0x0800b994   0x0800b994   0x0000003e   Code   RO         8798    i.sqrtf             m_wm.l(sqrtf_full.o)
    0x0800b9d2   0x0800b9d2   0x00000028   Code   RO         1326    i.uint_to_float     motor.o
    0x0800b9fa   0x0800b9fa   0x00000026   Code   RO         2218    i.uxListRemove      list.o
    0x0800ba20   0x0800ba20   0x00000018   Code   RO         1625    i.vApplicationGetIdleTaskMemory  freertos.o
    0x0800ba38   0x0800ba38   0x00000016   Code   RO         2219    i.vListInitialise   list.o
    0x0800ba4e   0x0800ba4e   0x00000006   Code   RO         2220    i.vListInitialiseItem  list.o
    0x0800ba54   0x0800ba54   0x00000030   Code   RO         2221    i.vListInsert       list.o
    0x0800ba84   0x0800ba84   0x00000018   Code   RO         2222    i.vListInsertEnd    list.o
    0x0800ba9c   0x0800ba9c   0x00000040   Code   RO         3424    i.vPortEnterCritical  port.o
    0x0800badc   0x0800badc   0x0000002c   Code   RO         3425    i.vPortExitCritical  port.o
    0x0800bb08   0x0800bb08   0x00000064   Code   RO         3355    i.vPortFree         heap_4.o
    0x0800bb6c   0x0800bb6c   0x00000024   Code   RO         3426    i.vPortSetupTimerInterrupt  port.o
    0x0800bb90   0x0800bb90   0x00000054   Code   RO         3427    i.vPortValidateInterruptPriority  port.o
    0x0800bbe4   0x0800bbe4   0x00000050   Code   RO         2619    i.vTaskDelay        tasks.o
    0x0800bc34   0x0800bc34   0x00000098   Code   RO         2620    i.vTaskDelayUntil   tasks.o
    0x0800bccc   0x0800bccc   0x00000088   Code   RO         2633    i.vTaskStartScheduler  tasks.o
    0x0800bd54   0x0800bd54   0x00000010   Code   RO         2635    i.vTaskSuspendAll   tasks.o
    0x0800bd64   0x0800bd64   0x00000060   Code   RO         2636    i.vTaskSwitchContext  tasks.o
    0x0800bdc4   0x0800bdc4   0x00000040   Code   RO          967    i.verify_CRC16_check_sum  crc.o
    0x0800be04   0x0800be04   0x0000002e   Code   RO          968    i.verify_CRC8_check_sum  crc.o
    0x0800be32   0x0800be32   0x00000002   PAD
    0x0800be34   0x0800be34   0x000000f4   Code   RO         3428    i.xPortStartScheduler  port.o
    0x0800bf28   0x0800bf28   0x00000064   Code   RO         2640    i.xTaskCreate       tasks.o
    0x0800bf8c   0x0800bf8c   0x0000005c   Code   RO         2641    i.xTaskCreateStatic  tasks.o
    0x0800bfe8   0x0800bfe8   0x0000000c   Code   RO         2647    i.xTaskGetTickCount  tasks.o
    0x0800bff4   0x0800bff4   0x00000010   Code   RO         2648    i.xTaskGetTickCountFromISR  tasks.o
    0x0800c004   0x0800c004   0x000000d0   Code   RO         2649    i.xTaskIncrementTick  tasks.o
    0x0800c0d4   0x0800c0d4   0x000000cc   Code   RO         2655    i.xTaskResumeAll    tasks.o
    0x0800c1a0   0x0800c1a0   0x0000000a   Code   RO         8882    x$fpl$fpinit        g_wm.l(fpinit.o)
    0x0800c1aa   0x0800c1aa   0x00000002   PAD
    0x0800c1ac   0x0800c1ac   0x00000020   Code   RO         8712    x$fpl$ieeestatus    g_wm.l(istatus.o)
    0x0800c1cc   0x0800c1cc   0x00000000   Code   RO         8726    x$fpl$usenofp       g_wm.l(usenofp.o)
    0x0800c1cc   0x0800c1cc   0x00000300   Data   RO          970    .constdata          crc.o
    0x0800c4cc   0x0800c4cc   0x00000070   Data   RO         1627    .constdata          freertos.o
    0x0800c53c   0x0800c53c   0x00000010   Data   RO         2087    .constdata          system_stm32f4xx.o
    0x0800c54c   0x0800c54c   0x00000008   Data   RO         2088    .constdata          system_stm32f4xx.o
    0x0800c554   0x0800c554   0x00000008   Data   RO         4614    .constdata          stm32f4xx_hal_dma.o
    0x0800c55c   0x0800c55c   0x00000804   Data   RO         8257    .constdata          arm_cortexM4lf_math.lib(arm_common_tables.o)
    0x0800cd60   0x0800cd60   0x00000140   Data   RO         8481    .constdata          m_wm.l(powf.o)
    0x0800cea0   0x0800cea0   0x00000040   Data   RO         1628    .conststring        freertos.o
    0x0800cee0   0x0800cee0   0x00000020   Data   RO         9017    Region$$Table       anon$$obj.o


    Execution Region RW_IRAM1 (Exec base: 0x20000000, Load base: 0x0800cf00, Size: 0x0000d628, Max: 0x0001c000, ABSOLUTE, COMPRESSED[0x000002a0])

    Exec Addr    Load Addr    Size         Type   Attr      Idx    E Section Name        Object

    0x20000000   COMPRESSED   0x00000010   Data   RW          162    .data               can_task.o
    0x20000010   COMPRESSED   0x000003c8   Data   RW          394    .data               control_task.o
    0x200003d8   COMPRESSED   0x00000144   Data   RW          509    .data               ins_task.o
    0x2000051c   COMPRESSED   0x00000090   Data   RW          568    .data               bsp_can.o
    0x200005ac   COMPRESSED   0x00000024   Data   RW          569    .data               bsp_can.o
    0x200005d0   COMPRESSED   0x00000024   Data   RW          570    .data               bsp_can.o
    0x200005f4   COMPRESSED   0x0000000c   Data   RW          572    .data               bsp_can.o
    0x20000600   COMPRESSED   0x00000002   Data   RW          971    .data               crc.o
    0x20000602   COMPRESSED   0x00000002   PAD
    0x20000604   COMPRESSED   0x0000002c   Data   RW         1203    .data               bmi088.o
    0x20000630   COMPRESSED   0x00000030   Data   RW         1255    .data               minipc.o
    0x20000660   COMPRESSED   0x00000058   Data   RW         1328    .data               motor.o
    0x200006b8   COMPRESSED   0x000000e0   Data   RW         1330    .data               motor.o
    0x20000798   COMPRESSED   0x00000060   Data   RW         1331    .data               motor.o
    0x200007f8   COMPRESSED   0x0000001c   Data   RW         1448    .data               remote_control.o
    0x20000814   COMPRESSED   0x00000010   Data   RW         1629    .data               freertos.o
    0x20000824   COMPRESSED   0x00000004   Data   RW         1685    .data               can.o
    0x20000828   COMPRESSED   0x00000004   Data   RW         2089    .data               system_stm32f4xx.o
    0x2000082c   COMPRESSED   0x0000003c   Data   RW         2658    .data               tasks.o
    0x20000868   COMPRESSED   0x00000020   Data   RW         3361    .data               heap_4.o
    0x20000888   COMPRESSED   0x0000000c   Data   RW         3429    .data               port.o
    0x20000894   COMPRESSED   0x0000000c   Data   RW         5041    .data               stm32f4xx_hal.o
    0x200008a0   COMPRESSED   0x0000001c   Data   RW         7220    .data               usbd_desc.o
    0x200008bc   COMPRESSED   0x00000032   Data   RW         7221    .data               usbd_desc.o
    0x200008ee   COMPRESSED   0x00000002   PAD
    0x200008f0   COMPRESSED   0x00000014   Data   RW         7295    .data               usbd_cdc_if.o
    0x20000904   COMPRESSED   0x00000001   Data   RW         7729    .data               usbd_ctlreq.o
    0x20000905   COMPRESSED   0x00000003   PAD
    0x20000908   COMPRESSED   0x00000053   Data   RW         7892    .data               usbd_cdc.o
    0x2000095b   COMPRESSED   0x00000001   PAD
    0x2000095c   COMPRESSED   0x00000038   Data   RW         7893    .data               usbd_cdc.o
    0x20000994        -       0x0000035c   Zero   RW          392    .bss                control_task.o
    0x20000cf0        -       0x0000029c   Zero   RW          508    .bss                ins_task.o
    0x20000f8c        -       0x0000001c   Zero   RW          567    .bss                bsp_can.o
    0x20000fa8        -       0x0000003c   Zero   RW         1202    .bss                bmi088.o
    0x20000fe4        -       0x00000028   Zero   RW         1327    .bss                motor.o
    0x2000100c        -       0x000000c8   Zero   RW         1404    .bss                referee_info.o
    0x200010d4        -       0x00000035   Zero   RW         1405    .bss                referee_info.o
    0x20001109        -       0x00000048   Zero   RW         1446    .bss                remote_control.o
    0x20001151   COMPRESSED   0x00000003   PAD
    0x20001154        -       0x00000454   Zero   RW         1626    .bss                freertos.o
    0x200015a8        -       0x00000050   Zero   RW         1684    .bss                can.o
    0x200015f8        -       0x00000058   Zero   RW         1756    .bss                spi.o
    0x20001650        -       0x00000090   Zero   RW         1800    .bss                tim.o
    0x200016e0        -       0x000001a8   Zero   RW         1853    .bss                usart.o
    0x20001888        -       0x00000048   Zero   RW         2042    .bss                stm32f4xx_hal_timebase_tim.o
    0x200018d0        -       0x000000f0   Zero   RW         2657    .bss                tasks.o
    0x200019c0        -       0x00006000   Zero   RW         3360    .bss                heap_4.o
    0x200079c0        -       0x000002dc   Zero   RW         7180    .bss                usb_device.o
    0x20007c9c        -       0x00000200   Zero   RW         7219    .bss                usbd_desc.o
    0x20007e9c        -       0x00001000   Zero   RW         7294    .bss                usbd_cdc_if.o
    0x20008e9c        -       0x0000072c   Zero   RW         7376    .bss                usbd_conf.o
    0x200095c8        -       0x00000060   Zero   RW         8817    .bss                c_w.l(libspace.o)
    0x20009628        -       0x00002000   Zero   RW         2076    HEAP                startup_stm32f407xx.o
    0x2000b628        -       0x00002000   Zero   RW         2075    STACK               startup_stm32f407xx.o


    Execution Region RW_IRAM2 (Exec base: 0x2001c000, Load base: 0x0800d1a0, Size: 0x00000000, Max: 0x00004000, ABSOLUTE)

    **** No section assigned to this execution region ****


==============================================================================

Image component sizes


      Code (inc. data)   RO Data    RW Data    ZI Data      Debug   Object Name

      2726         84          0          0          0      28572   api_quaternion.o
         0          0          0          0          0      13404   api_trajectory.o
      1020         34          0         44         60       9153   bmi088.o
       392         48          0        228         28       4896   bsp_can.o
        64         24          0          0          0       1886   bsp_gpio.o
        26          0          0          0          0       6319   bsp_mcu.o
        36          4          0          0          0        589   bsp_spi.o
        70          0          0          0          0       1654   bsp_tick.o
        68         10          0          0          0       1880   bsp_tim.o
       476         42          0          0          0       3646   bsp_uart.o
       400         46          0          4         80       2594   can.o
       832         88          0         16          0     747501   can_task.o
       182          0          0          0          0      30196   cmsis_os.o
      4200        256          0        968        860      13181   control_task.o
       186         12        768          2          0       3941   crc.o
         6          0          0          0          0        538   detect_task.o
        92          4          0          0          0        854   dma.o
         0          0          0          0          0      15208   event_groups.o
       128         14        176         16       1108       2367   freertos.o
       228         16          0          0          0       1103   gpio.o
       480         26          0         32      24576       7659   heap_4.o
       564         72          0        324        668       6561   ins_task.o
      1712          0          0          0          0       5764   kalman.o
       138          0          0          0          0       3670   list.o
       244         12          0          0          0       4947   lpf.o
       228         10          0          0          0       2840   main.o
        48          4          0         48          0       4206   minipc.o
       540         54          0        408         40       6788   motor.o
       594         18          0          0          0       8426   pid.o
       786         84          0         12          0      12133   port.o
        62          0          0          0          0        826   ramp.o
       540          6          0          0        253      10122   referee_info.o
       200          0          0         28         72       5251   remote_control.o
       216         26          0          0         88       1813   spi.o
        64         26        392          0      16384        828   startup_stm32f407xx.o
       116         18          0         12          0       8826   stm32f4xx_hal.o
      1770          6          0          0          0      14963   stm32f4xx_hal_can.o
       158         14          0          0          0      33326   stm32f4xx_hal_cortex.o
      1018         14          8          0          0       5931   stm32f4xx_hal_dma.o
       504         50          0          0          0       3580   stm32f4xx_hal_gpio.o
        56          4          0          0          0        886   stm32f4xx_hal_msp.o
      2624         14          0          0          0      14576   stm32f4xx_hal_pcd.o
        76          0          0          0          0       2565   stm32f4xx_hal_pcd_ex.o
      1578         96          0          0          0       8800   stm32f4xx_hal_rcc.o
       954         14          0          0          0       4817   stm32f4xx_hal_spi.o
      2084        140          0          0          0      17292   stm32f4xx_hal_tim.o
       148         30          0          0          0       2589   stm32f4xx_hal_tim_ex.o
       152         18          0          0         72       1599   stm32f4xx_hal_timebase_tim.o
      1346         16          0          0          0       9219   stm32f4xx_hal_uart.o
       130         54          0          0          0       7762   stm32f4xx_it.o
      2970        138          0          0          0      25015   stm32f4xx_ll_usb.o
        16          4         24          4          0       1175   system_stm32f4xx.o
      1828        140          0         60        240      23610   tasks.o
       464         54          0          0        144       3243   tim.o
       548         60          0          0        424       2844   usart.o
       128         22          0          0        732        900   usb_device.o
      1344         34          0        139          0      14087   usbd_cdc.o
        84         16          0         20       4096       3574   usbd_cdc_if.o
       658         22          0          0       1836      17344   usbd_conf.o
      1028          0          0          0          0      16733   usbd_core.o
      1902         30          0          1          0      18368   usbd_ctlreq.o
       358        112          0         78        512       7085   usbd_desc.o
       132          0          0          0          0       4632   usbd_ioreq.o

    ----------------------------------------------------------------------
     41792       2140       1400       2452      52276    1246657   Object Totals
         0          0         32          0          0          0   (incl. Generated)
        70          0          0          8          3          0   (incl. Padding)

    ----------------------------------------------------------------------

      Code (inc. data)   RO Data    RW Data    ZI Data      Debug   Library Member Name

         0          0       2052          0          0       4704   arm_common_tables.o
       120         12          0          0          0      17170   arm_cos_f32.o
       264          0          0          0          0       1826   arm_mat_add_f32.o
         8          0          0          0          0        999   arm_mat_init_f32.o
      1328          4          0          0          0       4782   arm_mat_inverse_f32.o
       316          4          0          0          0       2375   arm_mat_mult_f32.o
       264          0          0          0          0       1826   arm_mat_sub_f32.o
       276          0          0          0          0       2240   arm_mat_trans_f32.o
       148         18          0          0          0        814   arm_sin_f32.o
        90          0          0          0          0          0   __dczerorl2.o
         8          0          0          0          0         68   __main.o
         0          0          0          0          0          0   __rtentry.o
        12          0          0          0          0          0   __rtentry2.o
         6          0          0          0          0          0   __rtentry4.o
        52          8          0          0          0          0   __scatter.o
        28          0          0          0          0          0   __scatter_zi.o
        22          0          0          0          0        100   _rserrno.o
        16          0          0          0          0         68   aeabi_memset.o
        10          0          0          0          0         68   defsig_exit.o
        50          0          0          0          0         88   defsig_general.o
        80         58          0          0          0         76   defsig_rtmem_inner.o
        14          0          0          0          0         80   defsig_rtmem_outer.o
        18          0          0          0          0         80   exit.o
        94          0          0          0          0         80   h1_alloc.o
        52          0          0          0          0         68   h1_extend.o
        78          0          0          0          0         80   h1_free.o
        14          0          0          0          0         84   h1_init.o
         6          0          0          0          0        152   heapauxi.o
         4          0          0          0          0        136   hguard.o
         0          0          0          0          0          0   indicate_semi.o
       138          0          0          0          0        168   init_alloc.o
         2          0          0          0          0          0   libinit.o
        14          0          0          0          0          0   libinit2.o
         2          0          0          0          0          0   libshutdown.o
         2          0          0          0          0          0   libshutdown2.o
         8          4          0          0         96         68   libspace.o
       238          0          0          0          0        100   lludivv7m.o
         0          0          0          0          0          0   maybetermalloc1.o
         8          4          0          0          0         68   rt_errno_addr_intlibspace.o
         8          4          0          0          0         68   rt_heap_descriptor_intlibspace.o
        68          0          0          0          0         68   rt_memclr.o
        78          0          0          0          0         80   rt_memclr_w.o
       138          0          0          0          0         68   rt_memcpy_v6.o
       100          0          0          0          0         80   rt_memcpy_w.o
         2          0          0          0          0          0   rtexit.o
        10          0          0          0          0          0   rtexit2.o
        12          4          0          0          0         68   sys_exit.o
        74          0          0          0          0         80   sys_stackheap_outer.o
        14          0          0          0          0         76   sys_wrch.o
         2          0          0          0          0         68   use_no_semi.o
        10          0          0          0          0        116   fpinit.o
        32          4          0          0          0        116   istatus.o
         0          0          0          0          0          0   usenofp.o
       280         46          0          0          0        176   acosf.o
       300         42          0          0          0        176   asinf.o
       684         90          0          0          0        208   atan2f.o
        38          0          0          0          0        116   fpclassifyf.o
        80         24          0          0          0        696   funder.o
      1636        110        320          0          0        372   powf.o
        62          0          0          0          0        136   sqrtf_full.o

    ----------------------------------------------------------------------
      7428        436       2372          0         96      41136   Library Totals
        10          0          0          0          0          0   (incl. Padding)

    ----------------------------------------------------------------------

      Code (inc. data)   RO Data    RW Data    ZI Data      Debug   Library Name

      2724         38       2052          0          0      36736   arm_cortexM4lf_math.lib
      1572         82          0          0         96       2288   c_w.l
        42          4          0          0          0        232   g_wm.l
      3080        312        320          0          0       1880   m_wm.l

    ----------------------------------------------------------------------
      7428        436       2372          0         96      41136   Library Totals

    ----------------------------------------------------------------------

==============================================================================


      Code (inc. data)   RO Data    RW Data    ZI Data      Debug   

     49220       2576       3772       2452      52372    1245645   Grand Totals
     49220       2576       3772        672      52372    1245645   ELF Image Totals (compressed)
     49220       2576       3772        672          0          0   ROM Totals

==============================================================================

    Total RO  Size (Code + RO Data)                52992 (  51.75kB)
    Total RW  Size (RW Data + ZI Data)             54824 (  53.54kB)
    Total ROM Size (Code + RO Data + RW Data)      53664 (  52.41kB)

==============================================================================

